06-21 14:24:19.556  2286  2896 E SmartDualCardSM: isSignalStrengthPoorScreenOn 2/3G or UNKNOWN true slotId:0
06-21 14:24:19.556  2286  2896 E SmartDualCardSM: isSignalStrengthPoorScreenOn 2/3G or UNKNOWN true slotId:0
06-21 14:24:19.556  2286  2896 I SmartDualCardSM: isSlaveCardNetworkBad return true,mIsSignalStengthPoors =true,mNetworkType=-1,mDownlinkSpeedLimits=1048576,mDataRoaming=false
06-21 14:24:19.606   837   837 I aptouch_daemon: filter_touch_detect, down, in: 1, out: 1
06-21 14:24:19.669 32539 32539 W HiTouch_PressGestureDetector: Touch pointer move a lot. The moving distance of X is:17.583374, limit is:51The moving distance of Y is:94.19104, limit is:51
06-21 14:24:19.704  2541  2541 D Mapcon  : TelephonyTracker: [onSignalStrengthsChanged]phoneId=0, level=5
06-21 14:24:19.705  2541  4318 D Mapcon  : VoiceManager-0-PrepareState: [a]MsgIdEnum=MAPCON_MESSAGE_TM_CMD_SIGNAL_STRENGTH_CHANED_IND
06-21 14:24:19.706  2541  4318 D Mapcon  : VoiceManager-0-PrepareState: [a]MsgIdEnum=MAPCON_MESSAGE_TM_CMD_SIGNAL_STRENGTH_CHANED_IND
06-21 14:24:19.706  2541  4318 D Mapcon  : VoiceManager-0-DefaultState: [a]MsgIdEnum=MAPCON_MESSAGE_TM_CMD_SIGNAL_STRENGTH_CHANED_IND
06-21 14:24:19.706  2541  4318 D Mapcon  : VoiceManager-0-DefaultState: [a]MsgIdEnum=MAPCON_MESSAGE_TM_CMD_SIGNAL_STRENGTH_CHANED_IND
06-21 14:24:19.706  2286  2896 I PreDnsQuery: No need to handled!
06-21 14:24:19.707   649 26280 I OemNetd : setNetBoosterRsrpRsrq(-102, -81)
06-21 14:24:19.726   837   837 I aptouch_daemon: filter_touch_detect, all_touch_up
06-21 14:24:19.967   837   837 I aptouch_daemon: filter_touch_detect, down, in: 1, out: 1
06-21 14:24:20.069 32539 32539 W HiTouch_PressGestureDetector: Touch pointer move a lot. The moving distance of X is:12.380554, limit is:51The moving distance of Y is:52.80652, limit is:51
06-21 14:24:20.132   837   837 I aptouch_daemon: filter_touch_detect, all_touch_up
06-21 14:24:20.579  2286  2896 D NpdcpAliveManager: ro.odm.npdcp_alive_cfg_enable is false
06-21 14:24:20.579  2286  2896 E SmartDualCardSM: isSignalStrengthPoorScreenOn 2/3G or UNKNOWN true slotId:0
06-21 14:24:20.580  2286  2896 E SmartDualCardSM: isSignalStrengthPoorScreenOn 2/3G or UNKNOWN true slotId:0
06-21 14:24:20.580  2286  2896 I SmartDualCardSM: isSlaveCardNetworkBad return true,mIsSignalStengthPoors =true,mNetworkType=-1,mDownlinkSpeedLimits=1048576,mDataRoaming=false
06-21 14:24:20.660  1624  2646 I chatty  : uid=1000(system) Binder:1624_C expire 14 lines
06-21 14:24:20.687  2541  2541 D Mapcon  : TelephonyTracker: [onSignalStrengthsChanged]phoneId=1, level=5
06-21 14:24:20.687  2541  4340 D Mapcon  : VoiceManager-5-PrepareState: [a]MsgIdEnum=MAPCON_MESSAGE_TM_CMD_SIGNAL_STRENGTH_CHANED_IND
06-21 14:24:20.687  2541  4340 I chatty  : uid=1001(radio) VoiceManager-5 identical 2 lines
06-21 14:24:20.687  2541  4340 D Mapcon  : VoiceManager-5-PrepareState: [a]MsgIdEnum=MAPCON_MESSAGE_TM_CMD_SIGNAL_STRENGTH_CHANED_IND
06-21 14:24:20.687  2541  4340 D Mapcon  : VoiceManager-5-DefaultState: [a]MsgIdEnum=MAPCON_MESSAGE_TM_CMD_SIGNAL_STRENGTH_CHANED_IND
06-21 14:24:20.688    53    53 W migration/7: type=1400 audit(0.0:4113634): avc: granted { setsched } for pid=53 scontext=u:r:kernel:s0 tcontext=u:r:kernel:s0 tclass=process
06-21 14:24:20.688    47    47 W migration/6: type=1400 audit(0.0:4113635): avc: granted { setsched } for pid=47 scontext=u:r:kernel:s0 tcontext=u:r:kernel:s0 tclass=process
06-21 14:24:20.687  2541  4340 D Mapcon  : VoiceManager-5-DefaultState: [a]MsgIdEnum=MAPCON_MESSAGE_TM_CMD_SIGNAL_STRENGTH_CHANED_IND
06-21 14:24:20.693  2286  2896 I PreDnsQuery: setPreDnsCurrentProp is: false
06-21 14:24:20.950 29247 32715 D LogUtil_LogConfig: getLogFile(): logFilePath = /data/user/0/com.huawei.health/files/com.huawei.health/com.huawei.health_DaemonService/
06-21 14:24:20.951 29247 32715 D LogUtil_LogConfig: acquireMaxLogFileLengthContainsOffset describe: com.huawei.health:DaemonService result:5242880
06-21 14:24:21.035 32539 32539 W HiTouch_PressGestureDetector: Touch pointer move a lot. The moving distance of X is:2.9972534, limit is:51The moving distance of Y is:93.22693, limit is:51
06-21 14:24:21.238  2280  2513 D NetworkController.MobileSignalController(1_1): mSimSubId:1 onDataActivity: direction=3
06-21 14:24:21.238  2280  2513 I MobileSignalController: copyFrom::dataConnected = true
06-21 14:24:21.238  2280  2513 I MobileSignalController: copyFrom::dataConnected = true
06-21 14:24:21.468 32539 32539 W HiTouch_PressGestureDetector: Touch pointer move a lot. The moving distance of X is:7.5944214, limit is:51The moving distance of Y is:93.03711, limit is:51
06-21 14:24:21.599  2286  2896 D NpdcpAliveManager: ro.odm.npdcp_alive_cfg_enable is false
06-21 14:24:21.599  2286  2896 E SmartDualCardSM: isSignalStrengthPoorScreenOn 2/3G or UNKNOWN true slotId:0
06-21 14:24:21.599  2286  2896 E SmartDualCardSM: isSignalStrengthPoorScreenOn 2/3G or UNKNOWN true slotId:0
06-21 14:24:21.599  2286  2896 I SmartDualCardSM: isSlaveCardNetworkBad return true,mIsSignalStengthPoors =true,mNetworkType=-1,mDownlinkSpeedLimits=1048576,mDataRoaming=false
06-21 14:24:21.802 32539 32539 W HiTouch_PressGestureDetector: Touch pointer move a lot. The moving distance of X is:13.651978, limit is:51The moving distance of Y is:80.28833, limit is:51
06-21 14:24:21.876  2286  2896 I SmartDualCardSM: updateDsdsState in dsds1
06-21 14:24:21.876  2286  2896 I SmartDualCardSM: updateDsdsState in dsds1
06-21 14:24:21.876  2286  2896 I SmartDualCardSM: IdleState:got msg.what=EVENT_DSDS_STATE_3
06-21 14:24:21.879  2286  2896 I DollieChr: sendSmartDualCardChrIntent ret=true,subMsg=12,randomInt=1,Bundle=Bundle[{subMsg=12, dsdsState=1}]
06-21 14:24:21.880  2286  2896 W ContextImpl: Calling a method in the system process without a qualified user: android.app.ContextImpl.sendBroadcast:1183 android.content.ContextWrapper.sendBroadcast:453 com.huawei.systemserver.booster.ollie.common.util.DollieChr.sendSmartDualCardChrIntent:1639 com.huawei.systemserver.booster.ollie.common.util.DollieChr.access$400:49 com.huawei.systemserver.booster.ollie.common.util.DollieChr$MyHandler.handleMessageEx1:710 
06-21 14:24:21.883  2286  2896 I SmartDualCardSM: IdleState:got msg.what=EVENT_DSDS_STATE_3
06-21 14:24:21.884  2491  2491 E CHR_ChrSmartDualCard: reportSmartDualCardChrEvent, subMsg is:12
06-21 14:24:21.884  2286  2896 I DollieChr: sendSmartDualCardChrIntent ret=true,subMsg=12,randomInt=1,Bundle=Bundle[{subMsg=12, dsdsState=1}]
06-21 14:24:21.884  2286  2896 W ContextImpl: Calling a method in the system process without a qualified user: android.app.ContextImpl.sendBroadcast:1183 android.content.ContextWrapper.sendBroadcast:453 com.huawei.systemserver.booster.ollie.common.util.DollieChr.sendSmartDualCardChrIntent:1639 com.huawei.systemserver.booster.ollie.common.util.DollieChr.access$400:49 com.huawei.systemserver.booster.ollie.common.util.DollieChr$MyHandler.handleMessageEx1:710 
06-21 14:24:21.886  2286  2896 I BoosterTelephonyCollector: handleDsdsStateChanged:dsds state= 1
06-21 14:24:21.887  2541  2541 D Mapcon  : TelephonyTracker: [onSignalStrengthsChanged]phoneId=0, level=4
06-21 14:24:21.888  2541  4318 D Mapcon  : VoiceManager-0-PrepareState: [a]MsgIdEnum=MAPCON_MESSAGE_TM_CMD_SIGNAL_STRENGTH_CHANED_IND
06-21 14:24:21.888  2541  4318 D Mapcon  : VoiceManager-0-PrepareState: [a]MsgIdEnum=MAPCON_MESSAGE_TM_CMD_SIGNAL_STRENGTH_CHANED_IND
06-21 14:24:21.888  2541  4318 D Mapcon  : VoiceManager-0-DefaultState: [a]MsgIdEnum=MAPCON_MESSAGE_TM_CMD_SIGNAL_STRENGTH_CHANED_IND
06-21 14:24:21.888  2541  4318 D Mapcon  : VoiceManager-0-DefaultState: [a]MsgIdEnum=MAPCON_MESSAGE_TM_CMD_SIGNAL_STRENGTH_CHANED_IND
06-21 14:24:21.888  2286  2896 I PreDnsQuery: No need to handled!
06-21 14:24:21.889  2286  2896 I PreDnsQuery: No need to handled!
06-21 14:24:21.887  2491  2491 E CHR_ChrSmartDualCard: reportSmartDualCardChrEvent, subMsg is:12
06-21 14:24:21.918  2286  2286 I BoosterTelephonyCollector: getDataNetworkTypeEx no service
06-21 14:24:21.920  2280  2280 I MobileSignalController: copyFrom::dataConnected = false
06-21 14:24:21.920  2280  2280 I MobileSignalController: copyFrom::dataConnected = false
06-21 14:24:21.924  2491  2491 W CHR_ChrCommonInfo: onServiceStateChanged, operatorNumeric: null
06-21 14:24:21.925  2491  5214 E CHR_ChrNetwork: nsaNotToNrProc enter
06-21 14:24:21.930  2280  2280 I MobileSignalController: copyFrom::dataConnected = false
06-21 14:24:21.930  2280  2280 I MobileSignalController: copyFrom::dataConnected = false
06-21 14:24:21.932  2286  2896 I PreDnsQuery: No need to handled!
06-21 14:24:21.958  2541  2541 W Settings: Setting airplane_mode_on has moved from android.provider.Settings.System to android.provider.Settings.Global, returning read-only value.
06-21 14:24:21.959  2541  2541 D Mapcon  : EpdgManager: [A]need not wait wifi init
06-21 14:24:21.959  2541  4318 D Mapcon  : VoiceManager-0-PrepareState: [a]MsgIdEnum=MPACON_MESSAGE_TM_CMD_SERVICESTATE_CHANGE_IND
06-21 14:24:21.959  2541  4302 D Mapcon  : EpdgFinding-0: [handleMessage]MSG_START_FIND
06-21 14:24:21.959  2541  4318 D Mapcon  : EpdgManager: [isServiceConnected]result= true
06-21 14:24:21.959  2541  4302 D Mapcon  : WifiLinkTracker: [isWifiConnected]connect=false
06-21 14:24:21.959  2541  4302 E Mapcon  : EpdgFinding-0: [Hd]wifi not connect!!!!!!!!!!
06-21 14:24:21.959  2541  4318 D Mapcon  : VoiceManager-0-PrepareState: [yf]AirPlaneMode off
06-21 14:24:21.959  2541  4318 D Mapcon  : VoiceManager-0-PrepareState: [xf]vowifi switch return
06-21 14:24:21.959  2541  2541 D Mapcon  : TelephonyTracker: [onSignalStrengthsChanged]phoneId=0, level=4
06-21 14:24:21.960  2541  4318 D Mapcon  : VoiceManager-0-PrepareState: [yf]AirPlaneMode off
06-21 14:24:21.960  2541  4318 D Mapcon  : MapconUtils: [a]AirPlaneMode0, isRoaming false
06-21 14:24:21.961  2541  4318 E Mapcon  : MapconUtils: [a]serviceStateInfo: 1!!!!!!!!!!
06-21 14:24:21.961  2541  4318 E Mapcon  : MapconUtils: [Ib]isUse: false!!!!!!!!!!
06-21 14:24:21.961  2541  4318 D Mapcon  : EpdgManager: [isServiceConnected]result= true
06-21 14:24:21.961  2541  4318 D Mapcon  : VoiceManager-0-PrepareState: [a]MsgIdEnum=MAPCON_MESSAGE_TM_CMD_SIGNAL_STRENGTH_CHANED_IND
06-21 14:24:21.961  2541  4318 D Mapcon  : VoiceManager-0-PrepareState: [a]MsgIdEnum=MAPCON_MESSAGE_TM_CMD_SIGNAL_STRENGTH_CHANED_IND
06-21 14:24:21.961  2541  4318 D Mapcon  : VoiceManager-0-DefaultState: [a]MsgIdEnum=MAPCON_MESSAGE_TM_CMD_SIGNAL_STRENGTH_CHANED_IND
06-21 14:24:21.961  2541  4297 D Mapcon  : MapconChrImpl-0: [a]MsgIdEnum=MAPCON_MESSAGE_CHR_NOT_READY_FOR_START_UP
06-21 14:24:21.961  2541  4318 D Mapcon  : VoiceManager-0-DefaultState: [a]MsgIdEnum=MAPCON_MESSAGE_TM_CMD_SIGNAL_STRENGTH_CHANED_IND
06-21 14:24:21.963  2541  2541 V HwCustTpProviderHwImpl: isMatchFlag = false
06-21 14:24:22.160  2541  2541 I chatty  : uid=1001(radio) com.android.phone identical 38 lines
06-21 14:24:22.164  2541  2541 V HwCustTpProviderHwImpl: isMatchFlag = false
06-21 14:24:22.168  2280  2513 D NetworkController.MobileSignalController(0_2): mSimSubId:2 onDataActivity: direction=0
06-21 14:24:22.183  2541  2541 D Mapcon  : TelephonyTracker: [onSignalStrengthsChanged]phoneId=0, level=5
06-21 14:24:22.183  2541  4318 D Mapcon  : VoiceManager-0-PrepareState: [a]MsgIdEnum=MAPCON_MESSAGE_TM_CMD_SIGNAL_STRENGTH_CHANED_IND
06-21 14:24:22.183  2286  2896 I PreDnsQuery: No need to handled!
06-21 14:24:22.183  2541  4318 D Mapcon  : VoiceManager-0-PrepareState: [a]MsgIdEnum=MAPCON_MESSAGE_TM_CMD_SIGNAL_STRENGTH_CHANED_IND
06-21 14:24:22.184  2541  4318 D Mapcon  : VoiceManager-0-PrepareState: [a]MsgIdEnum=MAPCON_MESSAGE_TM_CMD_SIGNAL_STRENGTH_CHANED_IND
06-21 14:24:22.184  2541  4318 D Mapcon  : VoiceManager-0-DefaultState: [a]MsgIdEnum=MAPCON_MESSAGE_TM_CMD_SIGNAL_STRENGTH_CHANED_IND
06-21 14:24:22.184  2541  4318 D Mapcon  : VoiceManager-0-DefaultState: [a]MsgIdEnum=MAPCON_MESSAGE_TM_CMD_SIGNAL_STRENGTH_CHANED_IND
06-21 14:24:22.241  2280  2513 D NetworkController.MobileSignalController(1_1): mSimSubId:1 onDataActivity: direction=0
06-21 14:24:22.241  2280  2513 I MobileSignalController: copyFrom::dataConnected = true
06-21 14:24:22.241  2280  2513 I MobileSignalController: copyFrom::dataConnected = true
06-21 14:24:22.268 32539 32539 W HiTouch_PressGestureDetector: Touch pointer move a lot. The moving distance of X is:5.147339, limit is:51The moving distance of Y is:54.88916, limit is:51
06-21 14:24:22.624  2286  4904 I chatty  : uid=1000(system) com.huawei.systemserver expire 4 lines
06-21 14:24:22.624  2286  2896 D NpdcpAliveManager: ro.odm.npdcp_alive_cfg_enable is false
06-21 14:24:22.624  2286  2896 E SmartDualCardSM: isSignalStrengthPoorScreenOn 2/3G or UNKNOWN true slotId:0
06-21 14:24:22.624  2286  2896 E SmartDualCardSM: isSignalStrengthPoorScreenOn 2/3G or UNKNOWN true slotId:0
06-21 14:24:22.624  2286  2896 I SmartDualCardSM: isSlaveCardNetworkBad return true,mIsSignalStengthPoors =true,mNetworkType=-1,mDownlinkSpeedLimits=1048576,mDataRoaming=false
06-21 14:24:22.625  2286  4903 I chatty  : uid=1000(system) com.huawei.systemserver expire 4 lines
06-21 14:24:22.625  2286  4905 I chatty  : uid=1000(system) com.huawei.systemserver expire 1 line
06-21 14:24:22.626  2286  4908 I chatty  : uid=1000(system) com.huawei.systemserver expire 1 line
06-21 14:24:23.151 32539 32539 W HiTouch_PressGestureDetector: Touch pointer move a lot. The moving distance of X is:0.0, limit is:51The moving distance of Y is:82.56287, limit is:51
06-21 14:24:23.245  2280  2513 D NetworkController.MobileSignalController(1_1): mSimSubId:1 onDataActivity: direction=3
06-21 14:24:23.246  2280  2513 I MobileSignalController: copyFrom::dataConnected = true
06-21 14:24:23.246  2280  2513 I MobileSignalController: copyFrom::dataConnected = true
06-21 14:24:23.634 32539 32539 W HiTouch_PressGestureDetector: Touch pointer move a lot. The moving distance of X is:4.2339478, limit is:51The moving distance of Y is:76.3457, limit is:51
06-21 14:24:23.647  2286  2896 D NpdcpAliveManager: ro.odm.npdcp_alive_cfg_enable is false
06-21 14:24:23.648  2286  2896 E SmartDualCardSM: isSignalStrengthPoorScreenOn 2/3G or UNKNOWN true slotId:0
06-21 14:24:23.648  2286  2896 E SmartDualCardSM: isSignalStrengthPoorScreenOn 2/3G or UNKNOWN true slotId:0
06-21 14:24:23.648  2286  2896 I SmartDualCardSM: isSlaveCardNetworkBad return true,mIsSignalStengthPoors =true,mNetworkType=-1,mDownlinkSpeedLimits=1048576,mDataRoaming=false
06-21 14:24:23.950  2491  5214 D iMonitor: create: 904200064
06-21 14:24:23.951  2491  5214 D iMonitor: create: 904211160
06-21 14:24:23.951  2491  5214 D iMonitor: create: 904211161
06-21 14:24:23.951  2491  5214 D iMonitor: create: 904211163
06-21 14:24:23.952  2491  5214 I iMonitor: send: 904200064
06-21 14:24:24.000 32539 32539 W HiTouch_PressGestureDetector: Touch pointer move a lot. The moving distance of X is:10.1779785, limit is:51The moving distance of Y is:64.096436, limit is:51
06-21 14:24:24.350 32539 32539 W HiTouch_PressGestureDetector: Touch pointer move a lot. The moving distance of X is:17.684082, limit is:51The moving distance of Y is:88.16455, limit is:51
06-21 14:24:24.544   706   706 I chatty  : uid=1000(system) health@2.0-serv expire 10 lines
06-21 14:24:24.678  2286  2896 D NpdcpAliveManager: ro.odm.npdcp_alive_cfg_enable is false
06-21 14:24:24.679  2286  2896 E SmartDualCardSM: isSignalStrengthPoorScreenOn 2/3G or UNKNOWN true slotId:0
06-21 14:24:24.679  2286  2896 E SmartDualCardSM: isSignalStrengthPoorScreenOn 2/3G or UNKNOWN true slotId:0
06-21 14:24:24.680  2286  2896 I SmartDualCardSM: isSlaveCardNetworkBad return true,mIsSignalStengthPoors =true,mNetworkType=-1,mDownlinkSpeedLimits=1048576,mDataRoaming=false
06-21 14:24:24.817 32539 32539 W HiTouch_PressGestureDetector: Touch pointer move a lot. The moving distance of X is:12.765747, limit is:51The moving distance of Y is:63.637817, limit is:51
06-21 14:24:25.260  2280  2513 D NetworkController.MobileSignalController(1_1): mSimSubId:1 onDataActivity: direction=0
06-21 14:24:25.260  2280  2513 I MobileSignalController: copyFrom::dataConnected = true
06-21 14:24:25.260  2280  2513 I MobileSignalController: copyFrom::dataConnected = true
06-21 14:24:25.697  2286  2896 D NpdcpAliveManager: ro.odm.npdcp_alive_cfg_enable is false
06-21 14:24:25.698  2286  2896 E SmartDualCardSM: isSignalStrengthPoorScreenOn 2/3G or UNKNOWN true slotId:0
06-21 14:24:25.699  2286  2896 E SmartDualCardSM: isSignalStrengthPoorScreenOn 2/3G or UNKNOWN true slotId:0
06-21 14:24:25.699  2286  2896 I SmartDualCardSM: isSlaveCardNetworkBad return true,mIsSignalStengthPoors =true,mNetworkType=-1,mDownlinkSpeedLimits=1048576,mDataRoaming=false
06-21 14:24:26.283 32539 32539 W HiTouch_PressGestureDetector: Touch pointer move a lot. The moving distance of X is:3.1340332, limit is:51The moving distance of Y is:53.482788, limit is:51
06-21 14:24:26.476    53    53 I chatty  : uid=0(root) migration/7 expire 12 lines
06-21 14:24:26.684  2286  2286 I chatty  : uid=1000(system) com.huawei.systemserver expire 12 lines
06-21 14:24:26.685  2541  2541 D Mapcon  : TelephonyTracker: [onSignalStrengthsChanged]phoneId=1, level=5
06-21 14:24:26.686  2541  4340 D Mapcon  : VoiceManager-5-PrepareState: [a]MsgIdEnum=MAPCON_MESSAGE_TM_CMD_SIGNAL_STRENGTH_CHANED_IND
06-21 14:24:26.686  2541  4340 D Mapcon  : VoiceManager-5-PrepareState: [a]MsgIdEnum=MAPCON_MESSAGE_TM_CMD_SIGNAL_STRENGTH_CHANED_IND
06-21 14:24:26.686  2541  4340 D Mapcon  : VoiceManager-5-DefaultState: [a]MsgIdEnum=MAPCON_MESSAGE_TM_CMD_SIGNAL_STRENGTH_CHANED_IND
06-21 14:24:26.687  2541  4340 D Mapcon  : VoiceManager-5-DefaultState: [a]MsgIdEnum=MAPCON_MESSAGE_TM_CMD_SIGNAL_STRENGTH_CHANED_IND
06-21 14:24:26.721  2286  2896 D NpdcpAliveManager: ro.odm.npdcp_alive_cfg_enable is false
06-21 14:24:26.721  2286  2896 E SmartDualCardSM: isSignalStrengthPoorScreenOn 2/3G or UNKNOWN true slotId:0
06-21 14:24:26.722  2286  2896 E SmartDualCardSM: isSignalStrengthPoorScreenOn 2/3G or UNKNOWN true slotId:0
06-21 14:24:26.722  2286  2896 I SmartDualCardSM: isSlaveCardNetworkBad return true,mIsSignalStengthPoors =true,mNetworkType=-1,mDownlinkSpeedLimits=1048576,mDataRoaming=false
06-21 14:24:27.033 32539 32539 W HiTouch_PressGestureDetector: Touch pointer move a lot. The moving distance of X is:10.835632, limit is:51The moving distance of Y is:84.88269, limit is:51
06-21 14:24:27.432 32539 32539 W HiTouch_PressGestureDetector: Touch pointer move a lot. The moving distance of X is:6.4036255, limit is:51The moving distance of Y is:61.11316, limit is:51
06-21 14:24:27.743  2286  2896 D NpdcpAliveManager: ro.odm.npdcp_alive_cfg_enable is false
06-21 14:24:27.743  2286  2896 E SmartDualCardSM: isSignalStrengthPoorScreenOn 2/3G or UNKNOWN true slotId:0
06-21 14:24:27.743  2286  2896 E SmartDualCardSM: isSignalStrengthPoorScreenOn 2/3G or UNKNOWN true slotId:0
06-21 14:24:27.743  2286  2896 I SmartDualCardSM: isSlaveCardNetworkBad return true,mIsSignalStengthPoors =true,mNetworkType=-1,mDownlinkSpeedLimits=1048576,mDataRoaming=false
06-21 14:24:27.831 32539 32539 W HiTouch_PressGestureDetector: Touch pointer move a lot. The moving distance of X is:14.781494, limit is:51The moving distance of Y is:74.63611, limit is:51
06-21 14:24:28.192  1624  2113 I chatty  : uid=1000(system) InputReader expire 34 lines
06-21 14:24:28.192  1624  2112 I chatty  : uid=1000(system) InputDispatcher expire 115 lines
06-21 14:24:28.194  1624  1931 I chatty  : uid=1000(system) android.ui expire 41 lines
06-21 14:24:28.298 32539 32539 W HiTouch_PressGestureDetector: Touch pointer move a lot. The moving distance of X is:13.465149, limit is:51The moving distance of Y is:75.52673, limit is:51
06-21 14:24:28.748 32539 32539 W HiTouch_PressGestureDetector: Touch pointer move a lot. The moving distance of X is:9.166077, limit is:51The moving distance of Y is:59.84668, limit is:51
06-21 14:24:28.771  2286  2896 I chatty  : uid=1000(system) OllieAwareThrea expire 29 lines
06-21 14:24:28.771  2286  4939 I chatty  : uid=1000(system) com.huawei.systemserver expire 4 lines
06-21 14:24:28.771  2286  2896 D NpdcpAliveManager: ro.odm.npdcp_alive_cfg_enable is false
06-21 14:24:28.772  2286  2896 E SmartDualCardSM: isSignalStrengthPoorScreenOn 2/3G or UNKNOWN true slotId:0
06-21 14:24:28.772  2286  2896 E SmartDualCardSM: isSignalStrengthPoorScreenOn 2/3G or UNKNOWN true slotId:0
06-21 14:24:28.772  2286  2896 I SmartDualCardSM: isSlaveCardNetworkBad return true,mIsSignalStengthPoors =true,mNetworkType=-1,mDownlinkSpeedLimits=1048576,mDataRoaming=false
06-21 14:24:28.772  2286  3408 I chatty  : uid=1000(system) EmcomThread expire 13 lines
06-21 14:24:28.772  2286  4940 I chatty  : uid=1000(system) com.huawei.systemserver expire 1 line
06-21 14:24:28.772  2286  4938 I chatty  : uid=1000(system) com.huawei.systemserver expire 4 lines
06-21 14:24:28.773  2286  4946 I chatty  : uid=1000(system) com.huawei.systemserver expire 1 line
06-21 14:24:28.877  2286  8678 I chatty  : uid=1000(system) LteRecoveryEngi expire 10 lines
06-21 14:24:29.114 32539 32539 W HiTouch_PressGestureDetector: Touch pointer move a lot. The moving distance of X is:14.821045, limit is:51The moving distance of Y is:93.133545, limit is:51
06-21 14:24:29.243 32539 32539 I HwViewRootImpl: removeInvalidNode all the node in jank list is out of time
06-21 14:24:29.277  2280  2513 D NetworkController.MobileSignalController(1_1): mSimSubId:1 onDataActivity: direction=3
06-21 14:24:29.277  2280  2513 I MobileSignalController: copyFrom::dataConnected = true
06-21 14:24:29.277  2280  2513 I MobileSignalController: copyFrom::dataConnected = true
06-21 14:24:29.468 32539 32539 W beacon-thread-1: type=1400 audit(0.0:4113670): avc: denied { search } for pid=32539 name="block" dev="sysfs" ino=35612 scontext=u:r:untrusted_app_27:s0:c137,c256,c512,c768 tcontext=u:object_r:sysfs_block:s0 tclass=dir permissive=0
06-21 14:24:29.468 32539 32539 I chatty  : uid=10137(com.apkpure.aegon) identical 39 lines
06-21 14:24:29.480 32539  2859 I chatty  : uid=10137(com.apkpure.aegon) pool-15-thread- expire 8 lines
06-21 14:24:29.484 32539  2762 I chatty  : uid=10137(com.apkpure.aegon) pool-15-thread- expire 8 lines
06-21 14:24:29.794  2286  8645 I chatty  : uid=1000(system) JNITID-8645 expire 10 lines
06-21 14:24:29.796  2286  2896 D NpdcpAliveManager: ro.odm.npdcp_alive_cfg_enable is false
06-21 14:24:29.796  2286  2896 E SmartDualCardSM: isSignalStrengthPoorScreenOn 2/3G or UNKNOWN true slotId:0
06-21 14:24:29.796  2286  2896 E SmartDualCardSM: isSignalStrengthPoorScreenOn 2/3G or UNKNOWN true slotId:0
06-21 14:24:29.796  2286  2896 I SmartDualCardSM: isSlaveCardNetworkBad return true,mIsSignalStengthPoors =true,mNetworkType=-1,mDownlinkSpeedLimits=1048576,mDataRoaming=false
06-21 14:24:29.964  1624  1978 I chatty  : uid=1000(system) PowerManagerSer expire 8 lines
06-21 14:24:29.965 32539  2756 I chatty  : uid=10137(com.apkpure.aegon) pool-15-thread- expire 8 lines
06-21 14:24:30.176  5689 15281 I chatty  : uid=10111(com.huawei.hiai) Binder:5689_8 expire 13 lines
06-21 14:24:30.179  5689  4960 I chatty  : uid=10111 com.huawei.hiai.engineservice expire 5 lines
06-21 14:24:30.181  5689  4962 I chatty  : uid=10111 com.huawei.hiai.engineservice expire 6 lines
06-21 14:24:30.182  5689  4963 I chatty  : uid=10111 com.huawei.hiai.engineservice expire 6 lines
06-21 14:24:30.183  5689  4965 I chatty  : uid=10111 com.huawei.hiai.engineservice expire 6 lines
06-21 14:24:30.184  5689  4961 I chatty  : uid=10111 com.huawei.hiai.engineservice expire 2 lines
06-21 14:24:30.186  5689  4966 I chatty  : uid=10111 com.huawei.hiai.engineservice expire 2 lines
06-21 14:24:30.188  5689  4967 I chatty  : uid=10111 com.huawei.hiai.engineservice expire 2 lines
06-21 14:24:30.191  5689  4968 I chatty  : uid=10111 com.huawei.hiai.engineservice expire 2 lines
06-21 14:24:30.524  2420  7079 I chatty  : uid=1000(system) Timer-1 expire 1 line
06-21 14:24:30.797  1624  2108 I chatty  : uid=1000(system) GestureNavManag expire 11 lines
06-21 14:24:30.814  1624  2251 I chatty  : uid=1000(system) RenderThread expire 2 lines
06-21 14:24:30.816  2286  2896 D NpdcpAliveManager: ro.odm.npdcp_alive_cfg_enable is false
06-21 14:24:30.816  2286  2896 E SmartDualCardSM: isSignalStrengthPoorScreenOn 2/3G or UNKNOWN true slotId:0
06-21 14:24:30.817  2286  2896 E SmartDualCardSM: isSignalStrengthPoorScreenOn 2/3G or UNKNOWN true slotId:0
06-21 14:24:30.817  2286  2896 I SmartDualCardSM: isSlaveCardNetworkBad return true,mIsSignalStengthPoors =true,mNetworkType=-1,mDownlinkSpeedLimits=1048576,mDataRoaming=false
06-21 14:24:30.825  1624  2264 I chatty  : uid=1000(system) GLThread 245 expire 4 lines
06-21 14:24:30.830   750  1824 W BufferQueueProducer: [SurfaceView - GestureNavAnim#0]:1390: disconnect: not connected (req=1)
06-21 14:24:30.845  1624  1939 I chatty  : uid=1000(system) android.anim expire 15 lines
06-21 14:24:30.864  1624  1961 I chatty  : uid=1000(system) HwActivityTaskM expire 2 lines
06-21 14:24:30.865  1624  2167 I chatty  : uid=1000(system) Thread-6 expire 4 lines
06-21 14:24:30.865 32539 32539 D ActivityThread: Won't deliver top position change in state=5
06-21 14:24:30.865  1624 13762 I chatty  : uid=1000(system) Binder:1624_20 expire 27 lines
06-21 14:24:30.869  3192  4973 I HiAdKit.DC.PageSwitchEvent:  switch is off
06-21 14:24:30.871  3192  4973 I HiAdKit.DC.PaymentPageSwitchEvent:  switch is off
06-21 14:24:30.871  3192  4973 I HiAdKit.DC.LiteAppPageSwitchEvent:  switch is off
06-21 14:24:30.894 32539  2821 I chatty  : uid=10137(com.apkpure.aegon) BeaconReportHan expire 2 lines
06-21 14:24:30.897  2286  2896 E Booster_MatterAppRecommend: [isMatterPackage]invalid mMatterPackagesConfig
06-21 14:24:30.900  1624  1624 I chatty  : uid=1000 system_server expire 12 lines
06-21 14:24:30.901  2420 30094 I chatty  : uid=1000(system) Binder:2420_D expire 1 line
06-21 14:24:30.901  2420  6793 I chatty  : uid=1000(system) OdmfCtrlThread expire 11 lines
06-21 14:24:30.904  3192  4992 I HiAdKit.DC.PageSwitchEvent:  switch is off
06-21 14:24:30.905  3192  4992 I HiAdKit.DC.PaymentPageSwitchEvent:  switch is off
06-21 14:24:30.905  3192  4992 I HiAdKit.DC.LiteAppPageSwitchEvent:  switch is off
06-21 14:24:30.926  1624  6471 I chatty  : uid=1000(system) Binder:1624_1A expire 48 lines
06-21 14:24:30.926  2541  4585 W TelephonyPermissions: reportAccessDeniedToReadIdentifiers:com.apkpure.aegon:getUniqueDeviceId:isPreinstalled=false:isPrivApp=false
06-21 14:24:30.942  2280  7238 I HwCommandQueue: updateBarBgColor
06-21 14:24:30.942  2280  7238 D HwCommandQueue: CommandQueue, setBarBackgroundColor
06-21 14:24:30.943  2280  7238 D HwCommandQueue: CommandQueue, set Launcher StatusBar Color
06-21 14:24:30.943 32539  3494 I chatty  : uid=10137(com.apkpure.aegon) RenderThread expire 2 lines
06-21 14:24:30.963 19476 20298 I HwLauncher: LocalTaskList loadTasksInBackground:3 numTasks:3 currentUserId:0
06-21 14:24:30.998  2502  3784 I chatty  : uid=1000(system) fast_hibernatio expire 2 lines
06-21 14:24:31.005   750   949 W BufferQueueProducer: [SurfaceView - GestureNavAnim#0]:1390: disconnect: not connected (req=1)
06-21 14:24:31.012   750   951 W BufferQueueProducer: [GestureNavAnim#0]:1390: disconnect: not connected (req=1)
06-21 14:24:31.017  2280 11173 D HwCommandQueue: CommandQueue, set Launcher StatusBar Color
06-21 14:24:31.019  1624  1934 I chatty  : uid=1000(system) android.display expire 5 lines
06-21 14:24:31.020  1624  2108 I chatty  : uid=1000(system) GestureNavManag expire 2 lines
06-21 14:24:31.042  2678  4024 I hwschromium-4698: [INFO:tile_manager.cc(864)] tile memory limits exceeded, some content may not draw[hard_memory_limit]0[memory_required]131072[memory_usage]0
06-21 14:24:31.043  2678  4024 I hwschromium-4698: [INFO:tile_manager.cc(864)] tile memory limits exceeded, some content may not draw[hard_memory_limit]0[memory_required]131072[memory_usage]0
06-21 14:24:31.067  2678  4024 I hwschromium-4698: [INFO:tile_manager.cc(864)] tile memory limits exceeded, some content may not draw[hard_memory_limit]0[memory_required]1114112[memory_usage]0
06-21 14:24:31.067  2678  4024 I hwschromium-4698: [INFO:tile_manager.cc(864)] tile memory limits exceeded, some content may not draw[hard_memory_limit]0[memory_required]1114112[memory_usage]0
06-21 14:24:31.068  1624  6471 I chatty  : uid=1000(system) Binder:1624_1A expire 7 lines
06-21 14:24:31.072  2678  4024 I chatty  : uid=99216(u0_i9216) Compositor identical 1 line
06-21 14:24:31.072  2678  4024 I hwschromium-4698: [INFO:tile_manager.cc(864)] tile memory limits exceeded, some content may not draw[hard_memory_limit]0[memory_required]1114112[memory_usage]0
06-21 14:24:31.079  1032  1032 I chatty  : uid=1000(system) sensors@1.2-ser expire 56 lines
06-21 14:24:31.090  1624  2646 I chatty  : uid=1000(system) Binder:1624_C expire 2 lines
06-21 14:24:31.094  2833  2833 E FullInputEventModel: onStartInput event aborted: ll.w: could not obtain extracted text (class ll.w)
06-21 14:24:31.106  1032  1065 I chatty  : uid=1000(system) HwBinder:1032_1 expire 23 lines
06-21 14:24:31.118  1032  1065 I Sensors@1.2-impl: SetTotalOpenCnt: sensor: 8 has been close, erase it's map
06-21 14:24:31.118  1032  1065 I Sensors@1.2-impl: EraseSensorConfig: sensor: 8
06-21 14:24:31.118  1032  1065 I Sensors@1.2-impl: EraseSensorConfig: erase the config of sensorId: 8
06-21 14:24:31.118  1624  2211 I chatty  : uid=1000(system) Binder:1624_5 expire 1 line
06-21 14:24:31.118  1032  1065 I Sensors@1.2-impl: SetTotalOpenCnt: erase the config of sensorId: 8
06-21 14:24:31.118  1032  1065 I SensorHub: Activate, handle: 8, enabled:0, err: 0
06-21 14:24:31.121  1032  1065 E Sensors@1.2-impl: Sensors::batch: sensorHandle: 8, samplingPeriodNs: 16666000, maxReportLatencyNs: 0
06-21 14:24:31.121  1032  1065 I Sensors@1.2-impl: IsConfigParamNeedUpdate: service: 1624, sensor: 8, first set config, create it
06-21 14:24:31.121  1032  1065 I Sensors@1.2-impl: SetReportConfig: the sensor not find, create it
06-21 14:24:31.121  1032  1065 I Sensors@1.2-impl: GetSensorConfig: sensor: 8, Can't get param
06-21 14:24:31.121  1032  1065 I Sensors@1.2-impl: GetSensorConfig: sensor: 8, Can't get param
06-21 14:24:31.121  1032  1065 I Sensors@1.2-impl: JudgeOptimizeConfig: sensor: 8, oldPeriod: 0, initPeroid: 16666000
06-21 14:24:31.121  1032  1065 I Sensors@1.2-impl: SetOptimizeConfig: sensor: 8 first setconfig, create it
06-21 14:24:31.121  1032  1065 I Sensors@1.2-impl: GetSampleFifoConfig: sensor: 8, period: 16666000, reportDelay: 0
06-21 14:24:31.121  1032  1065 I SensorHub: batch called handle:8 sampleNs:16666000 latencyNs:0
06-21 14:24:31.121  1032  1065 I SensorHub: in Batch, handle = 8, flags = 0, periodNs = 16666000, timeout = 0
06-21 14:24:31.122  1032  1065 I Sensors@1.2-impl: activate-8 enabled-1 fwkOals-1 camOals-0 fwkOcolor-0 camOcolor-1 fwkOtof-0 camOtof-0
06-21 14:24:31.122  1032  1065 I Sensors@1.2-impl: GetTotalOpenCnt: The sensor haven't open
06-21 14:24:31.122  1032  1065 I Sensors@1.2-impl: IsOpenNeedUpdate: service: 1624, sensor: 8, open: 1, openCnt: 0
06-21 14:24:31.122  1032  1065 I SensorHub: Activate, handle: 8, enabled:1, err: 0
06-21 14:24:31.122  1032  1065 I Sensors@1.2-impl: activate-8 enabled-0 fwkOals-1 camOals-0 fwkOcolor-0 camOcolor-1 fwkOtof-0 camOtof-0
06-21 14:24:31.122  1032  1065 I Sensors@1.2-impl: IsOpenNeedUpdate: service: 1624, sensor: 8, open: 0, openCnt: 1
06-21 14:24:31.122  1032  1065 I Sensors@1.2-impl: SetTotalOpenCnt: sensor: 8 has been close, erase it's map
06-21 14:24:31.122  1032  1065 I Sensors@1.2-impl: EraseSensorConfig: sensor: 8
06-21 14:24:31.122  1032  1065 I Sensors@1.2-impl: EraseSensorConfig: erase the config of sensorId: 8
06-21 14:24:31.122  1032  1065 I Sensors@1.2-impl: SetTotalOpenCnt: erase the config of sensorId: 8
06-21 14:24:31.123  1032  1065 I SensorHub: Activate, handle: 8, enabled:0, err: 0
06-21 14:24:31.231  1624  1939 I chatty  : uid=1000(system) android.anim expire 1 line
06-21 14:24:31.272   750  1824 W BufferQueueProducer: [com.apkpure.aegon/com.apkpure.aegon.main.activity.AppMoreActivity#0]:1390: disconnect: not connected (req=1)
06-21 14:24:31.281  1624  6471 I chatty  : uid=1000(system) Binder:1624_1A expire 1 line
06-21 14:24:31.282  1624  1978 I chatty  : uid=1000(system) PowerManagerSer expire 1 line
06-21 14:24:31.294 32539 32539 W System.err: 	at android.app.servertransaction.TransactionExecutor.execute(TransactionExecutor.java:105)
06-21 14:24:31.294 32539 32539 W System.err: 	at android.app.ActivityThread$H.handleMessage(ActivityThread.java:2613)
06-21 14:24:31.294 32539 32539 W System.err: 	at android.os.Handler.dispatchMessage(Handler.java:110)
06-21 14:24:31.294 32539 32539 W System.err: 	at android.os.Looper.loop(Looper.java:219)
06-21 14:24:31.294 32539 32539 W System.err: 	at android.app.ActivityThread.main(ActivityThread.java:8668)
06-21 14:24:31.294 32539 32539 W System.err: 	at java.lang.reflect.Method.invoke(Native Method)
06-21 14:24:31.294 32539 32539 W System.err: 	at com.android.internal.os.RuntimeInit$MethodAndArgsCaller.run(RuntimeInit.java:513)
06-21 14:24:31.294 32539 32539 W System.err: 	at com.android.internal.os.ZygoteInit.main(ZygoteInit.java:1109)
06-21 14:24:31.294 32539 32539 D ActivityThread: Remove activity client record, r= ActivityRecord{845737 token=android.os.BinderProxy@d1d91b9 {com.apkpure.aegon/com.apkpure.aegon.main.activity.AppMoreActivity}} token= android.os.BinderProxy@d1d91b9
06-21 14:24:31.295 32539 32539 I ViewRootImpl: dispatchDetachedFromWindow in doDie
06-21 14:24:31.295  1624 13762 I chatty  : uid=1000(system) Binder:1624_20 expire 11 lines
06-21 14:24:31.347 32539  2762 W System.err: com.google.android.gms.common.GooglePlayServicesNotAvailableException
06-21 14:24:31.347 32539  2762 W System.err: 	at com.google.android.gms.ads.identifier.AdvertisingIdClient.zzb(Unknown Source:137)
06-21 14:24:31.347 32539  2762 W System.err: 	at com.google.android.gms.ads.identifier.AdvertisingIdClient.getAdvertisingIdInfo(Unknown Source:16)
06-21 14:24:31.347 32539  2762 W System.err: 	at k3.f.b(SourceFile:7)
06-21 14:24:31.347 32539  2762 W System.err: 	at w7.a.run(SourceFile:195)
06-21 14:24:31.347 32539  2762 W System.err: 	at java.util.concurrent.ThreadPoolExecutor.runWorker(ThreadPoolExecutor.java:1167)
06-21 14:24:31.347 32539  2762 W System.err: 	at java.util.concurrent.ThreadPoolExecutor$Worker.run(ThreadPoolExecutor.java:641)
06-21 14:24:31.347 32539  2762 W System.err: 	at java.lang.Thread.run(Thread.java:929)
06-21 14:24:31.349 32539  2859 W System.err: com.google.android.gms.common.GooglePlayServicesNotAvailableException
06-21 14:24:31.349 32539  2859 W System.err: 	at com.google.android.gms.ads.identifier.AdvertisingIdClient.zzb(Unknown Source:137)
06-21 14:24:31.349 32539  2859 W System.err: 	at com.google.android.gms.ads.identifier.AdvertisingIdClient.getAdvertisingIdInfo(Unknown Source:16)
06-21 14:24:31.349 32539  2859 W System.err: 	at k3.f.b(SourceFile:7)
06-21 14:24:31.349 32539  2859 W System.err: 	at w7.a.run(SourceFile:195)
06-21 14:24:31.349 32539  2859 W System.err: 	at java.util.concurrent.ThreadPoolExecutor.runWorker(ThreadPoolExecutor.java:1167)
06-21 14:24:31.349 32539  2859 W System.err: 	at java.util.concurrent.ThreadPoolExecutor$Worker.run(ThreadPoolExecutor.java:641)
06-21 14:24:31.349 32539  2859 W System.err: 	at java.lang.Thread.run(Thread.java:929)
06-21 14:24:31.355 32539  2756 W System.err: com.google.android.gms.common.GooglePlayServicesNotAvailableException
06-21 14:24:31.355 32539  2756 W System.err: 	at com.google.android.gms.ads.identifier.AdvertisingIdClient.zzb(Unknown Source:137)
06-21 14:24:31.355 32539  2756 W System.err: 	at com.google.android.gms.ads.identifier.AdvertisingIdClient.getAdvertisingIdInfo(Unknown Source:16)
06-21 14:24:31.355 32539  2756 W System.err: 	at k3.f.b(SourceFile:7)
06-21 14:24:31.355 32539  2756 W System.err: 	at w7.a.run(SourceFile:195)
06-21 14:24:31.355 32539  2756 W System.err: 	at java.util.concurrent.ThreadPoolExecutor.runWorker(ThreadPoolExecutor.java:1167)
06-21 14:24:31.355 32539  2756 W System.err: 	at java.util.concurrent.ThreadPoolExecutor$Worker.run(ThreadPoolExecutor.java:641)
06-21 14:24:31.355 32539  2756 W System.err: 	at java.lang.Thread.run(Thread.java:929)
06-21 14:24:31.484 32539 32539 W beacon-thread-3: type=1400 audit(0.0:4113676): avc: denied { search } for pid=32539 name="block" dev="sysfs" ino=35612 scontext=u:r:untrusted_app_27:s0:c137,c256,c512,c768 tcontext=u:object_r:sysfs_block:s0 tclass=dir permissive=0
06-21 14:24:31.484 32539 32539 W beacon-thread-3: type=1400 audit(0.0:4113678): avc: denied { search } for pid=32539 name="block" dev="sysfs" ino=35612 scontext=u:r:untrusted_app_27:s0:c137,c256,c512,c768 tcontext=u:object_r:sysfs_block:s0 tclass=dir permissive=0
06-21 14:24:31.737 32539  2457 I m.apkpure.aego: Background concurrent copying GC freed 354013(23MB) AllocSpace objects, 100(4080KB) LOS objects, 39% free, 36MB/60MB, paused 574us total 193.796ms
06-21 14:24:31.844  2286  2896 D NpdcpAliveManager: ro.odm.npdcp_alive_cfg_enable is false
06-21 14:24:31.845  2286  2896 E SmartDualCardSM: isSignalStrengthPoorScreenOn 2/3G or UNKNOWN true slotId:0
06-21 14:24:31.845  2286  2896 E SmartDualCardSM: isSignalStrengthPoorScreenOn 2/3G or UNKNOWN true slotId:0
06-21 14:24:31.845  2286  2896 I SmartDualCardSM: isSlaveCardNetworkBad return true,mIsSignalStengthPoors =true,mNetworkType=-1,mDownlinkSpeedLimits=1048576,mDataRoaming=false
06-21 14:24:32.011   837   837 I chatty  : uid=0(root) /system/vendor/bin/aptouch_daemon expire 20 lines
06-21 14:24:32.018  1624  1978 I chatty  : uid=1000(system) PowerManagerSer expire 11 lines
06-21 14:24:32.093 32539  2762 W System.err: com.google.android.gms.common.GooglePlayServicesNotAvailableException
06-21 14:24:32.093 32539  2762 W System.err: 	at com.google.android.gms.ads.identifier.AdvertisingIdClient.zzb(Unknown Source:137)
06-21 14:24:32.093 32539  2762 W System.err: 	at com.google.android.gms.ads.identifier.AdvertisingIdClient.getAdvertisingIdInfo(Unknown Source:16)
06-21 14:24:32.093 32539  2762 W System.err: 	at k3.f.b(SourceFile:7)
06-21 14:24:32.093 32539  2762 W System.err: 	at w7.a.run(SourceFile:195)
06-21 14:24:32.093 32539  2762 W System.err: 	at java.util.concurrent.ThreadPoolExecutor.runWorker(ThreadPoolExecutor.java:1167)
06-21 14:24:32.093 32539  2762 W System.err: 	at java.util.concurrent.ThreadPoolExecutor$Worker.run(ThreadPoolExecutor.java:641)
06-21 14:24:32.093 32539  2762 W System.err: 	at java.lang.Thread.run(Thread.java:929)
06-21 14:24:32.094  1624  2646 I chatty  : uid=1000(system) Binder:1624_C expire 13 lines
06-21 14:24:32.096 32539 32539 W HiTouch_PressGestureDetector: Touch pointer move a lot. The moving distance of X is:2.2888718, limit is:51The moving distance of Y is:56.921997, limit is:51
06-21 14:24:32.579 32539 32539 W HiTouch_PressGestureDetector: Touch pointer move a lot. The moving distance of X is:14.266197, limit is:51The moving distance of Y is:88.16943, limit is:51
06-21 14:24:32.631 32539 32539 E AwareLog: DynBufManager: endFling hash null
06-21 14:24:32.697 32539 32539 W HwRemoteInputMethodManager: isCasting false because IHwDistributedWindowManager is invalid.
06-21 14:24:32.714 32539 32539 W InputMethodManager: startInputReason = 4
06-21 14:24:32.714 32539 32539 W HwRemoteInputMethodManager: isCasting false because IHwDistributedWindowManager is invalid.
06-21 14:24:32.732  2833  2833 E FullInputEventModel: onStartInput event aborted: ll.w: could not obtain extracted text (class ll.w)
06-21 14:24:32.761 32539  4106 D RenderScript: [RS-DIAG] Launching GPU kernel intrinsic : id(5) 3 0x78406fd000
06-21 14:24:32.763 32539  4106 D RenderScript: [RS-DIAG] Launching GPU kernel intrinsic : id(5) 4 0x78406fd000
06-21 14:24:32.864  2286  2896 D NpdcpAliveManager: ro.odm.npdcp_alive_cfg_enable is false
06-21 14:24:32.864  2286  2896 E SmartDualCardSM: isSignalStrengthPoorScreenOn 2/3G or UNKNOWN true slotId:0
06-21 14:24:32.864  2286  2896 E SmartDualCardSM: isSignalStrengthPoorScreenOn 2/3G or UNKNOWN true slotId:0
06-21 14:24:32.864  2286  2896 I SmartDualCardSM: isSlaveCardNetworkBad return true,mIsSignalStengthPoors =true,mNetworkType=-1,mDownlinkSpeedLimits=1048576,mDataRoaming=false
06-21 14:24:33.585  2541  2541 D Mapcon  : TelephonyTracker: [onSignalStrengthsChanged]phoneId=1, level=5
06-21 14:24:33.586  2541  4340 D Mapcon  : VoiceManager-5-PrepareState: [a]MsgIdEnum=MAPCON_MESSAGE_TM_CMD_SIGNAL_STRENGTH_CHANED_IND
06-21 14:24:33.586  2541  4340 I chatty  : uid=1001(radio) VoiceManager-5 identical 1 line
06-21 14:24:33.586  2541  4340 D Mapcon  : VoiceManager-5-PrepareState: [a]MsgIdEnum=MAPCON_MESSAGE_TM_CMD_SIGNAL_STRENGTH_CHANED_IND
06-21 14:24:33.586  2541  4340 D Mapcon  : VoiceManager-5-DefaultState: [a]MsgIdEnum=MAPCON_MESSAGE_TM_CMD_SIGNAL_STRENGTH_CHANED_IND
06-21 14:24:33.586  2541  4340 D Mapcon  : VoiceManager-5-DefaultState: [a]MsgIdEnum=MAPCON_MESSAGE_TM_CMD_SIGNAL_STRENGTH_CHANED_IND
06-21 14:24:33.632  1624  2108 I chatty  : uid=1000(system) GestureNavManag expire 1 line
06-21 14:24:33.639  1624  2105 I chatty  : uid=1000(system) sManagerService expire 3 lines
06-21 14:24:33.644 19476 20298 I HwLauncher: LocalTaskList loadTasksInBackground:6 numTasks:20 currentUserId:0
06-21 14:24:33.647 19476 19476 I RmeSchedManager: init Rme, version is: v1.0
06-21 14:24:33.653  2280  2280 D ImageWallpaper: wallpaper visibility changes to: true
06-21 14:24:33.653  2280  2448 I ImageWallpaperRenderer: updateOffsets mXOffset 0.5 mYOffset 0.5
06-21 14:24:33.656  2833  2833 W DisplayEventDispatcher: dispatcher 0x7920299660 ~ ignoring unknown event type 0x736f6674
06-21 14:24:33.657  1624  2233 I chatty  : uid=1000(system) wifipro_feature expire 2 lines
06-21 14:24:33.657  1624  2227 I chatty  : uid=1000(system) emui.common expire 2 lines
06-21 14:24:33.657  1624  1939 I chatty  : uid=1000(system) android.anim expire 2 lines
06-21 14:24:33.657  1624  1978 I chatty  : uid=1000(system) PowerManagerSer expire 2 lines
06-21 14:24:33.657 10438 10438 W DisplayEventDispatcher: dispatcher 0x78b75a2fe0 ~ ignoring unknown event type 0x736f6674
06-21 14:24:33.657 29706 29706 W DisplayEventDispatcher: dispatcher 0x78a520e020 ~ ignoring unknown event type 0x736f6674
06-21 14:24:33.657 30201 30201 W DisplayEventDispatcher: dispatcher 0x7892307840 ~ ignoring unknown event type 0x736f6674
06-21 14:24:33.657 32539 32539 W DisplayEventDispatcher: dispatcher 0x79202db800 ~ ignoring unknown event type 0x736f6674
06-21 14:24:33.657 16602 16602 W DisplayEventDispatcher: dispatcher 0x792029a440 ~ ignoring unknown event type 0x736f6674
06-21 14:24:33.657  3192  3192 W DisplayEventDispatcher: dispatcher 0x78aa2f4c60 ~ ignoring unknown event type 0x736f6674
06-21 14:24:33.657 32049 32049 W DisplayEventDispatcher: dispatcher 0x7920299420 ~ ignoring unknown event type 0x736f6674
06-21 14:24:33.657 31918 31918 W DisplayEventDispatcher: dispatcher 0x7920299f00 ~ ignoring unknown event type 0x736f6674
06-21 14:24:33.657 28319 28319 W DisplayEventDispatcher: dispatcher 0x79202998a0 ~ ignoring unknown event type 0x736f6674
06-21 14:24:33.658 32549 32549 W DisplayEventDispatcher: dispatcher 0x792029ab00 ~ ignoring unknown event type 0x736f6674
06-21 14:24:33.658 28934 28934 W DisplayEventDispatcher: dispatcher 0x78a19d88e0 ~ ignoring unknown event type 0x736f6674
06-21 14:24:33.658  1624  1934 I chatty  : uid=1000(system) android.display expire 5 lines
06-21 14:24:33.658 31913 31913 W DisplayEventDispatcher: dispatcher 0x792029a980 ~ ignoring unknown event type 0x736f6674
06-21 14:24:33.659  2541  2541 W DisplayEventDispatcher: dispatcher 0x78b2251520 ~ ignoring unknown event type 0x736f6674
06-21 14:24:33.659  2280  2280 W DisplayEventDispatcher: dispatcher 0x792029a0e0 ~ ignoring unknown event type 0x736f6674
06-21 14:24:33.660 19476 19476 W DisplayEventDispatcher: dispatcher 0x792029a260 ~ ignoring unknown event type 0x736f6674
06-21 14:24:33.662 19476 19476 I RmeSchedManager: init Rme, version is: v1.0
06-21 14:24:33.663 29706 29706 I HiBoard_22.0.9.301_Workspace: onWindowVisibilityChanged0 isOverlayClosed:true
06-21 14:24:33.663 29706 29706 I HiBoard_22.0.9.301_ShareCodeClipboardHelper: removeClipboardView is executed!
06-21 14:24:33.663 29706 31272 I HiBoard_22.0.9.301_ShareCodeClipboardHelper: handleMsg 5
06-21 14:24:33.664  1624  2105 I chatty  : uid=1000(system) sManagerService expire 7 lines
06-21 14:24:33.666  1624  2646 I chatty  : uid=1000(system) Binder:1624_C expire 34 lines
06-21 14:24:33.673  2582  2925 I HwNetworkPolicyManager: getHwUidPolicy uid = 10073 policy = 0
06-21 14:24:33.673  1624  6471 I chatty  : uid=1000(system) Binder:1624_1A expire 3 lines
06-21 14:24:33.683 19476 19476 D BaseIconCache: Looper.myLooper():Looper (main, tid 1) {7b93d12},mBgLooper:Looper (launcher-loader, tid 35058) {866ace3}
06-21 14:24:33.684 19476 19476 W HwLauncher: UiFactory  The alpha cannot be changed during animation execution.
06-21 14:24:33.684 19476 19476 I ActivityThread: Handle window ActivityRecord{febaa4e token=android.os.BinderProxy@c98329e {com.huawei.android.launcher/com.huawei.android.launcher.unihome.UniHomeLauncher}} visibility: true
06-21 14:24:33.688 29706 30999 D mali_winsys: EGLint new_window_surface(egl_winsys_display *, void *, EGLSurface, EGLConfig, egl_winsys_surface **, EGLBoolean) returns 0x3000
06-21 14:24:33.702 19476 21824 D mali_winsys: EGLint new_window_surface(egl_winsys_display *, void *, EGLSurface, EGLConfig, egl_winsys_surface **, EGLBoolean) returns 0x3000
06-21 14:24:33.708 29706 29706 I HiBoard_22.0.9.301_NewsBackgroundLayout: onDraw 
06-21 14:24:33.737 19476 20295 E TaskKeyCache: Unexpected null key or value: id=4442 windowingMode=1 user=0 lastActiveTime=3183451765, null
06-21 14:24:33.737 19476 20295 E TaskKeyCache: Unexpected null key or value: id=4433 windowingMode=1 user=0 lastActiveTime=3183568309, null
06-21 14:24:33.739 19476 20295 E TaskKeyCache: Unexpected null key or value: id=4444 windowingMode=1 user=0 lastActiveTime=3183685483, null
06-21 14:24:33.753 29706 29706 I HwViewRootImpl: removeInvalidNode all the node in jank list is out of time
06-21 14:24:33.764 19476 19476 I HwViewRootImpl: removeInvalidNode all the node in jank list is out of time
06-21 14:24:33.768  1624  1939 I chatty  : uid=1000(system) android.anim expire 1 line
06-21 14:24:33.770 19476 19476 D BaseIconCache: Looper.myLooper():Looper (main, tid 1) {7b93d12},mBgLooper:Looper (launcher-loader, tid 35058) {866ace3}
06-21 14:24:33.773 19476 19476 W HwLauncher: Utils super Recent is not support by product set
06-21 14:24:33.773 19476 19476 W HwLauncher: Utils Feature of SuperRecents is not supported
06-21 14:24:33.776 19476  5015 I HwLauncher: GestureUtil MOTION_NOTIFICATION start_motion sendBroadcast extra= category: start_motion
06-21 14:24:33.776  1624  1624 I chatty  : uid=1000 system_server expire 3 lines
06-21 14:24:33.777  1624  2211 I chatty  : uid=1000(system) Binder:1624_5 expire 6 lines
06-21 14:24:33.778  2280  7238 I OverviewProxyService: updateFullScreenButton false
06-21 14:24:33.779 19476 19476 I HwLauncher: CalenderDynamicUpdater setHasUpdateSuccess, success: true
06-21 14:24:33.779 19476 19476 I HwLauncher: CalenderDynamicUpdater setHasUpdateSuccess, success: true
06-21 14:24:33.780 19476 19476 D BaseIconCache: Looper.myLooper():Looper (main, tid 1) {7b93d12},mBgLooper:Looper (launcher-loader, tid 35058) {866ace3}
06-21 14:24:33.782 19476 19476 D BaseIconCache: Looper.myLooper():Looper (main, tid 1) {7b93d12},mBgLooper:Looper (launcher-loader, tid 35058) {866ace3}
06-21 14:24:33.783 19476 19476 I chatty  : uid=10073(com.huawei.android.launcher) identical 4 lines
06-21 14:24:33.783 19476 19476 D BaseIconCache: Looper.myLooper():Looper (main, tid 1) {7b93d12},mBgLooper:Looper (launcher-loader, tid 35058) {866ace3}
06-21 14:24:33.784   750   961 D         : PerformAnimation finished
06-21 14:24:33.784 19476 19476 D BaseIconCache: Looper.myLooper():Looper (main, tid 1) {7b93d12},mBgLooper:Looper (launcher-loader, tid 35058) {866ace3}
06-21 14:24:33.819 19476 20295 E TaskKeyCache: Unexpected null key or value: id=4442 windowingMode=1 user=0 lastActiveTime=3183451765, null
06-21 14:24:33.819 19476 20295 E TaskKeyCache: Unexpected null key or value: id=4433 windowingMode=1 user=0 lastActiveTime=3183568309, null
06-21 14:24:33.820 19476 20295 E TaskKeyCache: Unexpected null key or value: id=4444 windowingMode=1 user=0 lastActiveTime=3183685483, null
06-21 14:24:33.832 19476 19476 D BaseIconCache: Looper.myLooper():Looper (main, tid 1) {7b93d12},mBgLooper:Looper (launcher-loader, tid 35058) {866ace3}
06-21 14:24:33.835 19476 19476 D BaseIconCache: Looper.myLooper():Looper (main, tid 1) {7b93d12},mBgLooper:Looper (launcher-loader, tid 35058) {866ace3}
06-21 14:24:33.852 19476 19476 W HwLauncher: TaskThumbnailView bitmap with BitmapShader is Invalid
06-21 14:24:33.864 19476 19476 W HwLauncher: TaskThumbnailView bitmap with BitmapShader is Invalid
06-21 14:24:33.880 19476 19476 W HwLauncher: TaskThumbnailView bitmap with BitmapShader is Invalid
06-21 14:24:33.887  2286  2896 D NpdcpAliveManager: ro.odm.npdcp_alive_cfg_enable is false
06-21 14:24:33.887  2286  2896 E SmartDualCardSM: isSignalStrengthPoorScreenOn 2/3G or UNKNOWN true slotId:0
06-21 14:24:33.887  2286  2896 E SmartDualCardSM: isSignalStrengthPoorScreenOn 2/3G or UNKNOWN true slotId:0
06-21 14:24:33.887  2286  2896 I SmartDualCardSM: isSlaveCardNetworkBad return true,mIsSignalStengthPoors =true,mNetworkType=-1,mDownlinkSpeedLimits=1048576,mDataRoaming=false
06-21 14:24:33.897 19476 19476 W HwLauncher: TaskThumbnailView bitmap with BitmapShader is Invalid
06-21 14:24:33.914 19476 19476 W HwLauncher: TaskThumbnailView bitmap with BitmapShader is Invalid
06-21 14:24:33.931  1624  1934 I chatty  : uid=1000(system) android.display expire 12 lines
06-21 14:24:33.935 30201 30201 I HiSearch: [HomeWatcherReceiver]:intentAction:android.intent.action.CLOSE_SYSTEM_DIALOGS
