--------- beginning of system
06-21 14:19:27.579  2541  4340 D Mapcon  : VoiceManager-5-PrepareState: [a]MsgIdEnum=MAPCON_MESSAGE_TM_CMD_SIGNAL_STRENGTH_CHANED_IND
06-21 14:19:27.579  2541  4340 D Mapcon  : VoiceManager-5-PrepareState: [a]MsgIdEnum=MAPCON_MESSAGE_TM_CMD_SIGNAL_STRENGTH_CHANED_IND
06-21 14:19:27.579  2541  4340 D Mapcon  : VoiceManager-5-DefaultState: [a]MsgIdEnum=MAPCON_MESSAGE_TM_CMD_SIGNAL_STRENGTH_CHANED_IND
06-21 14:19:27.579  2541  4340 D Mapcon  : VoiceManager-5-DefaultState: [a]MsgIdEnum=MAPCON_MESSAGE_TM_CMD_SIGNAL_STRENGTH_CHANED_IND
06-21 14:19:27.644 31918 31918 V ActivityThread: callActivityOnCreate
06-21 14:19:27.651 31918 31918 D ActivityThread: add activity client record, r= ActivityRecord{de9ed02 token=android.os.BinderProxy@35ffe23 {com.android.permissioncontroller/com.android.packageinstaller.role.ui.DefaultAppActivity}} token= android.os.BinderProxy@35ffe23
06-21 14:19:27.675  2280 11173 D HwCommandQueue: CommandQueue, set Launcher StatusBar Color
06-21 14:19:28.838 31918 31918 D ActivityThread: Won't deliver top position change in state=5
06-21 14:19:28.858  2280 11173 D HwCommandQueue: CommandQueue, set Launcher StatusBar Color
06-21 14:19:29.223 31918 31918 D ActivityThread: Remove activity client record, r= ActivityRecord{de9ed02 token=android.os.BinderProxy@35ffe23 {com.android.permissioncontroller/com.android.packageinstaller.role.ui.DefaultAppActivity}} token= android.os.BinderProxy@35ffe23
06-21 14:19:29.223 31918 31918 I ViewRootImpl: dispatchDetachedFromWindow in doDie
06-21 14:19:29.784  2541  2541 D Mapcon  : TelephonyTracker: [onSignalStrengthsChanged]phoneId=0, level=4
06-21 14:19:29.785  2541  4318 D Mapcon  : VoiceManager-0-PrepareState: [a]MsgIdEnum=MAPCON_MESSAGE_TM_CMD_SIGNAL_STRENGTH_CHANED_IND
06-21 14:19:29.786  2541  4318 D Mapcon  : VoiceManager-0-PrepareState: [a]MsgIdEnum=MAPCON_MESSAGE_TM_CMD_SIGNAL_STRENGTH_CHANED_IND
06-21 14:19:29.786  2541  4318 D Mapcon  : VoiceManager-0-DefaultState: [a]MsgIdEnum=MAPCON_MESSAGE_TM_CMD_SIGNAL_STRENGTH_CHANED_IND
06-21 14:19:29.786  2541  4318 D Mapcon  : VoiceManager-0-DefaultState: [a]MsgIdEnum=MAPCON_MESSAGE_TM_CMD_SIGNAL_STRENGTH_CHANED_IND
06-21 14:19:29.788  1624  1821 I chatty  : uid=1000(system) Binder:1624_2 expire 12 lines
06-21 14:19:32.392  1624  2639 I chatty  : uid=1000(system) Binder:1624_B expire 20 lines
06-21 14:19:32.392  1624  1961 I chatty  : uid=1000(system) HwActivityTaskM expire 12 lines
06-21 14:19:32.395 10438 10438 V ActivityThread: callActivityOnCreate
06-21 14:19:32.395  1624  2105 I chatty  : uid=1000(system) sManagerService expire 15 lines
06-21 14:19:32.399 10438 10438 I RtgSchedEvent: current pid:10438 AppType:255
06-21 14:19:32.402  1624  2646 I chatty  : uid=1000(system) Binder:1624_C expire 49 lines
06-21 14:19:32.405  2582  3386 I HwNetworkPolicyManager: getHwUidPolicy uid = 1000 policy = 0
06-21 14:19:32.410 10438 10438 D ActivityThread: add activity client record, r= ActivityRecord{1391bd token=android.os.BinderProxy@745869 {com.android.settings/com.android.settings.Settings$PreferredListSettingsActivity}} token= android.os.BinderProxy@745869
06-21 14:19:32.476  2280 11173 D HwCommandQueue: CommandQueue, set Launcher StatusBar Color
06-21 14:19:32.857  2286  2900 I chatty  : uid=1000(system) OllieServiceThr expire 8 lines
06-21 14:19:33.576  2541  2541 D Mapcon  : TelephonyTracker: [onSignalStrengthsChanged]phoneId=1, level=4
06-21 14:19:33.576  2541  4340 D Mapcon  : VoiceManager-5-PrepareState: [a]MsgIdEnum=MAPCON_MESSAGE_TM_CMD_SIGNAL_STRENGTH_CHANED_IND
06-21 14:19:33.576  2541  4340 D Mapcon  : VoiceManager-5-PrepareState: [a]MsgIdEnum=MAPCON_MESSAGE_TM_CMD_SIGNAL_STRENGTH_CHANED_IND
06-21 14:19:33.576  2541  4340 D Mapcon  : VoiceManager-5-DefaultState: [a]MsgIdEnum=MAPCON_MESSAGE_TM_CMD_SIGNAL_STRENGTH_CHANED_IND
06-21 14:19:33.576  2541  4340 D Mapcon  : VoiceManager-5-DefaultState: [a]MsgIdEnum=MAPCON_MESSAGE_TM_CMD_SIGNAL_STRENGTH_CHANED_IND
06-21 14:19:35.784  2541  2541 D Mapcon  : TelephonyTracker: [onSignalStrengthsChanged]phoneId=0, level=4
06-21 14:19:35.785  2541  4318 D Mapcon  : VoiceManager-0-PrepareState: [a]MsgIdEnum=MAPCON_MESSAGE_TM_CMD_SIGNAL_STRENGTH_CHANED_IND
06-21 14:19:35.785  2541  4318 D Mapcon  : VoiceManager-0-PrepareState: [a]MsgIdEnum=MAPCON_MESSAGE_TM_CMD_SIGNAL_STRENGTH_CHANED_IND
06-21 14:19:35.785  2286  2896 I chatty  : uid=1000(system) OllieAwareThrea expire 10 lines
06-21 14:19:35.785  2541  4318 D Mapcon  : VoiceManager-0-DefaultState: [a]MsgIdEnum=MAPCON_MESSAGE_TM_CMD_SIGNAL_STRENGTH_CHANED_IND
06-21 14:19:35.785  2541  4318 D Mapcon  : VoiceManager-0-DefaultState: [a]MsgIdEnum=MAPCON_MESSAGE_TM_CMD_SIGNAL_STRENGTH_CHANED_IND
06-21 14:19:36.335 32020 32020 D ActivityThread: Attach thread to application
06-21 14:19:36.349 32020  1055 I ActivityThread: Init compatible state: true
06-21 14:19:36.454 32041 32041 D ActivityThread: Attach thread to application
06-21 14:19:36.471 32041  1103 I ActivityThread: Init compatible state: false
06-21 14:19:36.713 32041 32041 I ActivityThread: finishPreloaded preloadStatus 0
06-21 14:19:36.723 32041  1140 D SystemConfig: Removed unavailable feature android.hardware.sensor.barometer
06-21 14:19:36.723 32041  1140 D SystemConfig: Removed unavailable feature android.hardware.sensor.gyroscope
06-21 14:19:36.726 32041  1140 W SystemConfig: No directory /product_services/etc/sysconfig, skipping
06-21 14:19:36.726 32041  1140 W SystemConfig: No directory /product_services/etc/permissions, skipping
06-21 14:19:36.727 32041  1140 W SystemConfig: No directory /system/emui/base/sysconfig, skipping
06-21 14:19:36.729 32041  1140 W SystemConfig: No directory /system/emui/oversea/sysconfig, skipping
06-21 14:19:36.733 32041  1140 W SystemConfig: No directory /vendor/etc/sysconfig, skipping
06-21 14:19:36.736 32041  1140 D SystemConfig: Removed unavailable feature android.hardware.sensor.barometer
06-21 14:19:36.736 32041  1140 D SystemConfig: Removed unavailable feature android.hardware.sensor.gyroscope
06-21 14:19:36.743 32041  1140 W SystemConfig: No directory /odm/etc/sysconfig, skipping
06-21 14:19:36.747 32041  1140 W SystemConfig: No directory /odm/etc/carrier/28601/sysconfig, skipping
06-21 14:19:36.747 32041  1140 W SystemConfig: No directory /odm/etc/carrier/28601/permissions, skipping
06-21 14:19:36.747 32041  1140 W SystemConfig: No directory /odm/hw_odm/JNY-L21/sysconfig, skipping
06-21 14:19:36.747 32041  1140 W SystemConfig: No directory /odm/hw_odm/JNY-L21/permissions, skipping
06-21 14:19:36.747 32041  1140 W SystemConfig: No directory /hw_product/etc/sysconfig, skipping
06-21 14:19:36.751 32041  1140 W SystemConfig: No directory /hw_product/etc/carrier/28601/sysconfig, skipping
06-21 14:19:36.751 32041  1140 W SystemConfig: No directory /hw_product/etc/carrier/28601/permissions, skipping
06-21 14:19:36.751 32041  1140 W SystemConfig: No directory /hw_product/region_comm/oversea/sysconfig, skipping
06-21 14:19:36.754 32041  1140 W SystemConfig: No directory /hw_product/hw_oem/JNY-L21/sysconfig, skipping
06-21 14:19:36.755 32041  1140 W SystemConfig: No directory /preload/JNY-L21/hw/eu/sysconfig, skipping
06-21 14:19:36.756 32041  1140 W SystemConfig: No directory /cust/global/sysconfig, skipping
06-21 14:19:36.756 32041  1140 W SystemConfig: No directory /cust/global/permissions, skipping
06-21 14:19:36.756 32041  1140 W SystemConfig: No directory /cust/global/carrier/28601/sysconfig, skipping
06-21 14:19:36.756 32041  1140 W SystemConfig: No directory /cust/global/carrier/28601/permissions, skipping
06-21 14:19:36.757 32041  1140 W SystemConfig: No directory /cust/hw/eu/permissions, skipping
06-21 14:19:36.757 32041  1140 W SystemConfig: No directory /cust/hw/eu/carrier/28601/sysconfig, skipping
06-21 14:19:36.757 32041  1140 W SystemConfig: No directory /cust/hw/eu/carrier/28601/permissions, skipping
06-21 14:19:36.757 32041  1140 W SystemConfig: No directory /hw_product/special_cust/JNY-L21/hw/eu/sysconfig, skipping
06-21 14:19:36.757 32041  1140 W SystemConfig: No directory /hw_product/special_cust/JNY-L21/hw/eu/permissions, skipping
06-21 14:19:36.758 32041  1140 W SystemConfig: No directory /cust/cotalite/sysconfig, skipping
06-21 14:19:36.758 32041  1140 W SystemConfig: No directory /cust/cotalite/permissions, skipping
06-21 14:19:36.758 32041  1140 W SystemConfig: No directory /cust/ecota/sysconfig, skipping
06-21 14:19:36.758 32041  1140 W SystemConfig: No directory /cust/ecota/permissions, skipping
06-21 14:19:36.830 32020 32020 I ActivityThread: finishPreloaded preloadStatus 0
06-21 14:19:37.145 10438 10438 V ActivityThread: callActivityOnCreate
06-21 14:19:37.159 10438 10438 D ActivityThread: add activity client record, r= ActivityRecord{eab8643 token=android.os.BinderProxy@1ad7719 {com.android.settings/com.android.settings.Settings$PreferredSettingsActivity}} token= android.os.BinderProxy@1ad7719
06-21 14:19:37.242  2280  4917 D HwCommandQueue: CommandQueue, set Launcher StatusBar Color
06-21 14:19:39.584  2541  2541 D Mapcon  : TelephonyTracker: [onSignalStrengthsChanged]phoneId=1, level=4
06-21 14:19:39.585  2541  4340 D Mapcon  : VoiceManager-5-PrepareState: [a]MsgIdEnum=MAPCON_MESSAGE_TM_CMD_SIGNAL_STRENGTH_CHANED_IND
06-21 14:19:39.585  2541  4340 D Mapcon  : VoiceManager-5-PrepareState: [a]MsgIdEnum=MAPCON_MESSAGE_TM_CMD_SIGNAL_STRENGTH_CHANED_IND
06-21 14:19:39.585  2541  4340 D Mapcon  : VoiceManager-5-DefaultState: [a]MsgIdEnum=MAPCON_MESSAGE_TM_CMD_SIGNAL_STRENGTH_CHANED_IND
06-21 14:19:39.586  2541  4340 D Mapcon  : VoiceManager-5-DefaultState: [a]MsgIdEnum=MAPCON_MESSAGE_TM_CMD_SIGNAL_STRENGTH_CHANED_IND
06-21 14:19:39.599  1624 11550 I chatty  : uid=1000(system) MobileQosDetect expire 16 lines
06-21 14:19:40.187 32020  1232 D HwCustConnectivityManagerImpl: isBlockNetworkRequestByNonAis, INVALID_SUBSCRIPTION_ID
06-21 14:19:40.405 10438 10438 D ActivityThread: Won't deliver top position change in state=5
06-21 14:19:40.443  2280  4917 D HwCommandQueue: CommandQueue, set Launcher StatusBar Color
06-21 14:19:40.823 10438 10438 D ActivityThread: Remove activity client record, r= ActivityRecord{eab8643 token=android.os.BinderProxy@1ad7719 {com.android.settings/com.android.settings.Settings$PreferredSettingsActivity}} token= android.os.BinderProxy@1ad7719
06-21 14:19:40.823 10438 10438 I ViewRootImpl: dispatchDetachedFromWindow in doDie
06-21 14:19:40.829  1624  2128 I chatty  : uid=1000(system) Binder:1624_4 expire 14 lines
06-21 14:19:40.925  1624  1624 I chatty  : uid=1000 system_server expire 25 lines
06-21 14:19:40.925  1624  1978 I chatty  : uid=1000(system) PowerManagerSer expire 33 lines
06-21 14:19:40.946  1624  2048 I chatty  : uid=1000(system) Binder:1624_3 expire 12 lines
06-21 14:19:41.785  2541  2541 D Mapcon  : TelephonyTracker: [onSignalStrengthsChanged]phoneId=0, level=4
06-21 14:19:41.785  2541  4318 D Mapcon  : VoiceManager-0-PrepareState: [a]MsgIdEnum=MAPCON_MESSAGE_TM_CMD_SIGNAL_STRENGTH_CHANED_IND
06-21 14:19:41.785  2541  4318 D Mapcon  : VoiceManager-0-PrepareState: [a]MsgIdEnum=MAPCON_MESSAGE_TM_CMD_SIGNAL_STRENGTH_CHANED_IND
06-21 14:19:41.786  2541  4318 D Mapcon  : VoiceManager-0-DefaultState: [a]MsgIdEnum=MAPCON_MESSAGE_TM_CMD_SIGNAL_STRENGTH_CHANED_IND
06-21 14:19:41.786  2541  4318 D Mapcon  : VoiceManager-0-DefaultState: [a]MsgIdEnum=MAPCON_MESSAGE_TM_CMD_SIGNAL_STRENGTH_CHANED_IND
06-21 14:19:43.842  1624  2083 I chatty  : uid=1000(system) AlarmManager expire 24 lines
06-21 14:19:45.587  2541  2541 D Mapcon  : TelephonyTracker: [onSignalStrengthsChanged]phoneId=1, level=4
06-21 14:19:45.587  2541  4340 D Mapcon  : VoiceManager-5-PrepareState: [a]MsgIdEnum=MAPCON_MESSAGE_TM_CMD_SIGNAL_STRENGTH_CHANED_IND
06-21 14:19:45.588  2541  4340 D Mapcon  : VoiceManager-5-PrepareState: [a]MsgIdEnum=MAPCON_MESSAGE_TM_CMD_SIGNAL_STRENGTH_CHANED_IND
06-21 14:19:45.588  2541  4340 D Mapcon  : VoiceManager-5-DefaultState: [a]MsgIdEnum=MAPCON_MESSAGE_TM_CMD_SIGNAL_STRENGTH_CHANED_IND
06-21 14:19:45.588  2541  4340 D Mapcon  : VoiceManager-5-DefaultState: [a]MsgIdEnum=MAPCON_MESSAGE_TM_CMD_SIGNAL_STRENGTH_CHANED_IND
06-21 14:19:45.629  2541  2541 D Mapcon  : TelephonyTracker: [onSignalStrengthsChanged]phoneId=1, level=4
06-21 14:19:45.631  2541  4340 D Mapcon  : VoiceManager-5-PrepareState: [a]MsgIdEnum=MAPCON_MESSAGE_TM_CMD_SIGNAL_STRENGTH_CHANED_IND
06-21 14:19:45.631  2541  4340 D Mapcon  : VoiceManager-5-PrepareState: [a]MsgIdEnum=MAPCON_MESSAGE_TM_CMD_SIGNAL_STRENGTH_CHANED_IND
06-21 14:19:45.632  2541  4340 D Mapcon  : VoiceManager-5-DefaultState: [a]MsgIdEnum=MAPCON_MESSAGE_TM_CMD_SIGNAL_STRENGTH_CHANED_IND
06-21 14:19:45.632  2541  4340 D Mapcon  : VoiceManager-5-DefaultState: [a]MsgIdEnum=MAPCON_MESSAGE_TM_CMD_SIGNAL_STRENGTH_CHANED_IND
06-21 14:19:47.792  2541  2541 D Mapcon  : TelephonyTracker: [onSignalStrengthsChanged]phoneId=0, level=4
06-21 14:19:47.793  2541  4318 D Mapcon  : VoiceManager-0-PrepareState: [a]MsgIdEnum=MAPCON_MESSAGE_TM_CMD_SIGNAL_STRENGTH_CHANED_IND
06-21 14:19:47.793  2541  4318 D Mapcon  : VoiceManager-0-PrepareState: [a]MsgIdEnum=MAPCON_MESSAGE_TM_CMD_SIGNAL_STRENGTH_CHANED_IND
06-21 14:19:47.794  2541  4318 D Mapcon  : VoiceManager-0-DefaultState: [a]MsgIdEnum=MAPCON_MESSAGE_TM_CMD_SIGNAL_STRENGTH_CHANED_IND
06-21 14:19:47.794  2541  4318 D Mapcon  : VoiceManager-0-DefaultState: [a]MsgIdEnum=MAPCON_MESSAGE_TM_CMD_SIGNAL_STRENGTH_CHANED_IND
06-21 14:19:48.055  1624  2062 I chatty  : uid=1000(system) UEventObserver expire 24 lines
06-21 14:19:48.108  2541  2541 D Mapcon  : TelephonyTracker: [onSignalStrengthsChanged]phoneId=0, level=4
06-21 14:19:48.109  2541  4318 D Mapcon  : VoiceManager-0-PrepareState: [a]MsgIdEnum=MAPCON_MESSAGE_TM_CMD_SIGNAL_STRENGTH_CHANED_IND
06-21 14:19:48.109  2541  4318 D Mapcon  : VoiceManager-0-PrepareState: [a]MsgIdEnum=MAPCON_MESSAGE_TM_CMD_SIGNAL_STRENGTH_CHANED_IND
06-21 14:19:48.110  2541  4318 D Mapcon  : VoiceManager-0-PrepareState: [a]MsgIdEnum=MAPCON_MESSAGE_TM_CMD_SIGNAL_STRENGTH_CHANED_IND
06-21 14:19:48.110  2541  4318 D Mapcon  : VoiceManager-0-DefaultState: [a]MsgIdEnum=MAPCON_MESSAGE_TM_CMD_SIGNAL_STRENGTH_CHANED_IND
06-21 14:19:48.110  2541  4318 D Mapcon  : VoiceManager-0-DefaultState: [a]MsgIdEnum=MAPCON_MESSAGE_TM_CMD_SIGNAL_STRENGTH_CHANED_IND
06-21 14:19:48.785  1624  1934 I chatty  : uid=1000(system) android.display expire 72 lines
06-21 14:19:48.786  1624  2167 I chatty  : uid=1000(system) Thread-6 expire 40 lines
06-21 14:19:48.789 10438 10438 V ActivityThread: callActivityOnCreate
06-21 14:19:48.800 10438 10438 D ActivityThread: add activity client record, r= ActivityRecord{48f43f7 token=android.os.BinderProxy@ca3816c {com.android.settings/com.android.settings.Settings$PreferredSettingsActivity}} token= android.os.BinderProxy@ca3816c
06-21 14:19:48.839  1624  1931 I chatty  : uid=1000(system) android.ui expire 20 lines
06-21 14:19:48.840  2280 23238 D HwCommandQueue: CommandQueue, set Launcher StatusBar Color
06-21 14:19:48.862  1624  1939 I chatty  : uid=1000(system) android.anim expire 142 lines
06-21 14:19:50.054 10438 10438 D ActivityThread: Won't deliver top position change in state=5
06-21 14:19:50.089  2280 23238 D HwCommandQueue: CommandQueue, set Launcher StatusBar Color
06-21 14:19:50.463 10438 10438 D ActivityThread: Remove activity client record, r= ActivityRecord{48f43f7 token=android.os.BinderProxy@ca3816c {com.android.settings/com.android.settings.Settings$PreferredSettingsActivity}} token= android.os.BinderProxy@ca3816c
06-21 14:19:50.463 10438 10438 I ViewRootImpl: dispatchDetachedFromWindow in doDie
06-21 14:19:51.418  1023  1302 I storaged: storaged_t::event: storage_info refreshed.
06-21 14:19:51.633  2541  2541 D Mapcon  : TelephonyTracker: [onSignalStrengthsChanged]phoneId=1, level=4
06-21 14:19:51.634  2541  4340 D Mapcon  : VoiceManager-5-PrepareState: [a]MsgIdEnum=MAPCON_MESSAGE_TM_CMD_SIGNAL_STRENGTH_CHANED_IND
06-21 14:19:51.635  2541  4340 D Mapcon  : VoiceManager-5-PrepareState: [a]MsgIdEnum=MAPCON_MESSAGE_TM_CMD_SIGNAL_STRENGTH_CHANED_IND
06-21 14:19:51.635  2541  4340 D Mapcon  : VoiceManager-5-DefaultState: [a]MsgIdEnum=MAPCON_MESSAGE_TM_CMD_SIGNAL_STRENGTH_CHANED_IND
06-21 14:19:51.636  2541  4340 D Mapcon  : VoiceManager-5-DefaultState: [a]MsgIdEnum=MAPCON_MESSAGE_TM_CMD_SIGNAL_STRENGTH_CHANED_IND
06-21 14:19:51.943  2541  2541 D Mapcon  : TelephonyTracker: [onSignalStrengthsChanged]phoneId=0, level=4
06-21 14:19:51.944  2541  4318 D Mapcon  : VoiceManager-0-PrepareState: [a]MsgIdEnum=MAPCON_MESSAGE_TM_CMD_SIGNAL_STRENGTH_CHANED_IND
06-21 14:19:51.944  2541  4318 D Mapcon  : VoiceManager-0-PrepareState: [a]MsgIdEnum=MAPCON_MESSAGE_TM_CMD_SIGNAL_STRENGTH_CHANED_IND
06-21 14:19:51.944  2541  4318 D Mapcon  : VoiceManager-0-PrepareState: [a]MsgIdEnum=MAPCON_MESSAGE_TM_CMD_SIGNAL_STRENGTH_CHANED_IND
06-21 14:19:51.944  2541  4318 D Mapcon  : VoiceManager-0-DefaultState: [a]MsgIdEnum=MAPCON_MESSAGE_TM_CMD_SIGNAL_STRENGTH_CHANED_IND
06-21 14:19:51.945  2541  4318 D Mapcon  : VoiceManager-0-DefaultState: [a]MsgIdEnum=MAPCON_MESSAGE_TM_CMD_SIGNAL_STRENGTH_CHANED_IND
06-21 14:19:52.306  1624  1978 I chatty  : uid=1000(system) PowerManagerSer expire 65 lines
06-21 14:19:52.454 10438 10438 V ActivityThread: callActivityOnCreate
06-21 14:19:52.464 10438 10438 D ActivityThread: add activity client record, r= ActivityRecord{bc9758b token=android.os.BinderProxy@4537dc6 {com.android.settings/com.android.settings.Settings$PreferredSettingsActivity}} token= android.os.BinderProxy@4537dc6
06-21 14:19:52.509  2541  2541 D Mapcon  : TelephonyTracker: [onSignalStrengthsChanged]phoneId=1, level=4
06-21 14:19:52.509  2541  4340 D Mapcon  : VoiceManager-5-PrepareState: [a]MsgIdEnum=MAPCON_MESSAGE_TM_CMD_SIGNAL_STRENGTH_CHANED_IND
06-21 14:19:52.509  2541  4340 D Mapcon  : VoiceManager-5-PrepareState: [a]MsgIdEnum=MAPCON_MESSAGE_TM_CMD_SIGNAL_STRENGTH_CHANED_IND
06-21 14:19:52.509  2541  4340 D Mapcon  : VoiceManager-5-DefaultState: [a]MsgIdEnum=MAPCON_MESSAGE_TM_CMD_SIGNAL_STRENGTH_CHANED_IND
06-21 14:19:52.509  2541  4340 D Mapcon  : VoiceManager-5-DefaultState: [a]MsgIdEnum=MAPCON_MESSAGE_TM_CMD_SIGNAL_STRENGTH_CHANED_IND
06-21 14:19:52.516  2280 23238 D HwCommandQueue: CommandQueue, set Launcher StatusBar Color
06-21 14:19:52.572  1624  2646 I chatty  : uid=1000(system) Binder:1624_C expire 62 lines
06-21 14:19:53.365 10438 10438 D ActivityThread: Won't deliver top position change in state=5
06-21 14:19:53.365  1624  1961 I chatty  : uid=1000(system) HwActivityTaskM expire 20 lines
06-21 14:19:53.395  1624  2928 I chatty  : uid=1000(system) Binder:1624_11 expire 72 lines
06-21 14:19:53.400  2280 11173 D HwCommandQueue: CommandQueue, set Launcher StatusBar Color
06-21 14:19:53.556  1624  2108 I chatty  : uid=1000(system) GestureNavManag expire 12 lines
06-21 14:19:53.781 10438 10438 D ActivityThread: Remove activity client record, r= ActivityRecord{bc9758b token=android.os.BinderProxy@4537dc6 {com.android.settings/com.android.settings.Settings$PreferredSettingsActivity}} token= android.os.BinderProxy@4537dc6
06-21 14:19:53.781 10438 10438 I ViewRootImpl: dispatchDetachedFromWindow in doDie
06-21 14:19:54.078  1624  1968 I chatty  : uid=1000(system) ActivityManager expire 4 lines
06-21 14:19:54.731 10438 10438 V ActivityThread: callActivityOnCreate
06-21 14:19:54.743 10438 10438 D ActivityThread: add activity client record, r= ActivityRecord{2e36b52 token=android.os.BinderProxy@faf51f9 {com.android.settings/com.android.settings.Settings$PreferredSettingsActivity}} token= android.os.BinderProxy@faf51f9
06-21 14:19:54.761  1624  2639 I chatty  : uid=1000(system) Binder:1624_B expire 38 lines
06-21 14:19:54.781  2280 23238 D HwCommandQueue: CommandQueue, set Launcher StatusBar Color
06-21 14:19:55.747 10438 10438 D ActivityThread: Won't deliver top position change in state=5
06-21 14:19:55.779  2280 23238 D HwCommandQueue: CommandQueue, set Launcher StatusBar Color
06-21 14:19:56.162 10438 10438 D ActivityThread: Remove activity client record, r= ActivityRecord{2e36b52 token=android.os.BinderProxy@faf51f9 {com.android.settings/com.android.settings.Settings$PreferredSettingsActivity}} token= android.os.BinderProxy@faf51f9
06-21 14:19:56.162 10438 10438 I ViewRootImpl: dispatchDetachedFromWindow in doDie
06-21 14:19:57.185 10438 10438 V ActivityThread: callActivityOnCreate
06-21 14:19:57.196 10438 10438 D ActivityThread: add activity client record, r= ActivityRecord{55dde31 token=android.os.BinderProxy@c36dc24 {com.android.settings/com.android.settings.Settings$PreferredSettingsActivity}} token= android.os.BinderProxy@c36dc24
06-21 14:19:57.237  2280 23238 D HwCommandQueue: CommandQueue, set Launcher StatusBar Color
06-21 14:19:57.943  2541  2541 D Mapcon  : TelephonyTracker: [onSignalStrengthsChanged]phoneId=0, level=4
06-21 14:19:57.944  2541  4318 D Mapcon  : VoiceManager-0-PrepareState: [a]MsgIdEnum=MAPCON_MESSAGE_TM_CMD_SIGNAL_STRENGTH_CHANED_IND
06-21 14:19:57.944  2541  4318 D Mapcon  : VoiceManager-0-PrepareState: [a]MsgIdEnum=MAPCON_MESSAGE_TM_CMD_SIGNAL_STRENGTH_CHANED_IND
06-21 14:19:57.944  2541  4318 D Mapcon  : VoiceManager-0-PrepareState: [a]MsgIdEnum=MAPCON_MESSAGE_TM_CMD_SIGNAL_STRENGTH_CHANED_IND
06-21 14:19:57.944  2541  4318 D Mapcon  : VoiceManager-0-DefaultState: [a]MsgIdEnum=MAPCON_MESSAGE_TM_CMD_SIGNAL_STRENGTH_CHANED_IND
06-21 14:19:57.944  2541  4318 D Mapcon  : VoiceManager-0-DefaultState: [a]MsgIdEnum=MAPCON_MESSAGE_TM_CMD_SIGNAL_STRENGTH_CHANED_IND
06-21 14:19:57.954 10438 10438 D ActivityThread: Won't deliver top position change in state=5
06-21 14:19:57.986  2280  4917 D HwCommandQueue: CommandQueue, set Launcher StatusBar Color
06-21 14:19:58.362 10438 10438 D ActivityThread: Remove activity client record, r= ActivityRecord{55dde31 token=android.os.BinderProxy@c36dc24 {com.android.settings/com.android.settings.Settings$PreferredSettingsActivity}} token= android.os.BinderProxy@c36dc24
06-21 14:19:58.362 10438 10438 I ViewRootImpl: dispatchDetachedFromWindow in doDie
06-21 14:19:58.362  1624  2048 I chatty  : uid=1000(system) Binder:1624_3 expire 23 lines
06-21 14:19:58.510  2541  2541 D Mapcon  : TelephonyTracker: [onSignalStrengthsChanged]phoneId=1, level=4
06-21 14:19:58.511  2541  4340 D Mapcon  : VoiceManager-5-PrepareState: [a]MsgIdEnum=MAPCON_MESSAGE_TM_CMD_SIGNAL_STRENGTH_CHANED_IND
06-21 14:19:58.511  2541  4340 I chatty  : uid=1001(radio) VoiceManager-5 identical 19 lines
06-21 14:19:58.511  2541  4340 D Mapcon  : VoiceManager-5-PrepareState: [a]MsgIdEnum=MAPCON_MESSAGE_TM_CMD_SIGNAL_STRENGTH_CHANED_IND
06-21 14:19:58.511  2541  4340 D Mapcon  : VoiceManager-5-DefaultState: [a]MsgIdEnum=MAPCON_MESSAGE_TM_CMD_SIGNAL_STRENGTH_CHANED_IND
06-21 14:19:58.511  2541  4340 D Mapcon  : VoiceManager-5-DefaultState: [a]MsgIdEnum=MAPCON_MESSAGE_TM_CMD_SIGNAL_STRENGTH_CHANED_IND
06-21 14:19:58.846 10438 10438 V ActivityThread: callActivityOnCreate
06-21 14:19:58.858 10438 10438 D ActivityThread: add activity client record, r= ActivityRecord{f0b8970 token=android.os.BinderProxy@8ca2e0d {com.android.settings/com.android.settings.Settings$PreferredSettingsActivity}} token= android.os.BinderProxy@8ca2e0d
06-21 14:19:58.896  2280  4917 D HwCommandQueue: CommandQueue, set Launcher StatusBar Color
06-21 14:19:59.741 10438 10438 D ActivityThread: Won't deliver top position change in state=5
06-21 14:19:59.775  2280  4917 D HwCommandQueue: CommandQueue, set Launcher StatusBar Color
06-21 14:19:59.787  1624  1939 I chatty  : uid=1000(system) android.anim expire 141 lines
06-21 14:19:59.797  1624  1934 I chatty  : uid=1000(system) android.display expire 53 lines
06-21 14:20:00.142 10438 10438 D ActivityThread: Remove activity client record, r= ActivityRecord{f0b8970 token=android.os.BinderProxy@8ca2e0d {com.android.settings/com.android.settings.Settings$PreferredSettingsActivity}} token= android.os.BinderProxy@8ca2e0d
06-21 14:20:00.142 10438 10438 I ViewRootImpl: dispatchDetachedFromWindow in doDie
06-21 14:20:00.143  1624  2128 I chatty  : uid=1000(system) Binder:1624_4 expire 80 lines
06-21 14:20:00.598  1624  2167 I chatty  : uid=1000(system) Thread-6 expire 27 lines
06-21 14:20:00.599 10438 10438 V ActivityThread: callActivityOnCreate
06-21 14:20:00.609 10438 10438 D ActivityThread: add activity client record, r= ActivityRecord{d7eb610 token=android.os.BinderProxy@5e74f4f {com.android.settings/com.android.settings.Settings$PreferredSettingsActivity}} token= android.os.BinderProxy@5e74f4f
06-21 14:20:00.667  1624  1931 I chatty  : uid=1000(system) android.ui expire 16 lines
06-21 14:20:00.668  2280  3556 D HwCommandQueue: CommandQueue, set Launcher StatusBar Color
06-21 14:20:03.950  2541  2541 D Mapcon  : TelephonyTracker: [onSignalStrengthsChanged]phoneId=0, level=4
06-21 14:20:03.951  2541  4318 D Mapcon  : VoiceManager-0-PrepareState: [a]MsgIdEnum=MAPCON_MESSAGE_TM_CMD_SIGNAL_STRENGTH_CHANED_IND
06-21 14:20:03.951  2541  4318 I chatty  : uid=1001(radio) VoiceManager-0 identical 48 lines
06-21 14:20:03.951  2541  4318 D Mapcon  : VoiceManager-0-PrepareState: [a]MsgIdEnum=MAPCON_MESSAGE_TM_CMD_SIGNAL_STRENGTH_CHANED_IND
06-21 14:20:03.951  2541  4318 D Mapcon  : VoiceManager-0-DefaultState: [a]MsgIdEnum=MAPCON_MESSAGE_TM_CMD_SIGNAL_STRENGTH_CHANED_IND
06-21 14:20:03.952  2541  4318 D Mapcon  : VoiceManager-0-DefaultState: [a]MsgIdEnum=MAPCON_MESSAGE_TM_CMD_SIGNAL_STRENGTH_CHANED_IND
06-21 14:20:03.952  2286  2896 I chatty  : uid=1000(system) OllieAwareThrea expire 64 lines
06-21 14:20:04.068  2541  2541 D Mapcon  : TelephonyTracker: [onSignalStrengthsChanged]phoneId=0, level=4
06-21 14:20:04.069  2541  4318 D Mapcon  : VoiceManager-0-PrepareState: [a]MsgIdEnum=MAPCON_MESSAGE_TM_CMD_SIGNAL_STRENGTH_CHANED_IND
06-21 14:20:04.069  2541  4318 D Mapcon  : VoiceManager-0-PrepareState: [a]MsgIdEnum=MAPCON_MESSAGE_TM_CMD_SIGNAL_STRENGTH_CHANED_IND
06-21 14:20:04.070  2541  4318 D Mapcon  : VoiceManager-0-DefaultState: [a]MsgIdEnum=MAPCON_MESSAGE_TM_CMD_SIGNAL_STRENGTH_CHANED_IND
06-21 14:20:04.070  2541  4318 D Mapcon  : VoiceManager-0-DefaultState: [a]MsgIdEnum=MAPCON_MESSAGE_TM_CMD_SIGNAL_STRENGTH_CHANED_IND
06-21 14:20:04.220 10438 10438 D ActivityThread: Won't deliver top position change in state=5
06-21 14:20:04.257  2280  3556 D HwCommandQueue: CommandQueue, set Launcher StatusBar Color
06-21 14:20:04.623 10438 10438 D ActivityThread: Remove activity client record, r= ActivityRecord{d7eb610 token=android.os.BinderProxy@5e74f4f {com.android.settings/com.android.settings.Settings$PreferredSettingsActivity}} token= android.os.BinderProxy@5e74f4f
06-21 14:20:04.623 10438 10438 I ViewRootImpl: dispatchDetachedFromWindow in doDie
06-21 14:20:05.278  1624  1962 I chatty  : uid=1000(system) HwGameAssistant expire 12 lines
06-21 14:20:05.289 31918 31918 D ActivityThread: Won't deliver top position change in state=5
06-21 14:20:05.295 31918 31918 I RtgSchedEvent: current pid:31918 AppType:15
06-21 14:20:05.301  2582  3420 I HwNetworkPolicyManager: getHwUidPolicy uid = 10041 policy = 0
06-21 14:20:05.355  2280  7238 D HwCommandQueue: CommandQueue, set Launcher StatusBar Color
06-21 14:20:05.694 10438 10438 D ActivityThread: Remove activity client record, r= ActivityRecord{1391bd token=android.os.BinderProxy@745869 {com.android.settings/com.android.settings.Settings$PreferredListSettingsActivity}} token= android.os.BinderProxy@745869
06-21 14:20:05.696 10438 10438 I ViewRootImpl: dispatchDetachedFromWindow in doDie
06-21 14:20:05.863  1624  1978 I chatty  : uid=1000(system) PowerManagerSer expire 33 lines
06-21 14:20:08.689  1624  2646 I chatty  : uid=1000(system) Binder:1624_C expire 53 lines
06-21 14:20:08.690 10438 10438 D ActivityThread: Won't deliver top position change in state=5
06-21 14:20:08.698  1624  1961 I chatty  : uid=1000(system) HwActivityTaskM expire 14 lines
06-21 14:20:08.712 10438 10438 I RtgSchedEvent: current pid:10438 AppType:255
06-21 14:20:08.715  1624  2928 I chatty  : uid=1000(system) Binder:1624_11 expire 10 lines
06-21 14:20:08.725  2582  3420 I HwNetworkPolicyManager: getHwUidPolicy uid = 1000 policy = 0
06-21 14:20:08.739  2280 23238 D HwCommandQueue: CommandQueue, set Launcher StatusBar Color
06-21 14:20:08.763  1624  2639 I chatty  : uid=1000(system) Binder:1624_B expire 33 lines
06-21 14:20:08.896  1624  2108 I chatty  : uid=1000(system) GestureNavManag expire 12 lines
06-21 14:20:09.114 31918 31918 D ActivityThread: Remove activity client record, r= ActivityRecord{f052ea3 token=android.os.BinderProxy@22cf9ca {com.android.permissioncontroller/com.android.packageinstaller.role.ui.DefaultAppListActivity}} token= android.os.BinderProxy@22cf9ca
06-21 14:20:09.117 31918 31918 I ViewRootImpl: dispatchDetachedFromWindow in doDie
06-21 14:20:12.405 10438 10438 V ActivityThread: callActivityOnCreate
06-21 14:20:12.422 10438 10438 D ActivityThread: add activity client record, r= ActivityRecord{791a6df token=android.os.BinderProxy@1441934 {com.android.settings/com.android.settings.Settings$ManageApplicationsActivity}} token= android.os.BinderProxy@1441934
06-21 14:20:12.505  1624  2629 I chatty  : uid=1000(system) Binder:1624_9 expire 26 lines
06-21 14:20:12.509  2280 23238 D HwCommandQueue: CommandQueue, set Launcher StatusBar Color
06-21 14:20:13.736  2541  2541 D Mapcon  : TelephonyTracker: [onSignalStrengthsChanged]phoneId=1, level=4
06-21 14:20:13.736  2541  4340 D Mapcon  : VoiceManager-5-PrepareState: [a]MsgIdEnum=MAPCON_MESSAGE_TM_CMD_SIGNAL_STRENGTH_CHANED_IND
06-21 14:20:13.736  2541  4340 D Mapcon  : VoiceManager-5-PrepareState: [a]MsgIdEnum=MAPCON_MESSAGE_TM_CMD_SIGNAL_STRENGTH_CHANED_IND
06-21 14:20:13.737  2541  4340 D Mapcon  : VoiceManager-5-DefaultState: [a]MsgIdEnum=MAPCON_MESSAGE_TM_CMD_SIGNAL_STRENGTH_CHANED_IND
06-21 14:20:13.737  2541  4340 D Mapcon  : VoiceManager-5-DefaultState: [a]MsgIdEnum=MAPCON_MESSAGE_TM_CMD_SIGNAL_STRENGTH_CHANED_IND
06-21 14:20:13.806  1624  2153 I chatty  : uid=1000(system) ConnectivitySer expire 12 lines
06-21 14:20:13.845  2280 23238 D HwCommandQueue: CommandQueue, set Launcher StatusBar Color
06-21 14:20:14.496  2541  2541 D Mapcon  : TelephonyTracker: [onSignalStrengthsChanged]phoneId=1, level=4
06-21 14:20:14.496  2541  4340 D Mapcon  : VoiceManager-5-PrepareState: [a]MsgIdEnum=MAPCON_MESSAGE_TM_CMD_SIGNAL_STRENGTH_CHANED_IND
06-21 14:20:14.496  2541  4340 D Mapcon  : VoiceManager-5-PrepareState: [a]MsgIdEnum=MAPCON_MESSAGE_TM_CMD_SIGNAL_STRENGTH_CHANED_IND
06-21 14:20:14.496  2541  4340 D Mapcon  : VoiceManager-5-DefaultState: [a]MsgIdEnum=MAPCON_MESSAGE_TM_CMD_SIGNAL_STRENGTH_CHANED_IND
06-21 14:20:14.497  2541  4340 D Mapcon  : VoiceManager-5-DefaultState: [a]MsgIdEnum=MAPCON_MESSAGE_TM_CMD_SIGNAL_STRENGTH_CHANED_IND
06-21 14:20:16.616  2280 23238 D HwCommandQueue: CommandQueue, set Launcher StatusBar Color
06-21 14:20:16.876  1624  1978 I chatty  : uid=1000(system) PowerManagerSer expire 71 lines
06-21 14:20:17.252 10438 10438 D ActivityThread: Won't deliver top position change in state=5
06-21 14:20:17.267  2280  7238 D HwCommandQueue: CommandQueue, set Launcher StatusBar Color
06-21 14:20:17.295  1624  1934 I chatty  : uid=1000(system) android.display expire 55 lines
06-21 14:20:17.654 10438 10438 D ActivityThread: Remove activity client record, r= ActivityRecord{791a6df token=android.os.BinderProxy@1441934 {com.android.settings/com.android.settings.Settings$ManageApplicationsActivity}} token= android.os.BinderProxy@1441934
06-21 14:20:17.654 10438 10438 I ViewRootImpl: dispatchDetachedFromWindow in doDie
06-21 14:20:19.214 10438 10438 D ActivityThread: Won't deliver top position change in state=5
06-21 14:20:19.215  1624  2167 I chatty  : uid=1000(system) Thread-6 expire 24 lines
06-21 14:20:19.226 10438 10438 W ContextImpl: Calling a method in the system process without a qualified user: android.app.ContextImpl.sendBroadcast:1183 android.content.ContextWrapper.sendBroadcast:453 com.android.settings.HWSettings.onResume:297 android.app.Instrumentation.callActivityOnResume:1472 android.app.Activity.performResume:8351 
06-21 14:20:19.235  1624  1821 I chatty  : uid=1000(system) Binder:1624_2 expire 16 lines
06-21 14:20:19.239  1624  1931 I chatty  : uid=1000(system) android.ui expire 14 lines
06-21 14:20:19.240  2280  7238 D HwCommandQueue: CommandQueue, set Launcher StatusBar Color
06-21 14:20:19.618 10438 10438 D ActivityThread: Remove activity client record, r= ActivityRecord{ffc1ef0 token=android.os.BinderProxy@699d539 {com.android.settings/com.android.settings.Settings$AppAndNotificationDashboardActivity}} token= android.os.BinderProxy@699d539
06-21 14:20:19.618 10438 10438 I ViewRootImpl: dispatchDetachedFromWindow in doDie
06-21 14:20:20.251   491   584 D vold    : sdlock: poll
06-21 14:20:20.253   491   584 I chatty  : uid=0(root) Binder:491_4 identical 2 lines
06-21 14:20:20.254   491   584 D vold    : sdlock: poll
06-21 14:20:20.497  2541  2541 D Mapcon  : TelephonyTracker: [onSignalStrengthsChanged]phoneId=1, level=4
06-21 14:20:20.497  2541  4340 D Mapcon  : VoiceManager-5-PrepareState: [a]MsgIdEnum=MAPCON_MESSAGE_TM_CMD_SIGNAL_STRENGTH_CHANED_IND
06-21 14:20:20.497  2541  4340 D Mapcon  : VoiceManager-5-PrepareState: [a]MsgIdEnum=MAPCON_MESSAGE_TM_CMD_SIGNAL_STRENGTH_CHANED_IND
06-21 14:20:20.497  2541  4340 D Mapcon  : VoiceManager-5-DefaultState: [a]MsgIdEnum=MAPCON_MESSAGE_TM_CMD_SIGNAL_STRENGTH_CHANED_IND
06-21 14:20:20.497  2541  4340 D Mapcon  : VoiceManager-5-DefaultState: [a]MsgIdEnum=MAPCON_MESSAGE_TM_CMD_SIGNAL_STRENGTH_CHANED_IND
06-21 14:20:20.502  2286 26018 I chatty  : uid=1000(system) Binder:2286_10 expire 5 lines
06-21 14:20:20.859  2541  2541 D Mapcon  : TelephonyTracker: [onSignalStrengthsChanged]phoneId=1, level=4
06-21 14:20:20.860  2541  4340 D Mapcon  : VoiceManager-5-PrepareState: [a]MsgIdEnum=MAPCON_MESSAGE_TM_CMD_SIGNAL_STRENGTH_CHANED_IND
06-21 14:20:20.860  2541  4340 D Mapcon  : VoiceManager-5-PrepareState: [a]MsgIdEnum=MAPCON_MESSAGE_TM_CMD_SIGNAL_STRENGTH_CHANED_IND
06-21 14:20:20.861  2541  4340 D Mapcon  : VoiceManager-5-DefaultState: [a]MsgIdEnum=MAPCON_MESSAGE_TM_CMD_SIGNAL_STRENGTH_CHANED_IND
06-21 14:20:20.861  2541  4340 D Mapcon  : VoiceManager-5-DefaultState: [a]MsgIdEnum=MAPCON_MESSAGE_TM_CMD_SIGNAL_STRENGTH_CHANED_IND
06-21 14:20:21.740 10438 10438 V ActivityThread: callActivityOnCreate
06-21 14:20:21.751  1624  2928 I chatty  : uid=1000(system) Binder:1624_11 expire 26 lines
06-21 14:20:21.771 10438 10438 D ActivityThread: add activity client record, r= ActivityRecord{b37ecc7 token=android.os.BinderProxy@8b069ff {com.android.settings/com.android.settings.Settings$AppAndNotificationDashboardActivity}} token= android.os.BinderProxy@8b069ff
06-21 14:20:21.901  2280  7238 D HwCommandQueue: CommandQueue, set Launcher StatusBar Color
06-21 14:20:21.921  1624  2048 I chatty  : uid=1000(system) Binder:1624_3 expire 14 lines
06-21 14:20:23.327  1624  2211 I chatty  : uid=1000(system) Binder:1624_5 expire 19 lines
06-21 14:20:23.351  1624  1939 I chatty  : uid=1000(system) android.anim expire 89 lines
06-21 14:20:23.365  2280  7238 D HwCommandQueue: CommandQueue, set Launcher StatusBar Color
06-21 14:20:23.367  2541  2541 V ActivityThread: callActivityOnCreate
06-21 14:20:23.409  1624  2646 I chatty  : uid=1000(system) Binder:1624_C expire 65 lines
06-21 14:20:23.417  1624  1961 I chatty  : uid=1000(system) HwActivityTaskM expire 19 lines
06-21 14:20:23.420  2280  7238 D HwCommandQueue: CommandQueue, set Launcher StatusBar Color
06-21 14:20:23.424  2541  2541 D ActivityThread: add activity client record, r= ActivityRecord{8727e16 token=android.os.BinderProxy@2703fde {com.android.phone/com.android.phone.MSimCallFeaturesSetting}} token= android.os.BinderProxy@2703fde
06-21 14:20:23.429  2541  2541 D ActivityThread: Won't deliver top position change in state=1
06-21 14:20:23.429  2541  2541 D ActivityThread: Won't deliver top position change in state=1
06-21 14:20:23.450  2541  2541 V ActivityThread: callActivityOnCreate
06-21 14:20:23.521  2541  2541 D ActivityThread: add activity client record, r= ActivityRecord{97a506f token=android.os.BinderProxy@62e9397 {com.android.phone/com.android.phone.MSimCallFeaturesSetting}} token= android.os.BinderProxy@62e9397
06-21 14:20:23.554  1624  2629 I chatty  : uid=1000(system) Binder:1624_9 expire 25 lines
06-21 14:20:23.565  2286  2896 I chatty  : uid=1000(system) OllieAwareThrea expire 18 lines
06-21 14:20:23.601  2280  3556 I HwCommandQueue: updateBarBgColor
06-21 14:20:23.601  2280  3556 D HwCommandQueue: CommandQueue, setBarBackgroundColor
06-21 14:20:23.694  2541  2541 D Mapcon  : TelephonyTracker: [onSignalStrengthsChanged]phoneId=0, level=4
06-21 14:20:23.694  2541  4318 D Mapcon  : VoiceManager-0-PrepareState: [a]MsgIdEnum=MAPCON_MESSAGE_TM_CMD_SIGNAL_STRENGTH_CHANED_IND
06-21 14:20:23.695  2541  4318 D Mapcon  : VoiceManager-0-PrepareState: [a]MsgIdEnum=MAPCON_MESSAGE_TM_CMD_SIGNAL_STRENGTH_CHANED_IND
06-21 14:20:23.695  2541  4318 D Mapcon  : VoiceManager-0-DefaultState: [a]MsgIdEnum=MAPCON_MESSAGE_TM_CMD_SIGNAL_STRENGTH_CHANED_IND
06-21 14:20:23.695  2541  4318 D Mapcon  : VoiceManager-0-DefaultState: [a]MsgIdEnum=MAPCON_MESSAGE_TM_CMD_SIGNAL_STRENGTH_CHANED_IND
06-21 14:20:23.769  2541  2541 D ActivityThread: Remove activity client record, r= ActivityRecord{8727e16 token=android.os.BinderProxy@2703fde {com.android.phone/com.android.phone.MSimCallFeaturesSetting}} token= android.os.BinderProxy@2703fde
06-21 14:20:26.856  2541  2541 D Mapcon  : TelephonyTracker: [onSignalStrengthsChanged]phoneId=1, level=4
06-21 14:20:26.857  2541  4340 D Mapcon  : VoiceManager-5-PrepareState: [a]MsgIdEnum=MAPCON_MESSAGE_TM_CMD_SIGNAL_STRENGTH_CHANED_IND
06-21 14:20:26.858  2541  4340 D Mapcon  : VoiceManager-5-PrepareState: [a]MsgIdEnum=MAPCON_MESSAGE_TM_CMD_SIGNAL_STRENGTH_CHANED_IND
06-21 14:20:26.858  2541  4340 D Mapcon  : VoiceManager-5-DefaultState: [a]MsgIdEnum=MAPCON_MESSAGE_TM_CMD_SIGNAL_STRENGTH_CHANED_IND
06-21 14:20:26.858  2541  4340 D Mapcon  : VoiceManager-5-DefaultState: [a]MsgIdEnum=MAPCON_MESSAGE_TM_CMD_SIGNAL_STRENGTH_CHANED_IND
06-21 14:20:29.372  2541  2541 V ActivityThread: callActivityOnCreate
06-21 14:20:29.407  2541  2541 D ActivityThread: add activity client record, r= ActivityRecord{963767d token=android.os.BinderProxy@c82b5e3 {com.android.phone/com.android.phone.AdvancedCallFeatureSettings}} token= android.os.BinderProxy@c82b5e3
06-21 14:20:29.429  2280 23238 D HwCommandQueue: CommandQueue, set Launcher StatusBar Color
06-21 14:20:29.564  2541  2541 D Mapcon  : TelephonyTracker: [onSignalStrengthsChanged]phoneId=0, level=4
06-21 14:20:29.565  2541  4318 D Mapcon  : VoiceManager-0-PrepareState: [a]MsgIdEnum=MAPCON_MESSAGE_TM_CMD_SIGNAL_STRENGTH_CHANED_IND
06-21 14:20:29.565  2541  4318 D Mapcon  : VoiceManager-0-PrepareState: [a]MsgIdEnum=MAPCON_MESSAGE_TM_CMD_SIGNAL_STRENGTH_CHANED_IND
06-21 14:20:29.565  2541  4318 D Mapcon  : VoiceManager-0-DefaultState: [a]MsgIdEnum=MAPCON_MESSAGE_TM_CMD_SIGNAL_STRENGTH_CHANED_IND
06-21 14:20:29.565  2541  4318 D Mapcon  : VoiceManager-0-DefaultState: [a]MsgIdEnum=MAPCON_MESSAGE_TM_CMD_SIGNAL_STRENGTH_CHANED_IND
06-21 14:20:31.382  2541  2541 D ActivityThread: Won't deliver top position change in state=5
06-21 14:20:31.412  2280 23238 D HwCommandQueue: CommandQueue, set Launcher StatusBar Color
06-21 14:20:31.788  1624  1934 I chatty  : uid=1000(system) android.display expire 67 lines
06-21 14:20:31.812  2541  2541 D ActivityThread: Remove activity client record, r= ActivityRecord{963767d token=android.os.BinderProxy@c82b5e3 {com.android.phone/com.android.phone.AdvancedCallFeatureSettings}} token= android.os.BinderProxy@c82b5e3
06-21 14:20:31.812  2541  2541 I ViewRootImpl: dispatchDetachedFromWindow in doDie
06-21 14:20:31.912  1624  1978 I chatty  : uid=1000(system) PowerManagerSer expire 76 lines
06-21 14:20:32.864  2541  2541 D Mapcon  : TelephonyTracker: [onSignalStrengthsChanged]phoneId=1, level=4
06-21 14:20:32.864  2541  4340 D Mapcon  : VoiceManager-5-PrepareState: [a]MsgIdEnum=MAPCON_MESSAGE_TM_CMD_SIGNAL_STRENGTH_CHANED_IND
06-21 14:20:32.865  2541  4340 D Mapcon  : VoiceManager-5-PrepareState: [a]MsgIdEnum=MAPCON_MESSAGE_TM_CMD_SIGNAL_STRENGTH_CHANED_IND
06-21 14:20:32.865  2541  4340 D Mapcon  : VoiceManager-5-DefaultState: [a]MsgIdEnum=MAPCON_MESSAGE_TM_CMD_SIGNAL_STRENGTH_CHANED_IND
06-21 14:20:32.865  2541  4340 D Mapcon  : VoiceManager-5-DefaultState: [a]MsgIdEnum=MAPCON_MESSAGE_TM_CMD_SIGNAL_STRENGTH_CHANED_IND
06-21 14:20:32.900  1624  2928 I chatty  : uid=1000(system) Binder:1624_11 expire 81 lines
06-21 14:20:33.317  1624  1821 I chatty  : uid=1000(system) Binder:1624_2 expire 37 lines
06-21 14:20:33.352  2541  2541 D Mapcon  : TelephonyTracker: [onSignalStrengthsChanged]phoneId=1, level=4
06-21 14:20:33.352  1624  2167 I chatty  : uid=1000(system) Thread-6 expire 28 lines
06-21 14:20:33.352  2541  4340 D Mapcon  : VoiceManager-5-PrepareState: [a]MsgIdEnum=MAPCON_MESSAGE_TM_CMD_SIGNAL_STRENGTH_CHANED_IND
06-21 14:20:33.352  2541  4340 D Mapcon  : VoiceManager-5-PrepareState: [a]MsgIdEnum=MAPCON_MESSAGE_TM_CMD_SIGNAL_STRENGTH_CHANED_IND
06-21 14:20:33.353  2541  4340 D Mapcon  : VoiceManager-5-PrepareState: [a]MsgIdEnum=MAPCON_MESSAGE_TM_CMD_SIGNAL_STRENGTH_CHANED_IND
06-21 14:20:33.353  2541  4340 D Mapcon  : VoiceManager-5-DefaultState: [a]MsgIdEnum=MAPCON_MESSAGE_TM_CMD_SIGNAL_STRENGTH_CHANED_IND
06-21 14:20:33.353  2541  4340 D Mapcon  : VoiceManager-5-DefaultState: [a]MsgIdEnum=MAPCON_MESSAGE_TM_CMD_SIGNAL_STRENGTH_CHANED_IND
06-21 14:20:33.358 10438 10438 D ActivityThread: Won't deliver top position change in state=5
06-21 14:20:33.365 10438 10438 I RtgSchedEvent: current pid:10438 AppType:255
06-21 14:20:33.384  2280  3556 I HwCommandQueue: updateBarBgColor
06-21 14:20:33.385  2280  3556 D HwCommandQueue: CommandQueue, setBarBackgroundColor
06-21 14:20:33.385  1624  1931 I chatty  : uid=1000(system) android.ui expire 14 lines
06-21 14:20:33.385  2280  3556 D HwCommandQueue: CommandQueue, set Launcher StatusBar Color
06-21 14:20:33.388  2582  3420 I HwNetworkPolicyManager: getHwUidPolicy uid = 1000 policy = 0
06-21 14:20:33.760  2541  2541 D ActivityThread: Remove activity client record, r= ActivityRecord{97a506f token=android.os.BinderProxy@62e9397 {com.android.phone/com.android.phone.MSimCallFeaturesSetting}} token= android.os.BinderProxy@62e9397
06-21 14:20:33.760  2541  2541 I ViewRootImpl: dispatchDetachedFromWindow in doDie
06-21 14:20:34.400  2541  2541 V ActivityThread: callActivityOnCreate
06-21 14:20:34.415  2280 23238 D HwCommandQueue: CommandQueue, set Launcher StatusBar Color
06-21 14:20:34.441  2280 23238 D HwCommandQueue: CommandQueue, set Launcher StatusBar Color
06-21 14:20:34.444  2541  2541 D ActivityThread: add activity client record, r= ActivityRecord{d2b5ecc token=android.os.BinderProxy@b72da21 {com.android.phone/com.android.phone.MSimCallFeaturesSetting}} token= android.os.BinderProxy@b72da21
06-21 14:20:34.446  2541  2541 D ActivityThread: Won't deliver top position change in state=1
06-21 14:20:34.446  2541  2541 D ActivityThread: Won't deliver top position change in state=1
06-21 14:20:34.448  1624  2639 I chatty  : uid=1000(system) Binder:1624_B expire 28 lines
06-21 14:20:34.459  2541  2541 V ActivityThread: callActivityOnCreate
06-21 14:20:34.493  2541  2541 D ActivityThread: add activity client record, r= ActivityRecord{c1fc594 token=android.os.BinderProxy@21b515 {com.android.phone/com.android.phone.MSimCallFeaturesSetting}} token= android.os.BinderProxy@21b515
06-21 14:20:34.547  1624  2128 I chatty  : uid=1000(system) Binder:1624_4 expire 75 lines
06-21 14:20:34.549  2280  3556 I HwCommandQueue: updateBarBgColor
06-21 14:20:34.549  2280  3556 D HwCommandQueue: CommandQueue, setBarBackgroundColor
06-21 14:20:34.647  2541  2541 D ActivityThread: Remove activity client record, r= ActivityRecord{d2b5ecc token=android.os.BinderProxy@b72da21 {com.android.phone/com.android.phone.MSimCallFeaturesSetting}} token= android.os.BinderProxy@b72da21
06-21 14:20:34.714  1624  1939 I chatty  : uid=1000(system) android.anim expire 72 lines
06-21 14:20:34.750  1624  2105 I chatty  : uid=1000(system) sManagerService expire 17 lines
06-21 14:20:34.751  1624  2646 I chatty  : uid=1000(system) Binder:1624_C expire 13 lines
06-21 14:20:35.599  1624  1961 I chatty  : uid=1000(system) HwActivityTaskM expire 10 lines
06-21 14:20:35.604 10438 10438 V ActivityThread: callActivityOnCreate
06-21 14:20:35.613 10438 10438 I RtgSchedEvent: current pid:10438 AppType:255
06-21 14:20:35.614  2582  3420 I HwNetworkPolicyManager: getHwUidPolicy uid = 1000 policy = 0
06-21 14:20:35.663 10438 10438 D ActivityThread: add activity client record, r= ActivityRecord{f0ff2de token=android.os.BinderProxy@71aa5a3 {com.android.settings/com.android.settings.applications.InstalledAppDetails}} token= android.os.BinderProxy@71aa5a3
06-21 14:20:35.724  1624  1974 I chatty  : uid=1000(system) batterystats-wo expire 5 lines
06-21 14:20:35.739 10438 10438 V RemoteService: ensureBound()
06-21 14:20:35.779  2280  7238 I HwCommandQueue: updateBarBgColor
06-21 14:20:35.779  2280  7238 D HwCommandQueue: CommandQueue, setBarBackgroundColor
06-21 14:20:35.780  2280  7238 D HwCommandQueue: CommandQueue, set Launcher StatusBar Color
06-21 14:20:35.790 10438  2026 D BatteryStatsImpl: getHwChargeTimeRemaining = -1
06-21 14:20:35.899  1624  2629 I chatty  : uid=1000(system) Binder:1624_9 expire 5 lines
06-21 14:20:39.262  1624 12624 I chatty  : uid=1000(system) Binder:1624_1F expire 34 lines
06-21 14:20:39.282  2541  2541 D ActivityThread: Won't deliver top position change in state=5
06-21 14:20:39.282  1624  2211 I chatty  : uid=1000(system) Binder:1624_5 expire 11 lines
06-21 14:20:39.323  2280  7238 I HwCommandQueue: updateBarBgColor
06-21 14:20:39.323  2280  7238 D HwCommandQueue: CommandQueue, setBarBackgroundColor
06-21 14:20:39.324  2280  7238 D HwCommandQueue: CommandQueue, set Launcher StatusBar Color
06-21 14:20:39.398  2541  2541 D Mapcon  : TelephonyTracker: [onSignalStrengthsChanged]phoneId=1, level=4
06-21 14:20:39.398  2541  4340 D Mapcon  : VoiceManager-5-PrepareState: [a]MsgIdEnum=MAPCON_MESSAGE_TM_CMD_SIGNAL_STRENGTH_CHANED_IND
06-21 14:20:39.398  2541  4340 D Mapcon  : VoiceManager-5-PrepareState: [a]MsgIdEnum=MAPCON_MESSAGE_TM_CMD_SIGNAL_STRENGTH_CHANED_IND
06-21 14:20:39.399  2541  4340 D Mapcon  : VoiceManager-5-DefaultState: [a]MsgIdEnum=MAPCON_MESSAGE_TM_CMD_SIGNAL_STRENGTH_CHANED_IND
06-21 14:20:39.399  2541  4340 D Mapcon  : VoiceManager-5-DefaultState: [a]MsgIdEnum=MAPCON_MESSAGE_TM_CMD_SIGNAL_STRENGTH_CHANED_IND
06-21 14:20:39.446  1624  2108 I chatty  : uid=1000(system) GestureNavManag expire 10 lines
06-21 14:20:39.734 10438 10438 D ActivityThread: Remove activity client record, r= ActivityRecord{f0ff2de token=android.os.BinderProxy@71aa5a3 {com.android.settings/com.android.settings.applications.InstalledAppDetails}} token= android.os.BinderProxy@71aa5a3
06-21 14:20:39.735 10438 10438 I ViewRootImpl: dispatchDetachedFromWindow in doDie
06-21 14:20:39.937 10438 10438 D ActivityThread: Won't deliver top position change in state=5
06-21 14:20:39.964 10438 10438 I RtgSchedEvent: current pid:10438 AppType:255
06-21 14:20:39.967  2582  3386 I HwNetworkPolicyManager: getHwUidPolicy uid = 1000 policy = 0
06-21 14:20:39.996  2280 23238 I HwCommandQueue: updateBarBgColor
06-21 14:20:39.996  2280 23238 D HwCommandQueue: CommandQueue, setBarBackgroundColor
06-21 14:20:39.997  2280 23238 D HwCommandQueue: CommandQueue, set Launcher StatusBar Color
06-21 14:20:40.339  2541  2541 D ActivityThread: Remove activity client record, r= ActivityRecord{c1fc594 token=android.os.BinderProxy@21b515 {com.android.phone/com.android.phone.MSimCallFeaturesSetting}} token= android.os.BinderProxy@21b515
06-21 14:20:40.339  2541  2541 I ViewRootImpl: dispatchDetachedFromWindow in doDie
06-21 14:20:41.007  1624  1624 I chatty  : uid=1000 system_server expire 59 lines
06-21 14:20:41.019  1624  1969 I chatty  : uid=1000(system) ActivityManager expire 6 lines
06-21 14:20:41.041 32049 32049 D ActivityThread: Attach thread to application
06-21 14:20:41.052 32049  2276 I ActivityThread: Init compatible state: true
06-21 14:20:41.271 10438 10438 D ActivityThread: Won't deliver top position change in state=5
06-21 14:20:41.278 10438 10438 W ContextImpl: Calling a method in the system process without a qualified user: android.app.ContextImpl.sendBroadcast:1183 android.content.ContextWrapper.sendBroadcast:453 com.android.settings.HWSettings.onResume:297 android.app.Instrumentation.callActivityOnResume:1472 android.app.Activity.performResume:8351 
06-21 14:20:41.292  2280 23238 D HwCommandQueue: CommandQueue, set Launcher StatusBar Color
06-21 14:20:41.442  1624  2048 I chatty  : uid=1000(system) Binder:1624_3 expire 15 lines
06-21 14:20:41.476 32049 32049 D HwCustConnectivityManagerImpl: isBlockNetworkRequestByNonAis, INVALID_SUBSCRIPTION_ID
06-21 14:20:41.535 32049  2351 D HwCustConnectivityManagerImpl: isBlockNetworkRequestByNonAis, INVALID_SUBSCRIPTION_ID
06-21 14:20:41.537 32049  2351 D HwCustConnectivityManagerImpl: isBlockNetworkRequestByNonAis, INVALID_SUBSCRIPTION_ID
06-21 14:20:41.670 10438 10438 D ActivityThread: Remove activity client record, r= ActivityRecord{b37ecc7 token=android.os.BinderProxy@8b069ff {com.android.settings/com.android.settings.Settings$AppAndNotificationDashboardActivity}} token= android.os.BinderProxy@8b069ff
06-21 14:20:41.670 10438 10438 I ViewRootImpl: dispatchDetachedFromWindow in doDie
06-21 14:20:41.812 32049 32049 I ActivityThread: finishPreloaded preloadStatus 0
06-21 14:20:42.264   491   584 D vold    : sdlock: poll
06-21 14:20:42.265   491   584 D vold    : sdlock: poll
06-21 14:20:42.477  2286 22957 I chatty  : uid=1000(system) Binder:2286_C expire 2 lines
06-21 14:20:43.146  2541  2541 D Mapcon  : TelephonyTracker: [onSignalStrengthsChanged]phoneId=0, level=5
06-21 14:20:43.146  2541  4318 D Mapcon  : VoiceManager-0-PrepareState: [a]MsgIdEnum=MAPCON_MESSAGE_TM_CMD_SIGNAL_STRENGTH_CHANED_IND
