06-21 14:24:56.460  5689  5070 I chatty  : uid=10111 com.huawei.hiai.engineservice expire 2 lines
06-21 14:24:56.461 32049 32049 D HwCustConnectivityManagerImpl: isBlockNetworkRequestByNonAis, INVALID_SUBSCRIPTION_ID
06-21 14:24:56.461 32049 32049 I ConnectivityManager: requestNetwork and the calling app is: com.linkedin.android
06-21 14:24:56.461  5689  5072 I chatty  : uid=10111 com.huawei.hiai.engineservice expire 6 lines
06-21 14:24:56.462  1624 12624 I ConnectivityService: requestNetwork for uid/pid:10369/32049 NetworkRequest [ TRACK_DEFAULT id=67904, [ Capabilities: INTERNET&NOT_RESTRICTED&TRUSTED Uid: 10369 DNN:  SSCMODE: 0 SNSSAI:  PduSessionType: 0 RouteBitmap: 0] ]
06-21 14:24:56.463  1624  2153 I ConnectivityService: rematching NetworkAgentInfo [MOBILE (LTE) - 688]
06-21 14:24:56.463  1624  2153 I ConnectivityService: CS = 0, NS = 50
06-21 14:24:56.463  1624  2153 I ConnectivityService: rematch for NetworkAgentInfo [MOBILE (LTE) - 688]
06-21 14:24:56.464  2541  2541 D VoWifiFactory: got request NetworkRequest [ TRACK_DEFAULT id=67904, [ Capabilities: INTERNET&NOT_RESTRICTED&TRUSTED Uid: 10369 DNN:  SSCMODE: 0 SNSSAI:  PduSessionType: 0 RouteBitmap: 0] ] with score 50 and serial 5
06-21 14:24:56.464  2541  2541 D PhoneSwitcherNetworkRequstListener: got request NetworkRequest [ TRACK_DEFAULT id=67904, [ Capabilities: INTERNET&NOT_RESTRICTED&TRUSTED Uid: 10369 DNN:  SSCMODE: 0 SNSSAI:  PduSessionType: 0 RouteBitmap: 0] ] with score 50 and serial 5
06-21 14:24:56.464  1624  2153 I ConnectivityService: NetworkAgentInfo [MOBILE (LTE) - 688] NC all is: 67876 1 10 67888 67873 21 67901 8 67881 67877 14 28 25 64141 36 67880 9 67897 67882 39 4 67886 12 67757 
06-21 14:24:56.464  1624  2226 I chatty  : uid=1000(system) EthernetService expire 1 line
06-21 14:24:56.465  1624  2137 I chatty  : uid=1000(system) ClientModeImpl expire 2 lines
06-21 14:24:56.466  5689  5073 I chatty  : uid=10111 com.huawei.hiai.engineservice expire 2 lines
06-21 14:24:56.468  1624  1624 I ActivityTaskManager: Cannot add android into com.linkedin.android bound list.
06-21 14:24:56.471  1624  1624 I JobScheduler: About to run job on context 1, job: JobStatus{d6aded4 #u0a369/-2147482874 com.linkedin.android/androidx.work.impl.background.systemjob.SystemJobService u=0 s=10369 TIME=-35ms:none NET READY}
06-21 14:24:56.475   743 26555 D AudioPolicyService: getUidState(10369) !cacheIter->second.first, return PROCESS_STATE_UNKNOWN
06-21 14:24:56.477  1624  1624 I ActivityTaskManager: Cannot add android into com.linkedin.android bound list.
06-21 14:24:56.482  5689  5074 I chatty  : uid=10111 com.huawei.hiai.engineservice expire 2 lines
06-21 14:24:56.483  2541  2541 D PhoneSwitcherNetworkRequstListener: got request NetworkRequest [ TRACK_DEFAULT id=67904, [ Capabilities: INTERNET&NOT_RESTRICTED&TRUSTED Uid: 10369 DNN:  SSCMODE: 0 SNSSAI:  PduSessionType: 0 RouteBitmap: 0] ] with score 50 and serial 5
06-21 14:24:56.483  1624  1978 I PowerManagerService: handleSandman: wakefulness: 1,startDreaming: false
06-21 14:24:56.485  1624  1624 I JobServiceContext: APP response begin time, startJob due to preemption. jobid:-2147482876
06-21 14:24:56.485  1624  1978 I PowerManagerService: handleSandman: wakefulness: 1,startDreaming: false
06-21 14:24:56.485  5689  5075 I chatty  : uid=10111 com.huawei.hiai.engineservice expire 2 lines
06-21 14:24:56.487  1624  1624 W ProcBatteryStats: timer is running , not start, name: , uid: 10369, tag: *job*/com.linkedin.android/androidx.work.impl.background.systemjob.SystemJobService
06-21 14:24:56.487  1624  1624 I JobServiceContext: APP response begin time, startJob due to preemption. jobid:-2147482874
06-21 14:24:56.487  1624  1978 I PowerManagerService: handleSandman: wakefulness: 1,startDreaming: false
06-21 14:24:56.488  1624 12624 I JobServiceContext: APP response end time startJob.
06-21 14:24:56.488  5689  5076 I chatty  : uid=10111 com.huawei.hiai.engineservice expire 2 lines
06-21 14:24:56.505  2280  2513 D NetworkController.MobileSignalController(1_1): mSimSubId:1 onDataActivity: direction=2
06-21 14:24:56.505  2280  2513 I MobileSignalController: copyFrom::dataConnected = true
06-21 14:24:56.505  2280  2513 I MobileSignalController: copyFrom::dataConnected = true
06-21 14:24:56.558   649  1386 W /system/bin/netd: A binder object at 0x779425e900 is being transacted on, however, this object is in the same process as its proxy. Transacting with this binder is expensive compared to just calling the corresponding functionality in the same process.
06-21 14:24:56.559   649  1386 I PreDnsController: CanPreDnsQuery,persist.sys.predns is false!
06-21 14:24:56.616    53    53 W migration/7: type=1400 audit(0.0:4113770): avc: granted { setsched } for pid=53 scontext=u:r:kernel:s0 tcontext=u:r:kernel:s0 tclass=process
06-21 14:24:56.616    47    47 W migration/6: type=1400 audit(0.0:4113771): avc: granted { setsched } for pid=47 scontext=u:r:kernel:s0 tcontext=u:r:kernel:s0 tclass=process
06-21 14:24:56.488  1624 12624 I JobServiceContext: APP response end time startJob.
06-21 14:24:56.629  1624  2083 I ActivityManager: sendIntentSender target:PendingIntentRecord{b9132f6 com.huawei.nearby broadcastIntent}, intent:flg=0x4 hwFlg=0x810
06-21 14:24:56.631  1624  1978 I PowerManagerService: handleSandman: wakefulness: 1,startDreaming: false
06-21 14:24:56.636  2430  2430 I chatty  : uid=1000(system) com.huawei.nearby expire 4 lines
06-21 14:24:56.637  2430  3007 I chatty  : uid=1000(system) HeartBeatMsgThr expire 117 lines
06-21 14:24:56.637  1624 12624 V BroadcastQueue: Finished with ordered broadcast BroadcastRecord{22ee2ed u0 DeviceMonitorService.MonitorStrategy.NormalAlarm}
06-21 14:24:56.638  5689  5084 I chatty  : uid=10111 com.huawei.hiai.engineservice expire 5 lines
06-21 14:24:56.636    47    47 W migration/6: type=1400 audit(0.0:4113772): avc: granted { setsched } for pid=47 scontext=u:r:kernel:s0 tcontext=u:r:kernel:s0 tclass=process
06-21 14:24:56.640    53    53 W migration/7: type=1400 audit(0.0:4113773): avc: granted { setsched } for pid=53 scontext=u:r:kernel:s0 tcontext=u:r:kernel:s0 tclass=process
06-21 14:24:56.642  5689  5086 I chatty  : uid=10111 com.huawei.hiai.engineservice expire 6 lines
06-21 14:24:56.644  5689  5085 I chatty  : uid=10111 com.huawei.hiai.engineservice expire 2 lines
06-21 14:24:56.646  5689  5087 I chatty  : uid=10111 com.huawei.hiai.engineservice expire 2 lines
06-21 14:24:56.647  5689  5088 I chatty  : uid=10111 com.huawei.hiai.engineservice expire 5 lines
06-21 14:24:56.649  5689  5089 I chatty  : uid=10111 com.huawei.hiai.engineservice expire 2 lines
06-21 14:24:56.651  5689  5090 I chatty  : uid=10111 com.huawei.hiai.engineservice expire 5 lines
06-21 14:24:56.654  5689  5091 I chatty  : uid=10111 com.huawei.hiai.engineservice expire 2 lines
06-21 14:24:56.657  1624  1978 I PowerManagerService: handleSandman: wakefulness: 1,startDreaming: false
06-21 14:24:56.665 28778 29438 I hw_btif_if: GetSensorhubCap 
06-21 14:24:56.680 28778 29438 D BtGatt.JNI: hidevice value synergyDelta is -1
06-21 14:24:56.704 28778 29363 I bt_stack: [INFO:btm_ble_multi_adv.cc(293)] operator() interval_ms 791458 delta_time 108542
06-21 14:24:56.776    53    53 W migration/7: type=1400 audit(0.0:4113774): avc: granted { setsched } for pid=53 scontext=u:r:kernel:s0 tcontext=u:r:kernel:s0 tclass=process
06-21 14:24:56.776    47    47 W migration/6: type=1400 audit(0.0:4113775): avc: granted { setsched } for pid=47 scontext=u:r:kernel:s0 tcontext=u:r:kernel:s0 tclass=process
06-21 14:24:56.948 32049  2425 W WM-WorkSpec: Flex duration lesser than minimum allowed value; Changed to 300000
06-21 14:24:56.965 32049  2352 I WM-WorkerWrapper: Worker result SUCCESS for Work [ id=3b3015ad-b9f6-45fa-bd6a-c80ae14c2378, tags={ com.linkedin.android.segment.ChameleonPeriodicWork } ]
06-21 14:24:56.725  1624  1978 I chatty  : uid=1000(system) PowerManagerSer identical 1 line
06-21 14:24:56.971  1624  1978 I PowerManagerService: handleSandman: wakefulness: 1,startDreaming: false
06-21 14:24:56.971  1624  2211 I ActivityTaskManager: Cannot add android into com.linkedin.android bound list.
06-21 14:24:56.975  1624  2211 I JobScheduler: APP response end time, Completed JobStatus{d6aded4 #u0a369/-2147482874 com.linkedin.android/androidx.work.impl.background.systemjob.SystemJobService u=0 s=10369 TIME=-539ms:none NET READY}, reschedule=false
06-21 14:24:56.975  1624  1624 I JobScheduler: Ready to Be Executed: 580ed0d #u10a68/50001 com.huawei.hwid/com.huawei.hms.runtimekit.stub.HMSKitC1NEStubJobService10 exists=true userStarted=false
06-21 14:24:56.975  1624  1624 I JobScheduler: Ready to Be Executed: 52d14c2 #u10a32/2 com.huawei.phoneservice/.question.service.UserSuggestService exists=true userStarted=false
06-21 14:24:56.975  1624  1624 I JobScheduler: Ready to Be Executed: 9122d3 #u10a32/1 com.huawei.phoneservice/.question.service.NpsJobService exists=true userStarted=false
06-21 14:24:56.975  1624  1624 I JobScheduler: Ready to Be Executed: 89a4e10 #u10a11/1 com.android.providers.media/com.huawei.media.bigdata.ReporterService exists=true userStarted=false
06-21 14:24:56.976  1624  1624 I JobScheduler: Ready to Be Executed: ddc4d09 #u10s1001/101 com.huawei.hwvoipservice/com.huawei.hicaas.common.core.schedule.UpdateComTokenJobService exists=true userStarted=false
06-21 14:24:56.976  1624  1624 I JobScheduler: Ready to Be Executed: 8a6a8e #u0a369/-2147482876 com.linkedin.android/androidx.work.impl.background.systemjob.SystemJobService pending=false active=true
06-21 14:24:56.985  1624 12624 I JobScheduler.Time: Add job to TimeTracking: 5a3c0e9 #u0a369/-2147482874 com.linkedin.android/androidx.work.impl.background.systemjob.SystemJobService, delayTime:3184608809, deadlineTime:9223372036854775807
06-21 14:24:56.990 32049  2398 I WM-WorkerWrapper: Worker result SUCCESS for Work [ id=d9f7cf37-ab02-4856-90f3-464e1d76d17e, tags={ com.linkedin.android.litrackinglib.network.SendTrackingEventWorker, period_sync_work } ]
06-21 14:24:56.994  1624  2153 I ConnectivityService: releasing NetworkRequest [ TRACK_DEFAULT id=67904, [ Capabilities: INTERNET&NOT_RESTRICTED&TRUSTED Uid: 10369 DNN:  SSCMODE: 0 SNSSAI:  PduSessionType: 0 RouteBitmap: 0] ] (release request)
06-21 14:24:56.994  1624  2153 I ConnectivityService:  Removing from current network NetworkAgentInfo [MOBILE (LTE) - 688], leaving 52 requests.
06-21 14:24:56.994  1624 12624 W ProcBatteryStats: timer is not running , not stop, name: , uid: 10369, tag: *job*/com.linkedin.android/androidx.work.impl.background.systemjob.SystemJobService
06-21 14:24:56.995  1624  1978 I PowerManagerService: handleSandman: wakefulness: 1,startDreaming: false
06-21 14:24:57.000  1624 12624 I JobScheduler: APP response end time, Completed JobStatus{8a6a8e #u0a369/-2147482876 com.linkedin.android/androidx.work.impl.background.systemjob.SystemJobService u=0 s=10369 TIME=-601ms:none NET READY}, reschedule=false
06-21 14:24:57.000   743 26555 D AudioPolicyService: getUidState(10369) !cacheIter->second.first, return PROCESS_STATE_UNKNOWN
06-21 14:24:57.001  1624  1624 I JobScheduler: Ready to Be Executed: 580ed0d #u10a68/50001 com.huawei.hwid/com.huawei.hms.runtimekit.stub.HMSKitC1NEStubJobService10 exists=true userStarted=false
06-21 14:24:57.001  1624  1624 I JobScheduler: Ready to Be Executed: 52d14c2 #u10a32/2 com.huawei.phoneservice/.question.service.UserSuggestService exists=true userStarted=false
06-21 14:24:57.001  1624  1624 I JobScheduler: Ready to Be Executed: 9122d3 #u10a32/1 com.huawei.phoneservice/.question.service.NpsJobService exists=true userStarted=false
06-21 14:24:57.001  1624  1624 I JobScheduler: Ready to Be Executed: 89a4e10 #u10a11/1 com.android.providers.media/com.huawei.media.bigdata.ReporterService exists=true userStarted=false
06-21 14:24:57.001  1624  1624 I JobScheduler: Ready to Be Executed: ddc4d09 #u10s1001/101 com.huawei.hwvoipservice/com.huawei.hicaas.common.core.schedule.UpdateComTokenJobService exists=true userStarted=false
06-21 14:24:57.013  1624 12624 I JobScheduler.Time: Add job to TimeTracking: 8b6516e #u0a369/-2147482876 com.linkedin.android/androidx.work.impl.background.systemjob.SystemJobService, delayTime:3184608833, deadlineTime:9223372036854775807
06-21 14:24:57.007   743 26555 D AudioPolicyService: getUidState(10369) !cacheIter->second.first, return PROCESS_STATE_UNKNOWN
06-21 14:24:57.512  2280  2513 D NetworkController.MobileSignalController(1_1): mSimSubId:1 onDataActivity: direction=3
06-21 14:24:57.512  2280  2513 I MobileSignalController: copyFrom::dataConnected = true
06-21 14:24:57.512  2280  2513 I MobileSignalController: copyFrom::dataConnected = true
06-21 14:24:57.565  1031  1301 D COMMRIL : ComrilTimerStart TimerId = 24, tv->tv_sec = 1
06-21 14:24:57.567  1624  1978 I PowerManagerService: handleSandman: wakefulness: 1,startDreaming: false
06-21 14:24:57.600  2286  2286 I chatty  : uid=1000(system) com.huawei.systemserver expire 10 lines
06-21 14:24:57.573  1624  1978 I chatty  : uid=1000(system) PowerManagerSer identical 3 lines
06-21 14:24:57.573  1624  1978 I PowerManagerService: handleSandman: wakefulness: 1,startDreaming: false
06-21 14:24:57.601  2541  2541 D Mapcon  : TelephonyTracker: [onSignalStrengthsChanged]phoneId=1, level=4
06-21 14:24:57.602  2541  4340 D Mapcon  : VoiceManager-5-PrepareState: [a]MsgIdEnum=MAPCON_MESSAGE_TM_CMD_SIGNAL_STRENGTH_CHANED_IND
06-21 14:24:57.602  2541  4340 I chatty  : uid=1001(radio) VoiceManager-5 identical 1 line
06-21 14:24:57.602  2541  4340 D Mapcon  : VoiceManager-5-PrepareState: [a]MsgIdEnum=MAPCON_MESSAGE_TM_CMD_SIGNAL_STRENGTH_CHANED_IND
06-21 14:24:57.602  2541  4340 D Mapcon  : VoiceManager-5-DefaultState: [a]MsgIdEnum=MAPCON_MESSAGE_TM_CMD_SIGNAL_STRENGTH_CHANED_IND
06-21 14:24:57.602  2541  4340 D Mapcon  : VoiceManager-5-DefaultState: [a]MsgIdEnum=MAPCON_MESSAGE_TM_CMD_SIGNAL_STRENGTH_CHANED_IND
06-21 14:24:57.609  1624  1978 I PowerManagerService: handleSandman: wakefulness: 1,startDreaming: false
06-21 14:24:57.859  1031  1301 D COMMRIL : ComrilTimerStart TimerId = 24, tv->tv_sec = 1
06-21 14:24:57.915   746   822 I chatty  : uid=1000(system) /system/bin/displayservice expire 10 lines
06-21 14:24:57.916    47    47 W migration/6: type=1400 audit(0.0:4113776): avc: granted { setsched } for pid=47 scontext=u:r:kernel:s0 tcontext=u:r:kernel:s0 tclass=process
06-21 14:24:57.936    53    53 W migration/7: type=1400 audit(0.0:4113777): avc: granted { setsched } for pid=53 scontext=u:r:kernel:s0 tcontext=u:r:kernel:s0 tclass=process
06-21 14:24:57.957  2541  2566 W System  : A resource failed to call close. 
06-21 14:24:57.959  2541  2566 I chatty  : uid=1001(radio) FinalizerDaemon identical 18 lines
06-21 14:24:57.959  2541  2566 W System  : A resource failed to call close. 
06-21 14:24:57.917  1624  1978 I chatty  : uid=1000(system) PowerManagerSer identical 10 lines
06-21 14:24:57.918  1624  1978 I PowerManagerService: handleSandman: wakefulness: 1,startDreaming: false
06-21 14:24:57.965  2541  2541 D Mapcon  : TelephonyTracker: [onSignalStrengthsChanged]phoneId=0, level=4
06-21 14:24:57.965  2541  4318 D Mapcon  : VoiceManager-0-PrepareState: [a]MsgIdEnum=MAPCON_MESSAGE_TM_CMD_SIGNAL_STRENGTH_CHANED_IND
06-21 14:24:57.965  2541  4318 I chatty  : uid=1001(radio) VoiceManager-0 identical 1 line
06-21 14:24:57.965  2541  4318 D Mapcon  : VoiceManager-0-PrepareState: [a]MsgIdEnum=MAPCON_MESSAGE_TM_CMD_SIGNAL_STRENGTH_CHANED_IND
06-21 14:24:57.965  2541  4318 D Mapcon  : VoiceManager-0-DefaultState: [a]MsgIdEnum=MAPCON_MESSAGE_TM_CMD_SIGNAL_STRENGTH_CHANED_IND
06-21 14:24:57.965  2541  4318 D Mapcon  : VoiceManager-0-DefaultState: [a]MsgIdEnum=MAPCON_MESSAGE_TM_CMD_SIGNAL_STRENGTH_CHANED_IND
06-21 14:24:57.966  2286  2896 I PreDnsQuery: No need to handled!
06-21 14:24:57.967   649 26280 I OemNetd : setNetBoosterRsrpRsrq(-100, -81)
06-21 14:24:57.967  1624  2211 I HwNetworkManagementService: setNetBoosterRsrpRsrq succeeded
06-21 14:24:58.003  1031  1301 D COMMRIL : ComrilTimerStart TimerId = 24, tv->tv_sec = 1
06-21 14:24:58.004  1624  1978 I PowerManagerService: handleSandman: wakefulness: 1,startDreaming: false
06-21 14:24:58.069 32539  2756 E SQLiteLog: (1) no such table: popup_record
06-21 14:24:58.071 32539  2756 E SQLiteLog: (1) no such table: popup_record
06-21 14:24:58.080 32539 32539 W beacon-thread-2: type=1400 audit(0.0:4113778): avc: denied { search } for pid=32539 name="block" dev="sysfs" ino=35612 scontext=u:r:untrusted_app_27:s0:c137,c256,c512,c768 tcontext=u:object_r:sysfs_block:s0 tclass=dir permissive=0
06-21 14:24:58.080 32539 32539 I chatty  : uid=10137(com.apkpure.aegon) identical 2 lines
06-21 14:24:58.080 32539 32539 W beacon-thread-2: type=1400 audit(0.0:4113780): avc: denied { search } for pid=32539 name="block" dev="sysfs" ino=35612 scontext=u:r:untrusted_app_27:s0:c137,c256,c512,c768 tcontext=u:object_r:sysfs_block:s0 tclass=dir permissive=0
06-21 14:24:58.208 32539  2457 I m.apkpure.aego: Background young concurrent copying GC freed 242492(18MB) AllocSpace objects, 111(4952KB) LOS objects, 35% free, 38MB/60MB, paused 241us total 177.971ms
06-21 14:24:58.211 32539  2461 W System  : A resource failed to call end. 
06-21 14:24:58.212 32539  2461 W System  : A resource failed to call end. 
06-21 14:24:58.295  1031  1301 D COMMRIL : ComrilTimerStart TimerId = 24, tv->tv_sec = 1
06-21 14:24:58.510   986 29060 I iked    : [INFO]: ikev2.c:305: ikev2_periodic_task()
06-21 14:24:58.328  1624  1978 I chatty  : uid=1000(system) PowerManagerSer identical 18 lines
06-21 14:24:58.529  1624  1978 I PowerManagerService: handleSandman: wakefulness: 1,startDreaming: false
06-21 14:24:58.597  1624  2646 D HwConnectivityServiceEx: set 10137 rmnet0 value false
06-21 14:24:58.721  1624  1978 I PowerManagerService: handleSandman: wakefulness: 1,startDreaming: false
06-21 14:24:58.732  1624  2646 I chatty  : uid=1000(system) Binder:1624_C expire 15 lines
06-21 14:24:59.745  1032  1064 D SensorHub: Get acc data -0.324405, -0.186202, 9.577037
06-21 14:24:59.783   649 26280 I netd    : trafficSwapActiveStatsMap() <19.09ms>
06-21 14:24:58.737  1624  1978 I PowerManagerService: handleSandman: wakefulness: 1,startDreaming: false
06-21 14:24:59.870  1624 11550 D HwConnectivityServiceEx: set 1000 rmnet0 value false
06-21 14:24:59.870  1624  2136 I chatty  : uid=1000(system) WifiService expire 12 lines
06-21 14:25:00.002  1624  1978 I PowerManagerService: handleSandman: wakefulness: 1,startDreaming: false
06-21 14:25:00.003  2280  2280 E DateView: DateView,mCurrentTime: 1718969100003
06-21 14:25:00.006 19476 19476 I HwLauncher: CalenderDynamicUpdater setHasUpdateSuccess, success: true
06-21 14:25:00.002  1624  1978 I PowerManagerService: handleSandman: wakefulness: 1,startDreaming: false
06-21 14:25:00.079  1624  2211 D HwConnectivityServiceEx: set 10137 rmnet0 value false
06-21 14:25:00.007 19476 19476 I HwLauncher: CalenderDynamicUpdater setHasUpdateSuccess, success: true
06-21 14:25:00.080 32539 32539 W beacon-thread-3: type=1400 audit(0.0:4113781): avc: denied { search } for pid=32539 name="block" dev="sysfs" ino=35612 scontext=u:r:untrusted_app_27:s0:c137,c256,c512,c768 tcontext=u:object_r:sysfs_block:s0 tclass=dir permissive=0
06-21 14:25:00.080 32539 32539 W beacon-thread-3: type=1400 audit(0.0:4113783): avc: denied { search } for pid=32539 name="block" dev="sysfs" ino=35612 scontext=u:r:untrusted_app_27:s0:c137,c256,c512,c768 tcontext=u:object_r:sysfs_block:s0 tclass=dir permissive=0
06-21 14:25:00.737  1624  1978 I PowerManagerService: handleSandman: wakefulness: 1,startDreaming: false
06-21 14:25:01.512   986 29060 I iked    : [INFO]: ikev2.c:305: ikev2_periodic_task()
06-21 14:25:01.525  2280  2513 D NetworkController.MobileSignalController(1_1): mSimSubId:1 onDataActivity: direction=0
06-21 14:25:01.526  2280  2513 I MobileSignalController: copyFrom::dataConnected = true
06-21 14:25:00.743  1624  1978 I PowerManagerService: handleSandman: wakefulness: 1,startDreaming: false
06-21 14:25:01.681  1624  2083 I ActivityManager: sendIntentSender target:PendingIntentRecord{b29137e com.huawei.nearby broadcastIntent}, intent:flg=0x4 hwFlg=0x810
06-21 14:25:01.526  2280  2513 I MobileSignalController: copyFrom::dataConnected = true
06-21 14:25:01.682  1624  1978 I PowerManagerService: handleSandman: wakefulness: 1,startDreaming: false
06-21 14:25:01.683  1624  2646 V BroadcastQueue: Finished with ordered broadcast BroadcastRecord{5a8b288 u0 ChannelQualityMonitor.AlarmMeasureEvent}
06-21 14:25:01.685  5689  5097 I chatty  : uid=10111 com.huawei.hiai.engineservice expire 5 lines
06-21 14:25:01.686  5689  5099 I chatty  : uid=10111 com.huawei.hiai.engineservice expire 6 lines
06-21 14:25:01.688  5689  5100 I chatty  : uid=10111 com.huawei.hiai.engineservice expire 6 lines
06-21 14:25:01.688  5689  5098 I chatty  : uid=10111 com.huawei.hiai.engineservice expire 2 lines
06-21 14:25:01.689  5689  5102 I chatty  : uid=10111 com.huawei.hiai.engineservice expire 6 lines
06-21 14:25:01.690  2430  2897 I chatty  : uid=1000(system) ChannelQualityM expire 10 lines
06-21 14:25:01.690  5689  5104 I chatty  : uid=10111 com.huawei.hiai.engineservice expire 2 lines
06-21 14:25:01.690  1624  1978 I PowerManagerService: handleSandman: wakefulness: 1,startDreaming: false
06-21 14:25:01.691  5689  5105 I chatty  : uid=10111 com.huawei.hiai.engineservice expire 2 lines
06-21 14:25:01.692  5689  5106 I chatty  : uid=10111 com.huawei.hiai.engineservice expire 2 lines
06-21 14:25:01.846   743 26555 D AudioPolicyService: getUidState(10038) !cacheIter->second.first, return PROCESS_STATE_UNKNOWN
06-21 14:25:01.852  1624  1969 I ActivityManager: Start proc 2275:com.android.mms/u0a38 for start application com.android.mms
06-21 14:25:01.846   743 26555 D AudioPolicyService: getUidState(10038) !cacheIter->second.first, return PROCESS_STATE_UNKNOWN
06-21 14:25:01.858  2275  2275 E libc    : Access denied finding property "persist.device_config.runtime_native.use_app_image_startup_cache"
06-21 14:25:01.858  2275  2275 E com.android.mm: LoadAppImageStartupCache enabled : 1
06-21 14:25:01.852  2275  2275 W com.android.mm: type=1400 audit(0.0:4113784): avc: denied { read } for pid=2275 name="u:object_r:device_config_runtime_native_prop:s0" dev="tmpfs" ino=18236 scontext=u:r:priv_app:s0:c512,c768 tcontext=u:object_r:device_config_runtime_native_prop:s0 tclass=file permissive=0
06-21 14:25:01.869  2275  2275 I com.android.mm: Reinit property: dalvik.vm.checkjni= false
06-21 14:25:01.869  2275  2275 I com.android.mm: ReInitProperties: persist.vm.debug.dumpapi= false
06-21 14:25:01.873  2275  2275 E com.android.mm: Not starting debugger since process cannot load the jdwp agent.
06-21 14:25:01.905  2275  2275 D ActivityThread: Attach thread to application
06-21 14:25:01.915  1624  2211 I ActivityManager: Killing 31566:com.huawei.dsdscardmanager/1001 (adj 985): empty #17
06-21 14:25:01.925  2275  5120 I ActivityThread: Init compatible state: false
06-21 14:25:01.926  2275  5120 D HwFrameworkSecurityPartsFactory: HwFrameworkSecurityPartsFactory in.
06-21 14:25:01.926  2275  5120 I HwFrameworkSecurityPartsFactory: add HwFrameworkSecurityPartsFactory to memory.
06-21 14:25:01.926   650   650 I Zygote  : Process 31566 exited due to signal 9 (Killed)
06-21 14:25:01.928  2502  3810 I chatty  : uid=1000(system) actions handler expire 16 lines
06-21 14:25:01.931  1624  2646 D ActivityManager: cleanUpApplicationRecord app: 31566:com.huawei.dsdscardmanager/1001, bad: false, restarting: false, allowRestart: true
06-21 14:25:01.931  1624  1961 I HwPowerManagerService: appdie release wakelock, pid = 31566, uid = 1001
06-21 14:25:01.931  1624  2167 W HwAudioServiceEx: SoundEffectState bundle get reserved is invalid
06-21 14:25:01.931  1624  2167 I HwAudioServiceEx: sendAppKilledIntentForKit, isKitPackageOnPause = false, isKitPackageKill = false, isKitPackageOnResume = false
06-21 14:25:01.939  2275  2275 I LoadedApk: makePaths: outLibPaths=[/system/priv-app/Mms/lib/arm64, /system/priv-app/Mms/Mms.apk!/lib/arm64-v8a, /system/lib64:/hw_product/lib64:/system/product/lib64]
06-21 14:25:01.940  2275  2275 D ApplicationLoaders: Returning zygote-cached class loader: /system/framework/android.hidl.base-V1.0-java.jar
06-21 14:25:01.940  2275  2275 D ApplicationLoaders: Returning zygote-cached class loader: /system/framework/android.hidl.manager-V1.0-java.jar
06-21 14:25:01.940  2275  2275 D ApplicationLoaders: Returning zygote-cached class loader: /system/framework/android.hidl.base-V1.0-java.jar
06-21 14:25:01.940  2275  2275 D ApplicationLoaders: createClassLoader zip: /system/framework/org.apache.http.legacy.jar librarySearchPath: /system/priv-app/Mms/lib/arm64:/system/priv-app/Mms/Mms.apk!/lib/arm64-v8a:/system/lib64:/hw_product/lib64:/system/product/lib64 libraryPermittedPath: /data/user/0/com.android.mms:/system/priv-app/Mms:/system/lib64:/hw_product/lib64:/system/product/lib64 parent: java.lang.BootClassLoader@5d2728a targetSdkVersion: 28 isBundled: true classLoaderName: null sharedLibraries: null
06-21 14:25:01.947  2275  2275 I com.android.mm: The ClassLoaderContext is a special shared library.
06-21 14:25:01.955  2275  2275 D ApplicationLoaders: createClassLoader zip: /system/priv-app/Mms/Mms.apk librarySearchPath: /system/priv-app/Mms/lib/arm64:/system/priv-app/Mms/Mms.apk!/lib/arm64-v8a:/system/lib64:/hw_product/lib64:/system/product/lib64 libraryPermittedPath: /data/user/0/com.android.mms:/system/priv-app/Mms:/system/lib64:/hw_product/lib64:/system/product/lib64 parent: java.lang.BootClassLoader@5d2728a targetSdkVersion: 28 isBundled: true classLoaderName: null sharedLibraries: [dalvik.system.PathClassLoader[DexPathList[[zip file "/system/framework/android.hidl.manager-V1.0-java.jar"],nativeLibraryDirectories=[/system/lib64, /hw_product/lib64, /system/product/lib64]]], dalvik.system.PathClassLoader[DexPathList[[zip file "/system/framework/android.hidl.base-V1.0-java.jar"],nativeLibraryDirectories=[/system/lib64, /hw_product/lib64, /system/product/lib64]]], dalvik.system.PathClassLoader[DexPathList[[zip file "/system/framework/org.apache.http.legacy.jar"],nativeLibraryDirectories=[/system/priv-app/Mms/lib/arm64, /system/priv-app/Mms/Mms.apk!/lib/arm64-v8a, /system/lib64, /hw_product/lib64, /system/product/lib64, /system/lib64, /hw_product/lib64, /system/product/lib64]]]]
06-21 14:25:02.013  2275  5120 I HwApiCacheMangerEx: apicache path=/storage/emulated/0 state=mounted key=com.android.mms#10038#256
06-21 14:25:02.013  2275  5120 I HwApiCacheMangerEx: need clear apicache,because volumes changed,oldCnt=0 newCnt=1
06-21 14:25:02.014  2275  5120 I HwApiCacheMangerEx: apicache path=/storage/emulated/0 state=mounted key=com.android.mms#10038#0
06-21 14:25:02.014  2275  5120 I HwApiCacheMangerEx: need clear apicache,because volumes changed,oldCnt=1 newCnt=1
06-21 14:25:02.018  2275  2275 I com.android.mm: QarthPatchMonintor::Run
06-21 14:25:02.071  2275  2275 I FLTAG.FL: hook version:1.0.5
06-21 14:25:02.078  2275  5125 I FLTAG.FL: Use the ApplicationInfoEx to reflect isDirectBootAware
06-21 14:25:02.078  2275  5125 I FLTAG.FL: getCachePath:/data/user/0/com.android.mms/cache/feature
06-21 14:25:02.079  1624 12624 D HwConnectivityServiceEx: set 10137 rmnet0 value false
06-21 14:25:02.090  2275  5126 I FLTAG_FPI: FeatureFramework version:FeatureVersion: [package: com.huawei.featurelayer.featureframework] path: [] version: [1.0.401]
06-21 14:25:02.090  2275  5126 I FLTAG_AFM: Use the ApplicationInfoEx to reflect isDirectBootAware
06-21 14:25:02.091  2275  5126 I FLTAG_AFM: getCachePath:/data/data/com.android.mms/cache/feature
06-21 14:25:02.093  2275  5127 I FLTAG_VC: registerVersionReceiver for com.android.mms
06-21 14:25:02.093  2275  5126 I FLTAG_VC: init cost in millis: 1
06-21 14:25:02.094  2275  5127 I FLTAG_VC: deleteOldVersions in 2000
06-21 14:25:02.102  2275  5126 I FLTAG_UF: Use the ResourcesEx to reflect Resources
06-21 14:25:02.106  2275  5125 I FLTAG.FL: copyAllFeaturesToCache cost millis:29
06-21 14:25:02.108  2275  5126 I FLTAG.FL: init for com.android.mms success ? true
06-21 14:25:02.111  2275  5120 I HwPartIawareFactory: add android.common.HwPartIawareFactoryImpl to memory.
06-21 14:25:02.112  2275  5120 I AwareBitmapCacher: init processName:com.android.mms pid=2275 uid=10038
06-21 14:25:02.122  2275  2275 W HMSSDK_PushPreferences: get new sharedPreferences failed,start to get from context. 
06-21 14:25:02.151  2275  2275 E MLInitializerProvider: MLInitializerProvider Done
06-21 14:25:02.161  2275  2275 I HwApiCacheMangerEx: apicache path=/storage/emulated/0 state=mounted key=com.android.mms#10038#256
06-21 14:25:02.161  2275  2275 I HwApiCacheMangerEx: need clear apicache,because volumes changed,oldCnt=1 newCnt=1
06-21 14:25:02.165  2275  2275 D A2PProvider: onCreate
06-21 14:25:02.175  2275  2275 I AGConnectProvider: AGConnectInitializeProvider#onCreate
06-21 14:25:02.175  2275  2275 I AGConnectInstance: AGConnectInstance#initialize
06-21 14:25:02.175  2275  2275 I ServiceRegistrarParser: getServices
06-21 14:25:02.176  2275  2275 I ServiceRegistrarParser: services:0
06-21 14:25:02.201  2275  5135 I SmsApplication: updatedNeeded = false for userId = 0
06-21 14:25:02.215  1624  2646 V ActivityManager: Successfully start provider ContentProviderRecord{af4666c u0 com.android.providers.settings/.hwext.HwSettingsProvider} launchingApp=null caller pid= 2275
06-21 14:25:02.243  2275  5134 I OverScrollerOptimization: start init SmartSlideOverScroller and get the overscroller config
06-21 14:25:02.243  2275  5134 I OverScrollerOptimization: get the overscroller config
06-21 14:25:02.262  2275  5134 I HwWidgetSafeInsets: parse cutout mode : 2
06-21 14:25:02.317  2275  5137 I StubController: system app validUid:10038, isFriend:true
06-21 14:25:02.318  1624 12624 V ActivityManager: Successfully start provider ContentProviderRecord{a50a050 u0 com.android.providers.telephony/.RcsimProvider} launchingApp=null caller pid= 2275
06-21 14:25:02.327  1624 12624 I HwInnerVibratorService: isSupportHwVibrator type:haptic.common.long_press1, isSupport:0
06-21 14:25:02.327  1624  2646 I HwInnerVibratorService: isSupportHwVibrator type:haptic.pattern.type6, isSupport:0
06-21 14:25:02.327  1624  2646 I HwNotificationService_Vibrate: getHwVibratorType pkg=com.android.mms, channelId=mms_sim1_channel, userId=10038, vibratorType=haptic.pattern.type6
06-21 14:25:02.328  1624  2646 I HwInnerVibratorService: isSupportHwVibrator type:haptic.pattern.type6, isSupport:0
06-21 14:25:02.328  1624  2646 I HwNotificationService_Vibrate: getHwVibratorType pkg=com.android.mms, channelId=mms_sim2_channel, userId=10038, vibratorType=haptic.pattern.type6
06-21 14:25:02.329   729   729 E hwvibrator@1.1-service: CheckHaptics: get main effect fail
06-21 14:25:02.329  1624 12624 I HwInnerVibratorService: isSupportHwVibrator type:haptic.slide.type6, isSupport:-1
06-21 14:25:02.336  1624  2646 V ActivityManager: Successfully start provider ContentProviderRecord{59a5ef7 u0 com.android.providers.media/.MediaProvider} launchingApp=ProcessRecord{a0adaf6 9585:android.process.media/u0a11} caller pid= 2275
06-21 14:25:02.337  2275  2275 I HwTypeface: updateFont: scale=0.95
06-21 14:25:02.342  2275  2275 D SystemFonts: areFontsVariable: script=Latn
06-21 14:25:02.342  2275  5135 I FLTAG.AFL: loadFeature entryClazz com.huawei.featurelayer.feature.rcs.FeatureEntry clazz c.b.d.a.a.z
06-21 14:25:02.343  2275  2275 I ActivityThread: finishPreloaded preloadStatus 0
06-21 14:25:02.355  2275  5134 E HwOverScrollLayout: invalid view
06-21 14:25:02.355  2275  5134 W HwOverScrollLayout: onFinishInflate: can't find bodyChild, if you need a bodyChild, please add one with method
06-21 14:25:02.355  2275  5134 W HwOverScrollLayout: onFinishInflate: if you need a subChild, please add one with method
06-21 14:25:02.362  9585 10815 I ctaifs  : <Mesajlar>[Mesajlar][com.android.mms]:[openFile] openFile
06-21 14:25:02.384  2541  4585 W SettingsEx: SettingsEx.Systemex.getString deprecated use Settings.System.getString instead, callers = com.huawei.db.util.MmsSmsUtil.isEnableFilterUnknowSender:1872 com.android.providers.telephony.RcsimProvider.query:3077 android.content.ContentProvider.query:1218 
06-21 14:25:02.386  2275  5135 I FLTAG.AFL: loadFeature entryClazz com.huawei.featurelayer.feature.rcs.FeatureEntry clazz c.b.d.a.a.e
06-21 14:25:02.395  1624  2646 I HwInnerVibratorService: isSupportHwVibrator type:haptic.pattern.type6, isSupport:0
06-21 14:25:02.395  1624  2646 I HwNotificationService_Vibrate: getHwVibratorType pkg=com.android.mms, channelId=mms_sim1_channel, userId=10038, vibratorType=haptic.pattern.type6
06-21 14:25:02.397  9585 10815 I ctaifs  : <Mesajlar>[Mesajlar][com.android.mms]:[openFile] openFile
06-21 14:25:02.400  1624  2646 V ActivityManager: Successfully start provider ContentProviderRecord{bd4f61a u0 com.android.providers.telephony/.MmsSmsProvider} launchingApp=null caller pid= 2275
06-21 14:25:02.411  1624  2646 I HwInnerVibratorService: isSupportHwVibrator type:haptic.pattern.type6, isSupport:0
06-21 14:25:02.411  1624  2646 I HwNotificationService_Vibrate: getHwVibratorType pkg=com.android.mms, channelId=mms_sim2_channel, userId=10038, vibratorType=haptic.pattern.type6
06-21 14:25:02.414  2275  5133 I FLTAG.AFL: loadFeature entryClazz com.huawei.featurelayer.feature.rcs.FeatureEntry clazz c.b.d.a.a.w
06-21 14:25:02.415  2275  5135 I FLTAG.AFL: loadFeature entryClazz com.huawei.featurelayer.feature.rcs.FeatureEntry clazz c.b.d.a.a.k
06-21 14:25:02.419  1025  1025 I chatty  : uid=1000(system) /system/bin/thermal-daemon expire 11 lines
06-21 14:25:02.433   712 21224 I AudioModuleManager: [AudioModuleGetParameters:71]: list size: 12
06-21 14:25:02.433   712 21224 I audio_hw_usbaudio_hw: [get_typec_parameters:587]: check show hires (false)
06-21 14:25:02.434  1624  2167 I HwAudioServiceEx: HwAudioHandlerEx receive unknown msg
06-21 14:25:02.436  2275  5132 I FLTAG.AFL: loadFeature entryClazz com.huawei.featurelayer.feature.rcs.FeatureEntry clazz c.b.d.a.a.l
06-21 14:25:02.448  2275  5135 I FLTAG.AFL: loadFeature entryClazz com.huawei.featurelayer.feature.rcs.FeatureEntry clazz c.b.d.a.a.m
06-21 14:25:02.492  1624 12624 I chatty  : uid=1000(system) Binder:1624_1F expire 2 lines
06-21 14:25:02.499  1624  1978 I PowerManagerService: handleSandman: wakefulness: 1,startDreaming: false
06-21 14:25:02.567  2275  5132 W com.android.mm: Accessing hidden field Llibcore/icu/DateIntervalFormat;->CACHED_FORMATTERS:Llibcore/util/BasicLruCache; (blacklist, reflection, denied)
06-21 14:25:02.577  2275  5132 I SmsApplication: updatedNeeded = false for userId = 0
06-21 14:25:02.507  1624  1978 I chatty  : uid=1000(system) PowerManagerSer identical 2 lines
06-21 14:25:02.512  1624  1978 I PowerManagerService: handleSandman: wakefulness: 1,startDreaming: false
06-21 14:25:02.585  1624  1968 W BroadcastQueue: Permission Denial: broadcasting Intent { act=android.intent.action.ACTION_DEFAULT_DATA_SUBSCRIPTION_CHANGED flg=0x21000010 (has extras) } from null (pid=-1, uid=-1) requires com.android.contacts.huawei.permission.REFRESH_DRAFT due to registered receiver BroadcastFilter{b32fc66 10038/u0 ReceiverList{efcdcc1 2275 com.android.mms/10038/u0 remote:a58e9a8}}
06-21 14:25:02.598  1624 12624 V ActivityManager: Successfully start provider ContentProviderRecord{c7db73b u0 com.android.providers.telephony/.MmsProvider} launchingApp=null caller pid= 2275
06-21 14:25:02.615  2275  5132 W com.android.mm: Accessing hidden method Lcom/android/i18n/phonenumbers/CountryCodeToRegionCodeMap;->getCountryCodeToRegionCodeMap()Ljava/util/Map; (blacklist, reflection, denied)
06-21 14:25:02.743  1624  1978 I PowerManagerService: handleSandman: wakefulness: 1,startDreaming: false
06-21 14:25:02.749  1624  1978 I PowerManagerService: handleSandman: wakefulness: 1,startDreaming: false
06-21 14:25:03.193  1624  2083 I ActivityManager: sendIntentSender target:PendingIntentRecord{85a39fc com.android.phone broadcastIntent}, intent:flg=0x4 hwFlg=0x810
06-21 14:25:03.194  1624  1978 I PowerManagerService: handleSandman: wakefulness: 1,startDreaming: false
06-21 14:25:03.196  5689 22775 I chatty  : uid=10111(com.huawei.hiai) Binder:5689_9 expire 11 lines
06-21 14:25:03.198  5689  5156 I chatty  : uid=10111 com.huawei.hiai.engineservice expire 5 lines
06-21 14:25:03.198  1624  2639 V BroadcastQueue: Finished with ordered broadcast BroadcastRecord{3d4f625 u0 com.android.internal.telephony.data-stall}
06-21 14:25:03.198  2502  5006 I chatty  : uid=1000(system) Binder:2502_6 expire 4 lines
06-21 14:25:03.200  5689  5158 I chatty  : uid=10111 com.huawei.hiai.engineservice expire 6 lines
06-21 14:25:03.201  5689  5159 I chatty  : uid=10111 com.huawei.hiai.engineservice expire 6 lines
06-21 14:25:03.202  5689  5160 I chatty  : uid=10111 com.huawei.hiai.engineservice expire 6 lines
06-21 14:25:03.203  5689  5157 I chatty  : uid=10111 com.huawei.hiai.engineservice expire 2 lines
06-21 14:25:03.205  1624  1978 I PowerManagerService: handleSandman: wakefulness: 1,startDreaming: false
06-21 14:25:03.207  5689  5161 I chatty  : uid=10111 com.huawei.hiai.engineservice expire 2 lines
06-21 14:25:03.209  5689  5162 I chatty  : uid=10111 com.huawei.hiai.engineservice expire 2 lines
06-21 14:25:03.211  5689  5163 I chatty  : uid=10111 com.huawei.hiai.engineservice expire 2 lines
06-21 14:25:03.212  1624  1978 I PowerManagerService: handleSandman: wakefulness: 1,startDreaming: false
06-21 14:25:03.213  1624  1624 I JobScheduler.Time: realNextDelayExpiredElapsedMillis: 3183973248 mNextDelayExpiredElapsedMillis:3183973248
06-21 14:25:03.214  1624  1624 I JobScheduler: Ready to Be Executed: 580ed0d #u10a68/50001 com.huawei.hwid/com.huawei.hms.runtimekit.stub.HMSKitC1NEStubJobService10 exists=true userStarted=false
06-21 14:25:03.214  1624  1624 I JobScheduler: Ready to Be Executed: 52d14c2 #u10a32/2 com.huawei.phoneservice/.question.service.UserSuggestService exists=true userStarted=false
06-21 14:25:03.214  1624  1978 I PowerManagerService: handleSandman: wakefulness: 1,startDreaming: false
06-21 14:25:03.214  1624  1624 I JobScheduler: Ready to Be Executed: 9122d3 #u10a32/1 com.huawei.phoneservice/.question.service.NpsJobService exists=true userStarted=false
06-21 14:25:03.214  1624  1624 I JobScheduler: Ready to Be Executed: 89a4e10 #u10a11/1 com.android.providers.media/com.huawei.media.bigdata.ReporterService exists=true userStarted=false
06-21 14:25:03.214  1624  1624 I JobScheduler: Ready to Be Executed: ddc4d09 #u10s1001/101 com.huawei.hwvoipservice/com.huawei.hicaas.common.core.schedule.UpdateComTokenJobService exists=true userStarted=false
06-21 14:25:03.215  1624  1624 I JobScheduler: pending queue: 1 jobs.
06-21 14:25:03.215  1624  1624 I JobScheduler: About to run job on context 0, job: JobStatus{d6e9467 #u0a175/4416 com.getir/androidx.work.impl.background.systemjob.SystemJobService u=0 s=10175 TIME=-4ms:none NET READY}
06-21 14:25:03.216  1624  1624 V ActivityManager: startProcess: name=com.getir app=null knownToBeDead=true thread=null pid=-1 preloadStatus=-1
06-21 14:25:03.216  1624  1624 I BigFontUtils: adjustAppProcessConfiguration appInfo:com.getir
06-21 14:25:03.223  1624  1969 I ActivityManager: Start proc 2277:com.getir/u0a175 for service {com.getir/androidx.work.impl.background.systemjob.SystemJobService}
06-21 14:25:03.220  2277  2277 W com.getir: type=1400 audit(0.0:4113785): avc: denied { read } for pid=2277 name="u:object_r:device_config_runtime_native_prop:s0" dev="tmpfs" ino=18236 scontext=u:r:untrusted_app:s0:c175,c256,c512,c768 tcontext=u:object_r:device_config_runtime_native_prop:s0 tclass=file permissive=0
06-21 14:25:03.224  2277  2277 E libc    : Access denied finding property "persist.device_config.runtime_native.use_app_image_startup_cache"
06-21 14:25:03.224  2277  2277 E com.getir: LoadAppImageStartupCache enabled : 1
06-21 14:25:03.225  2277  2277 I com.getir: Reinit property: dalvik.vm.checkjni= false
06-21 14:25:03.225  2277  2277 I com.getir: ReInitProperties: persist.vm.debug.dumpapi= false
06-21 14:25:03.235  2277  2277 E com.getir: Not starting debugger since process cannot load the jdwp agent.
06-21 14:25:03.247  2277  2277 D ActivityThread: Attach thread to application
06-21 14:25:03.256  1624  2639 I ActivityTaskManager: Cannot add android into com.getir bound list.
06-21 14:25:03.257   743   975 D AudioPolicyService: getUidState(10175) !cacheIter->second.first, return PROCESS_STATE_UNKNOWN
06-21 14:25:03.266  2277  5176 I ActivityThread: Init compatible state: true
06-21 14:25:03.257   743   975 D AudioPolicyService: getUidState(10175) !cacheIter->second.first, return PROCESS_STATE_UNKNOWN
06-21 14:25:03.267  2277  5176 D HwFrameworkSecurityPartsFactory: HwFrameworkSecurityPartsFactory in.
06-21 14:25:03.267  2277  5176 I HwFrameworkSecurityPartsFactory: add HwFrameworkSecurityPartsFactory to memory.
06-21 14:25:03.267  2277  5176 E BehaviorCollectManager: Fail to acquire dataAnalyzerService...
06-21 14:25:03.276  2277  2277 D ApplicationLoaders: createClassLoader zip: /system/framework/org.apache.http.legacy.jar librarySearchPath: /data/app/com.getir-W896Te6F8147gV3ENybisQ==/lib/arm64:/data/app/com.getir-W896Te6F8147gV3ENybisQ==/base.apk!/lib/arm64-v8a libraryPermittedPath: /data/user/0/com.getir parent: java.lang.BootClassLoader@5d2728a targetSdkVersion: 33 isBundled: false classLoaderName: null sharedLibraries: null
06-21 14:25:03.279  2277  2277 I com.getir: The ClassLoaderContext is a special shared library.
06-21 14:25:03.286  2277  2277 D ApplicationLoaders: createClassLoader zip: /data/app/com.getir-W896Te6F8147gV3ENybisQ==/base.apk librarySearchPath: /data/app/com.getir-W896Te6F8147gV3ENybisQ==/lib/arm64:/data/app/com.getir-W896Te6F8147gV3ENybisQ==/base.apk!/lib/arm64-v8a libraryPermittedPath: /data/user/0/com.getir parent: java.lang.BootClassLoader@5d2728a targetSdkVersion: 33 isBundled: false classLoaderName: null sharedLibraries: [dalvik.system.PathClassLoader[DexPathList[[zip file "/system/framework/org.apache.http.legacy.jar"],nativeLibraryDirectories=[/data/app/com.getir-W896Te6F8147gV3ENybisQ==/lib/arm64, /data/app/com.getir-W896Te6F8147gV3ENybisQ==/base.apk!/lib/arm64-v8a, /system/lib64, /hw_product/lib64, /system/product/lib64]]]]
06-21 14:25:03.446  2277  5176 I HwApiCacheMangerEx: apicache path=/storage/emulated/0 state=mounted key=com.getir#10175#256
06-21 14:25:03.446  2277  5176 I HwApiCacheMangerEx: need clear apicache,because volumes changed,oldCnt=0 newCnt=1
06-21 14:25:03.448  2277  5176 I HwApiCacheMangerEx: apicache path=/storage/emulated/0 state=mounted key=com.getir#10175#0
06-21 14:25:03.448  2277  5176 I HwApiCacheMangerEx: need clear apicache,because volumes changed,oldCnt=1 newCnt=1
06-21 14:25:03.485  2277  2277 I MultiDex: VM with version 2.1.0 has multidex support
06-21 14:25:03.485  2277  2277 I MultiDex: Installing application
06-21 14:25:03.485  2277  2277 I MultiDex: VM has multidex support, MultiDex support library is disabled.
06-21 14:25:03.485  2277  2277 I MultiDex: Installing application
06-21 14:25:03.485  2277  2277 I MultiDex: VM has multidex support, MultiDex support library is disabled.
06-21 14:25:03.490  2277  5176 I HwPartIawareFactory: add android.common.HwPartIawareFactoryImpl to memory.
06-21 14:25:03.490  2277  5176 I AwareBitmapCacher: init processName:com.getir pid=2277 uid=10175
06-21 14:25:03.499  2277  5181 E AwareLog: AtomicFileUtils: readFileLines file not exist: android.util.AtomicFile@bb1c356
06-21 14:25:03.522  2277  2277 I HMSSDK_AutoInit: Push init start
06-21 14:25:03.538  2277  5185 I HMSSDK_n: The local secret is already in separate file mode.
06-21 14:25:03.558  2277  5185 I HMSSDK_HMSPackageManager: aidlService pkgName: com.huawei.hwid
06-21 14:25:03.558  2277  5185 I HMSSDK_HMSPackageManager: Enter getHMSPackageNameForMultiService
06-21 14:25:03.560  2277  5185 I HMSSDK_HMSPackageManager: <initHmsPackageInfoForMultiService> Succeed to find HMS apk: com.huawei.hwid version: 61300352
06-21 14:25:03.560  2277  5185 I HMSSDK_HMSPackageManager: Enter getHMSPackageNameForMultiService
06-21 14:25:03.560  2277  5189 I HMSSDK_HMSPackageManager: enter asyncOnceCheckMDMState
06-21 14:25:03.561  2277  5185 W AGC_Instance: please call `initialize()` first
06-21 14:25:03.566  2277  5189 I HMSSDK_HMSPackageManager: enter checkHmsIsSpoof
06-21 14:25:03.566  2277  5185 E HMSSDK_AGCUtils: Get appId with AGConnectServicesConfig failed
06-21 14:25:03.572  2277  2277 I FirebaseApp: Device unlocked: initializing all Firebase APIs for app [DEFAULT]
06-21 14:25:03.576  2277  2277 I FirebaseCrashlytics: Initializing Firebase Crashlytics 18.2.11 for com.getir
06-21 14:25:03.580  2277  5189 I HMSSDK_ReadApkFileUtil: verifyMDMSignatureV3 verify successful!
06-21 14:25:03.582  2277  5185 I HMSSDK_HianalyticsExist: In isHianalyticsExist, Failed to find class HiAnalyticsConfig.
06-21 14:25:03.582  2277  5185 I HMSSDK_HianalyticsExist: hianalytics exist: false
06-21 14:25:03.584  2277  5185 I HMSSDK_HMSBIInitializer: Builder->biInitFlag :false
06-21 14:25:03.585  2277  5185 I HMSSDK_AnalyticsSwitchHolder: Builder->biSetting :true
06-21 14:25:03.585  2277  5185 I HMSSDK_HMSPackageManager: Enter getHMSPackageNameForMultiService
06-21 14:25:03.586  2277  5185 W AGC_Instance: please call `initialize()` first
06-21 14:25:03.586  2277  5185 E HMSSDK_AGCUtils: Get appId with AGConnectServicesConfig failed
06-21 14:25:03.587  2277  5185 I HMSSDK_HMSPackageManager: Enter getHMSPackageNameForMultiService
06-21 14:25:03.588  2277  5185 W AGC_Instance: please call `initialize()` first
06-21 14:25:03.588  2277  5185 E HMSSDK_AGCUtils: Get appId with AGConnectServicesConfig failed
06-21 14:25:03.589  2277  5185 D AGC_ConfigImpl: initConfigReader
06-21 14:25:03.590  2277  5185 D AGC_SecretKey: start generated key
06-21 14:25:03.600  1624  2639 I chatty  : uid=1000(system) Binder:1624_B expire 7 lines
06-21 14:25:03.600  2277  5199 W GooglePlayServicesUtil: com.getir requires the Google Play Store, but it is missing.
06-21 14:25:03.600  2277  5199 E DynamiteModule: Invalid GmsCore APK, remote loading disabled.
06-21 14:25:03.600  2277  5199 I DynamiteModule: Considering local module com.google.android.gms.measurement.dynamite:73 and remote module com.google.android.gms.measurement.dynamite:0
06-21 14:25:03.600  2277  5199 I DynamiteModule: Selected local version of com.google.android.gms.measurement.dynamite
06-21 14:25:03.603  2541  2541 D Mapcon  : TelephonyTracker: [onSignalStrengthsChanged]phoneId=1, level=4
06-21 14:25:03.603  2541  4340 D Mapcon  : VoiceManager-5-PrepareState: [a]MsgIdEnum=MAPCON_MESSAGE_TM_CMD_SIGNAL_STRENGTH_CHANED_IND
06-21 14:25:03.603  2541  4340 I chatty  : uid=1001(radio) VoiceManager-5 identical 1 line
06-21 14:25:03.604  2541  4340 D Mapcon  : VoiceManager-5-PrepareState: [a]MsgIdEnum=MAPCON_MESSAGE_TM_CMD_SIGNAL_STRENGTH_CHANED_IND
06-21 14:25:03.604  2541  4340 D Mapcon  : VoiceManager-5-DefaultState: [a]MsgIdEnum=MAPCON_MESSAGE_TM_CMD_SIGNAL_STRENGTH_CHANED_IND
06-21 14:25:03.604  2277  5189 I HMSSDK_HMSPackageManager: quit checkHmsIsSpoof state: SUCCESS
06-21 14:25:03.604  2277  5189 I HMSSDK_HMSPackageManager: quit asyncOnceCheckMDMState
06-21 14:25:03.604  2277  5199 E DynamiteModule: Invalid GmsCore APK, remote loading disabled.
06-21 14:25:03.604  2541  4340 D Mapcon  : VoiceManager-5-DefaultState: [a]MsgIdEnum=MAPCON_MESSAGE_TM_CMD_SIGNAL_STRENGTH_CHANED_IND
06-21 14:25:03.630  1624  2646 V ActivityManager: Successfully start provider ContentProviderRecord{af4666c u0 com.android.providers.settings/.hwext.HwSettingsProvider} launchingApp=null caller pid= 2277
06-21 14:25:03.634  2277  5185 D AGC_SecretKey: end generated key
06-21 14:25:03.636  2277  2277 I FirebaseInitProvider: FirebaseApp initialization successful
06-21 14:25:03.643  2277  5202 I FA      : App measurement initialized, version: 64000
06-21 14:25:03.643  2277  5202 I FA      : To enable debug logging run: adb shell setprop log.tag.FA VERBOSE
06-21 14:25:03.643  2277  5202 I FA      : To enable faster debug mode event logging run:
06-21 14:25:03.643  2277  5202 I FA      :   adb shell setprop debug.firebase.analytics.app com.getir
06-21 14:25:03.644  1624  1978 I PowerManagerService: handleSandman: wakefulness: 1,startDreaming: false
06-21 14:25:03.646  2277  5215 E FirebaseMessaging: Google Play services missing or without correct permission.
06-21 14:25:03.651  2277  2277 I HwApiCacheMangerEx: apicache path=/storage/emulated/0 state=mounted key=com.getir#10175#256
06-21 14:25:03.652  2277  2277 I HwApiCacheMangerEx: need clear apicache,because volumes changed,oldCnt=1 newCnt=1
06-21 14:25:03.656  2277  5185 I HMSSDK_HMSPackageManager: Enter getHMSPackageNameForMultiService
06-21 14:25:03.656  2277  5185 W AGC_Instance: please call `initialize()` first
06-21 14:25:03.656  2277  5185 E HMSSDK_AGCUtils: Get appId with AGConnectServicesConfig failed
06-21 14:25:03.659  2277  2277 I AGConnectProvider: AGConnectInitializeProvider#onCreate
06-21 14:25:03.660  2277  2277 I AGConnectInstance: AGConnectInstance#initialize
06-21 14:25:03.660  2277  2277 I ServiceRegistrarParser: getServices
06-21 14:25:03.660  2277  2277 I ServiceRegistrarParser: services:0
06-21 14:25:03.660  2277  2277 I AGC_Instance: AGC SDK initialize end
06-21 14:25:03.666  2277  5224 I HMSSDK_HMSPackageManager: Enter getHMSPackageNameForMultiService
06-21 14:25:03.667  2277  5224 I HMSSDK_HuaweiApi: No setInnerHms, hms pkg name is com.huawei.hwid
06-21 14:25:03.668  2277  5202 W GooglePlayServicesUtil: com.getir requires the Google Play Store, but it is missing.
06-21 14:25:03.668  2277  5202 W FA      : Service invalid
06-21 14:25:03.668  2277  5224 I HMSSDK_HuaweiApi: sendRequest
06-21 14:25:03.668  2277  5224 I HMSSDK_HMSPackageManager: Enter getHMSPackageName
06-21 14:25:03.669  2277  2277 D WM-WrkMgrInitializer: Initializing WorkManager with default configuration.
