06-21 14:23:14.609  2280  7238 D HwCommandQueue: CommandQueue, setBarBackgroundColor
06-21 14:23:14.610  1624  1931 I chatty  : uid=1000(system) android.ui expire 15 lines
06-21 14:23:14.610  2280  7238 D HwCommandQueue: CommandQueue, set Launcher StatusBar Color
06-21 14:23:14.619  1624  1939 I chatty  : uid=1000(system) android.anim expire 36 lines
06-21 14:23:14.626  2280  7238 D HwCommandQueue: CommandQueue, set Launcher StatusBar Color
06-21 14:23:14.630  1624  1978 I chatty  : uid=1000(system) PowerManagerSer expire 97 lines
06-21 14:23:14.643  1624  1934 I chatty  : uid=1000(system) android.display expire 18 lines
06-21 14:23:14.643  1624  2646 I chatty  : uid=1000(system) Binder:1624_C expire 47 lines
06-21 14:23:15.039  2286  2896 I chatty  : uid=1000(system) OllieAwareThrea expire 53 lines
06-21 14:23:15.691  2280  7238 I HwCommandQueue: updateBarBgColor
06-21 14:23:15.691  2280  7238 D HwCommandQueue: CommandQueue, setBarBackgroundColor
06-21 14:23:15.691  2280  7238 D HwCommandQueue: CommandQueue, set Launcher StatusBar Color
06-21 14:23:15.701  2280 11173 D HwCommandQueue: CommandQueue, set Launcher StatusBar Color
06-21 14:23:15.705  1624  1961 I chatty  : uid=1000(system) HwActivityTaskM expire 4 lines
06-21 14:23:15.722  1624  2132 I chatty  : uid=1000(system) NetworkStats expire 9 lines
06-21 14:23:15.786  1624 13762 I chatty  : uid=1000(system) Binder:1624_20 expire 42 lines
06-21 14:23:17.364  2280 11173 I HwCommandQueue: updateBarBgColor
06-21 14:23:17.364  2280 11173 D HwCommandQueue: CommandQueue, setBarBackgroundColor
06-21 14:23:17.365  2280 11173 D HwCommandQueue: CommandQueue, set Launcher StatusBar Color
06-21 14:23:17.388  2280  7238 D HwCommandQueue: CommandQueue, set Launcher StatusBar Color
06-21 14:23:17.412 32539  2762 I chatty  : uid=10137(com.apkpure.aegon) pool-15-thread- expire 333 lines
06-21 14:23:17.872 32539  4621 I chatty  : uid=10137(com.apkpure.aegon) expire 1 line
06-21 14:23:18.938 32539  2762 W PackageParser: Ignoring duplicate uses-permissions/uses-permissions-sdk-m: android.permission.INTERNET in package: com.apkpure.aegon at: Binary XML file line #33
06-21 14:23:18.938 32539  2762 W PackageParser: Ignoring duplicate uses-permissions/uses-permissions-sdk-m: android.permission.ACCESS_NETWORK_STATE in package: com.apkpure.aegon at: Binary XML file line #34
06-21 14:23:18.938 32539  2762 W PackageParser: Ignoring duplicate uses-permissions/uses-permissions-sdk-m: android.permission.WRITE_EXTERNAL_STORAGE in package: com.apkpure.aegon at: Binary XML file line #35
06-21 14:23:18.938 32539  2762 W PackageParser: Ignoring duplicate uses-permissions/uses-permissions-sdk-m: android.permission.READ_PHONE_STATE in package: com.apkpure.aegon at: Binary XML file line #36
06-21 14:23:18.938 32539  2762 W PackageParser: Ignoring duplicate uses-permissions/uses-permissions-sdk-m: android.permission.GET_PACKAGE_SIZE in package: com.apkpure.aegon at: Binary XML file line #37
06-21 14:23:18.938 32539  2762 W PackageParser: Ignoring duplicate uses-permissions/uses-permissions-sdk-m: android.permission.READ_PHONE_STATE in package: com.apkpure.aegon at: Binary XML file line #38
06-21 14:23:18.938 32539  2762 W PackageParser: Ignoring duplicate uses-permissions/uses-permissions-sdk-m: com.android.launcher.permission.INSTALL_SHORTCUT in package: com.apkpure.aegon at: Binary XML file line #39
06-21 14:23:18.939 32539  2762 W PackageParser: Unknown element under <manifest>: queries at /storage/emulated/0/Download/APKPure_b6c5de3d.apk Binary XML file line #70
06-21 14:23:18.939 32539  2762 W PackageParser: Ignoring duplicate uses-permissions/uses-permissions-sdk-m: android.permission.REQUEST_INSTALL_PACKAGES in package: com.apkpure.aegon at: Binary XML file line #85
06-21 14:23:18.972 32539  2762 W PackageParser: Unknown element under <manifest>: queries at /storage/emulated/0/Download/Image_to_PDF_-_PDF_Maker_a68c37eb.apk Binary XML file line #20
06-21 14:23:19.039 32539  2762 W PackageParser: Unknown element under <manifest>: attribution at /storage/emulated/0/Download/LinkedIn__Jobs___Business_News_12ad45c5.apk Binary XML file line #136
06-21 14:23:19.039 32539  2762 W PackageParser: Unknown element under <manifest>: attribution at /storage/emulated/0/Download/LinkedIn__Jobs___Business_News_12ad45c5.apk Binary XML file line #139
06-21 14:23:19.040 32539  2762 W PackageParser: Ignoring duplicate uses-permissions/uses-permissions-sdk-m: android.permission.RECEIVE_BOOT_COMPLETED in package: com.linkedin.android at: Binary XML file line #146
06-21 14:23:19.040 32539  2762 W PackageParser: Ignoring duplicate uses-permissions/uses-permissions-sdk-m: android.permission.CAMERA in package: com.linkedin.android at: Binary XML file line #147
06-21 14:23:19.040 32539  2762 W PackageParser: Unknown element under <manifest>: queries at /storage/emulated/0/Download/LinkedIn__Jobs___Business_News_12ad45c5.apk Binary XML file line #149
06-21 14:23:19.040 32539  2762 W PackageParser: Ignoring duplicate uses-permissions/uses-permissions-sdk-m: android.permission.ACCESS_WIFI_STATE in package: com.linkedin.android at: Binary XML file line #172
06-21 14:23:19.040 32539  2762 W PackageParser: Ignoring duplicate uses-permissions/uses-permissions-sdk-m: android.permission.FOREGROUND_SERVICE in package: com.linkedin.android at: Binary XML file line #173
06-21 14:23:19.040 32539  2762 W PackageParser: Ignoring duplicate uses-permissions/uses-permissions-sdk-m: android.permission.RECORD_AUDIO in package: com.linkedin.android at: Binary XML file line #174
06-21 14:23:19.040 32539  2762 W PackageParser: Ignoring duplicate uses-permissions/uses-permissions-sdk-m: android.permission.USE_BIOMETRIC in package: com.linkedin.android at: Binary XML file line #177
06-21 14:23:19.040 32539  2762 W PackageParser: Ignoring duplicate uses-permissions/uses-permissions-sdk-m: android.permission.USE_FINGERPRINT in package: com.linkedin.android at: Binary XML file line #178
06-21 14:23:19.042 32539  2762 W PackageParser: Unknown element under <application>: property at /storage/emulated/0/Download/LinkedIn__Jobs___Business_News_12ad45c5.apk Binary XML file line #236
06-21 14:23:19.042 32539  2762 W PackageParser: Unknown element under <application>: property at /storage/emulated/0/Download/LinkedIn__Jobs___Business_News_12ad45c5.apk Binary XML file line #239
06-21 14:23:19.094 32539  2762 W PackageParser: Unknown element under <manifest>: queries at /storage/emulated/0/Download/in_Olsun___bul___ilan_ver_9cae21fa.apk Binary XML file line #24
06-21 14:23:19.168 32539  2762 W PackageParser: Unknown element under <manifest>: queries at /storage/emulated/0/Download/Spotify__Music_and_Podcasts_22cee3e0.apk Binary XML file line #75
06-21 14:23:19.168 32539  2762 W PackageParser: Ignoring duplicate uses-permissions/uses-permissions-sdk-m: android.permission.VIBRATE in package: com.spotify.music at: Binary XML file line #160
06-21 14:23:19.168 32539  2762 W PackageParser: Ignoring duplicate uses-permissions/uses-permissions-sdk-m: android.permission.ACCESS_NETWORK_STATE in package: com.spotify.music at: Binary XML file line #171
06-21 14:23:19.255 32539  2762 W PackageParser: Unknown element under <manifest>: queries at /storage/emulated/0/Download/Brave_Private_Web_Browser__VPN_04d6fd23.apk Binary XML file line #80
06-21 14:23:19.261 32539  2762 W PackageParser: Unknown element under <service>: property at /storage/emulated/0/Download/Brave_Private_Web_Browser__VPN_04d6fd23.apk Binary XML file line #202
06-21 14:23:19.265 32539  2762 W PackageParser: Problem in package /storage/emulated/0/Download/Brave_Private_Web_Browser__VPN_04d6fd23.apk:
06-21 14:23:19.265 32539  2762 W PackageParser: Unknown element under <activity>: property at /storage/emulated/0/Download/Brave_Private_Web_Browser__VPN_04d6fd23.apk Binary XML file line #624
06-21 14:23:19.265 32539  2762 W PackageParser: No actions in intent filter at /storage/emulated/0/Download/Brave_Private_Web_Browser__VPN_04d6fd23.apk Binary XML file line #626
06-21 14:23:19.300 32539  2762 W PackageParser: Unknown element under <manifest>: queries at /storage/emulated/0/Download/Istanbulkart_ebf331ae.apk Binary XML file line #11
06-21 14:23:19.335 32539  2762 W PackageParser: Unknown element under <manifest>: queries at /storage/emulated/0/Download/Etsy_Seller__Manage_Your_Shop_9de306dd.apk Binary XML file line #16
06-21 14:23:19.399 32539  2762 W PackageParser: Unknown element under <manifest>: queries at /storage/emulated/0/Download/Microsoft_Edge__Web_Browser_85102ca4.apk Binary XML file line #80
06-21 14:23:19.399 32539  2762 W PackageParser: Ignoring duplicate uses-permissions/uses-permissions-sdk-m: android.permission.ACCESS_WIFI_STATE in package: com.microsoft.emmx at: Binary XML file line #130
06-21 14:23:19.485 32539  2762 W PackageParser: Ignoring duplicate uses-permissions/uses-permissions-sdk-m: android.permission.BLUETOOTH in package: ru.yandex.yandexnavi at: Binary XML file line #60
06-21 14:23:19.486 32539  2762 W PackageParser: Unknown element under <manifest>: queries at /storage/emulated/0/Download/Yandex_Navigator_434ca4b5.apk Binary XML file line #69
06-21 14:23:19.486 32539  2762 W PackageParser: Ignoring duplicate uses-permissions/uses-permissions-sdk-m: android.permission.FOREGROUND_SERVICE in package: ru.yandex.yandexnavi at: Binary XML file line #157
06-21 14:23:19.486 32539  2762 W PackageParser: Ignoring duplicate uses-permissions/uses-permissions-sdk-m: android.permission.CAMERA in package: ru.yandex.yandexnavi at: Binary XML file line #163
06-21 14:23:19.573 32539  2762 W PackageParser: Unknown element under <manifest>: queries at /storage/emulated/0/Download/WhatsApp_Messenger_0001bc36.apk Binary XML file line #36
06-21 14:23:19.579 32539  2762 W PackageParser: Unknown element under <application>: property at /storage/emulated/0/Download/WhatsApp_Messenger_0001bc36.apk Binary XML file line #433
06-21 14:23:19.678 32539  2762 W PackageParser: Unknown element under <manifest>: queries at /storage/emulated/0/Download/WhatsApp_Messenger_1ef2d976.apk Binary XML file line #36
06-21 14:23:19.687 32539  2762 W PackageParser: Unknown element under <application>: property at /storage/emulated/0/Download/WhatsApp_Messenger_1ef2d976.apk Binary XML file line #433
06-21 14:23:19.724 32539  4621 W PackageParser: Unknown element under <manifest>: queries at /storage/emulated/0/Android/data/org.youtube.installer/files/Download/temp/youtube_vanced.apk Binary XML file line #2
06-21 14:23:19.772 32539  2762 W PackageParser: Unknown element under <manifest>: queries at /storage/emulated/0/Download/VancedTube_0911597c.apk Binary XML file line #29
06-21 14:23:19.783 32539  4621 W PackageParser: Unknown element under <manifest>: queries at /storage/emulated/0/Android/data/org.youtube.installer/files/Download/temp/music_vanced.apk Binary XML file line #29
06-21 14:23:19.786  1624 11550 I chatty  : uid=1000(system) MobileQosDetect expire 2 lines
06-21 14:23:19.799  2286  2286 I chatty  : uid=1000(system) com.huawei.systemserver expire 1 line
06-21 14:23:19.808  1624  1968 I chatty  : uid=1000(system) ActivityManager expire 3 lines
06-21 14:23:19.824 32539  2762 W PackageParser: Ignoring duplicate uses-permissions/uses-permissions-sdk-m: android.permission.VIBRATE in package: com.etsy.android at: Binary XML file line #30
06-21 14:23:19.825 32539  2762 W PackageParser: Unknown element under <manifest>: queries at /storage/emulated/0/Download/Etsy__Custom___Creative_Goods_c12a4cd5.apk Binary XML file line #68
06-21 14:23:19.882  2541  4302 I chatty  : uid=1001(radio) EpdgManager expire 6 lines
06-21 14:23:19.887  2541  4318 I chatty  : uid=1001(radio) VoiceManager-0 expire 33 lines
06-21 14:23:19.887  2541  4297 I chatty  : uid=1001(radio) ChrHandlerThrea expire 2 lines
06-21 14:23:19.923 32539  2762 W PackageParser: Unknown element under <manifest>: queries at /storage/emulated/0/Download/Yemeksepeti_-_Food___Grocery_5bd75885.apk Binary XML file line #47
06-21 14:23:20.060 32539  2762 W PackageParser: Unknown element under <manifest>: queries at /storage/emulated/0/Download/WPS_Office_Lite_c9fedfd5.apk Binary XML file line #195
06-21 14:23:20.088 32539  2762 W PackageParser: No actions in intent filter at /storage/emulated/0/Download/WPS_Office_Lite_c9fedfd5.apk Binary XML file line #6338
06-21 14:23:20.156 32539  2762 W PackageParser: Unknown element under <manifest>: queries at /storage/emulated/0/Download/Discord__Talk__Chat___Hang_Out_7be487e9.apk Binary XML file line #56
06-21 14:23:20.190 32539  2762 W PackageParser: Unknown element under <manifest>: queries at /storage/emulated/0/Download/VPN_-_Super_Unlimited_Proxy_dbc8f8d7.apk Binary XML file line #27
06-21 14:23:20.227 32539  4621 W PackageParser: Unknown element under <manifest>: queries at /storage/emulated/0/Download/org.youtube.installer.apk Binary XML file line #14
06-21 14:23:20.229 32539  2762 W PackageParser: Unknown element under <manifest>: queries at /storage/emulated/0/Download/starryai_-_AI_Art_Generator_4f344a5b.apk Binary XML file line #35
06-21 14:23:20.239 32539  4621 W PackageParser: Unknown element under <manifest>: queries at /storage/emulated/0/Download/X_a6d17932.apk Binary XML file line #80
06-21 14:23:20.254 32539  4621 W PackageParser: Unknown element under <manifest>: queries at /storage/emulated/0/Download/WhatsApp_Messenger_6d7afc06.apk Binary XML file line #36
06-21 14:23:20.260 32539  4621 W PackageParser: Unknown element under <application>: property at /storage/emulated/0/Download/WhatsApp_Messenger_6d7afc06.apk Binary XML file line #3032
06-21 14:23:20.267 32539  2762 W PackageParser: Unknown element under <manifest>: queries at /storage/emulated/0/Download/Kampp_-_Trkiye_Kamp_Yerleri_f33c04cd.apk Binary XML file line #18
06-21 14:23:20.275 32539  4621 W PackageParser: Ignoring duplicate uses-permissions/uses-permissions-sdk-m: android.permission.BLUETOOTH in package: com.huawei.wallet at: Binary XML file line #128
06-21 14:23:20.276 32539  4621 W PackageParser: Unknown element under <manifest>: queries at /storage/emulated/0/Download/Huawei_Wallet_5f5f9d5a.apk Binary XML file line #290
06-21 14:23:20.276 32539  4621 W PackageParser: Unknown element under <manifest>: meta-data at /storage/emulated/0/Download/Huawei_Wallet_5f5f9d5a.apk Binary XML file line #329
06-21 14:23:20.279 32539  4621 W PackageParser: <meta-data> only supports string, integer, float, color, boolean, and resource reference types: meta-data at /storage/emulated/0/Download/Huawei_Wallet_5f5f9d5a.apk Binary XML file line #587
06-21 14:23:20.279 32539  4621 W PackageParser: <meta-data> only supports string, integer, float, color, boolean, and resource reference types: meta-data at /storage/emulated/0/Download/Huawei_Wallet_5f5f9d5a.apk Binary XML file line #590
06-21 14:23:20.284 32539  4621 W PackageParser: No actions in intent filter at /storage/emulated/0/Download/Huawei_Wallet_5f5f9d5a.apk Binary XML file line #1882
06-21 14:23:20.284 32539  4621 W PackageParser: No actions in intent filter at /storage/emulated/0/Download/Huawei_Wallet_5f5f9d5a.apk Binary XML file line #1891
06-21 14:23:20.306 32539  2762 W PackageParser: Unknown element under <manifest>: queries at /storage/emulated/0/Download/EnglishCentral_-_Learn_English_2999e2db.apk Binary XML file line #24
06-21 14:23:20.314 32539  4621 W PackageParser: No actions in intent filter at /storage/emulated/0/Download/Huawei_Wallet_5f5f9d5a.apk Binary XML file line #9423
06-21 14:23:20.314 32539  4621 W PackageParser: No actions in intent filter at /storage/emulated/0/Download/Huawei_Wallet_5f5f9d5a.apk Binary XML file line #9428
06-21 14:23:20.327 32539  4621 W PackageParser: No actions in intent filter at /storage/emulated/0/Download/Huawei_Wallet_5f5f9d5a.apk Binary XML file line #17384
06-21 14:23:20.346 32539  4621 W PackageParser: Unknown element under <manifest>: queries at /storage/emulated/0/Download/_1ce3e61f.apk Binary XML file line #73
06-21 14:23:20.347 32539  2762 W PackageParser: Unknown element under <manifest>: queries at /storage/emulated/0/Download/Voice_Recorder_bdb027ec.apk Binary XML file line #59
06-21 14:23:20.357 32539  4621 W PackageParser: Unknown element under <manifest>: queries at /storage/emulated/0/Download/VancedTube_6716c8bd.apk Binary XML file line #29
06-21 14:23:20.363 32539  4621 W PackageParser: Unknown element under <manifest>: queries at /storage/emulated/0/Download/Exxen_51ae6b1a.apk Binary XML file line #21
06-21 14:23:20.369 32539  4621 W PackageParser: Unknown element under <manifest>: queries at /storage/emulated/0/Download/GitHub_5757417e.apk Binary XML file line #11
06-21 14:23:20.375 32539  4621 W PackageParser: Unknown element under <manifest>: queries at /storage/emulated/0/Download/VancedTube_0717ca99.apk Binary XML file line #29
06-21 14:23:20.383 32539  4621 W PackageParser: Unknown element under <manifest>: queries at /storage/emulated/0/Download/YouTube_de5fba4e.apk Binary XML file line #42
06-21 14:23:20.384 32539  4621 W PackageParser: Unknown element under <application>: property at /storage/emulated/0/Download/YouTube_de5fba4e.apk Binary XML file line #428
06-21 14:23:20.394 32539  4621 W PackageParser: Unknown element under <manifest>: queries at /storage/emulated/0/Download/New_Star_Soccer_f65ede81.apk Binary XML file line #42
06-21 14:23:20.399 32539  4621 W PackageParser: Unknown element under <manifest>: queries at /storage/emulated/0/Download/NFC_Tools_7c61a7ff.apk Binary XML file line #22
06-21 14:23:20.407 32539  4621 W PackageParser: Unknown element under <manifest>: queries at /storage/emulated/0/Download/Yandex_Disk_file_cloud_storage_38e3a527.apk Binary XML file line #16
06-21 14:23:20.407 32539  4621 W PackageParser: Ignoring duplicate uses-permissions/uses-permissions-sdk-m: android.permission.READ_SYNC_SETTINGS in package: ru.yandex.disk at: Binary XML file line #124
06-21 14:23:20.407 32539  4621 W PackageParser: Ignoring duplicate uses-permissions/uses-permissions-sdk-m: android.permission.WRITE_SYNC_SETTINGS in package: ru.yandex.disk at: Binary XML file line #125
06-21 14:23:20.407 32539  4621 W PackageParser: Ignoring duplicate uses-permissions/uses-permissions-sdk-m: android.permission.CAMERA in package: ru.yandex.disk at: Binary XML file line #137
06-21 14:23:20.407 32539  4621 W PackageParser: Ignoring duplicate uses-permissions/uses-permissions-sdk-m: android.permission.FOREGROUND_SERVICE in package: ru.yandex.disk at: Binary XML file line #153
06-21 14:23:20.417 32539  4621 W PackageParser: Unknown element under <manifest>: queries at /storage/emulated/0/Download/Telegram_f5dca2c7.apk Binary XML file line #123
06-21 14:23:20.423 32539  4621 W PackageParser: Unknown element under <manifest>: queries at /storage/emulated/0/Download/New_Star_Manager_af9b8e42.apk Binary XML file line #36
06-21 14:23:20.429 32539  2762 W PackageParser: Unknown element under <manifest>: queries at /storage/emulated/0/Download/Armut_-_Hizmet_Pi__Azma_D_66eade97.apk Binary XML file line #25
06-21 14:23:20.431 32539  4621 W PackageParser: Unknown element under <manifest>: queries at /storage/emulated/0/Download/Google_Maps_532b91a4.apk Binary XML file line #108
06-21 14:23:20.453 32539  4621 W PackageParser: Unknown element under <manifest>: queries at /storage/emulated/0/Download/NFC_Tasks_2b491dc8.apk Binary XML file line #131
06-21 14:23:20.460 32539  4621 W PackageParser: Unknown element under <manifest>: queries at /storage/emulated/0/Download/Trendyol_-_Online_Alveri_4e678b1c.apk Binary XML file line #7
06-21 14:23:20.467 32539  4621 W PackageParser: Unknown element under <manifest>: queries at /storage/emulated/0/Download/atv_910f18c5.apk Binary XML file line #25
06-21 14:23:20.475 32539  4621 W PackageParser: Unknown element under <manifest>: supports-gl-texture at /storage/emulated/0/Download/Instagram_62315629.apk Binary XML file line #123
06-21 14:23:20.475 32539  4621 W PackageParser: Unknown element under <manifest>: queries at /storage/emulated/0/Download/Instagram_62315629.apk Binary XML file line #155
06-21 14:23:20.476 32539  4621 W PackageParser: Unknown element under <manifest>: queries at /storage/emulated/0/Download/Instagram_62315629.apk Binary XML file line #173
06-21 14:23:20.481 32539  4621 W PackageParser: Unknown element under <application>: enable-feature at /storage/emulated/0/Download/Instagram_62315629.apk Binary XML file line #1282
06-21 14:23:20.483 32539  4621 W PackageParser: No actions in intent filter at /storage/emulated/0/Download/Instagram_62315629.apk Binary XML file line #1720
06-21 14:23:20.484 32539  4621 W PackageParser: No actions in intent filter at /storage/emulated/0/Download/Instagram_62315629.apk Binary XML file line #1725
06-21 14:23:20.484 32539  4621 W PackageParser: No actions in intent filter at /storage/emulated/0/Download/Instagram_62315629.apk Binary XML file line #1730
06-21 14:23:20.485 32539  4621 W PackageParser: Unknown element under <manifest>: queries at /storage/emulated/0/Download/Instagram_62315629.apk Binary XML file line #1760
06-21 14:23:20.491 32539  4621 W PackageParser: Unknown element under <manifest>: queries at /storage/emulated/0/Download/Pinterest_bc7a705c.apk Binary XML file line #101
06-21 14:23:20.505 32539  4621 W PackageParser: Unknown element under <manifest>: attribution at /storage/emulated/0/Download/Google_Play_services_a3c7270a.apk Binary XML file line #15
06-21 14:23:20.505 32539  4621 W PackageParser: Unknown element under <manifest>: attribution at /storage/emulated/0/Download/Google_Play_services_a3c7270a.apk Binary XML file line #18
06-21 14:23:20.505 32539  4621 W PackageParser: Unknown element under <manifest>: attribution at /storage/emulated/0/Download/Google_Play_services_a3c7270a.apk Binary XML file line #21
06-21 14:23:20.505 32539  4621 W PackageParser: Unknown element under <manifest>: attribution at /storage/emulated/0/Download/Google_Play_services_a3c7270a.apk Binary XML file line #24
06-21 14:23:20.505 32539  4621 W PackageParser: Unknown element under <manifest>: attribution at /storage/emulated/0/Download/Google_Play_services_a3c7270a.apk Binary XML file line #27
06-21 14:23:20.505 32539  4621 W PackageParser: Unknown element under <manifest>: attribution at /storage/emulated/0/Download/Google_Play_services_a3c7270a.apk Binary XML file line #30
06-21 14:23:20.505 32539  4621 W PackageParser: Unknown element under <manifest>: attribution at /storage/emulated/0/Download/Google_Play_services_a3c7270a.apk Binary XML file line #33
06-21 14:23:20.505 32539  4621 W PackageParser: Unknown element under <manifest>: attribution at /storage/emulated/0/Download/Google_Play_services_a3c7270a.apk Binary XML file line #36
06-21 14:23:20.505 32539  4621 W PackageParser: Unknown element under <manifest>: attribution at /storage/emulated/0/Download/Google_Play_services_a3c7270a.apk Binary XML file line #39
06-21 14:23:20.505 32539  4621 W PackageParser: Unknown element under <manifest>: attribution at /storage/emulated/0/Download/Google_Play_services_a3c7270a.apk Binary XML file line #42
06-21 14:23:20.505 32539  4621 W PackageParser: Unknown element under <manifest>: attribution at /storage/emulated/0/Download/Google_Play_services_a3c7270a.apk Binary XML file line #45
06-21 14:23:20.505 32539  4621 W PackageParser: Unknown element under <manifest>: attribution at /storage/emulated/0/Download/Google_Play_services_a3c7270a.apk Binary XML file line #48
06-21 14:23:20.505 32539  4621 W PackageParser: Unknown element under <manifest>: attribution at /storage/emulated/0/Download/Google_Play_services_a3c7270a.apk Binary XML file line #51
06-21 14:23:20.505 32539  4621 W PackageParser: Unknown element under <manifest>: attribution at /storage/emulated/0/Download/Google_Play_services_a3c7270a.apk Binary XML file line #54
06-21 14:23:20.505 32539  4621 W PackageParser: Unknown element under <manifest>: attribution at /storage/emulated/0/Download/Google_Play_services_a3c7270a.apk Binary XML file line #57
06-21 14:23:20.505 32539  4621 W PackageParser: Unknown element under <manifest>: attribution at /storage/emulated/0/Download/Google_Play_services_a3c7270a.apk Binary XML file line #60
06-21 14:23:20.505 32539  4621 W PackageParser: Unknown element under <manifest>: attribution at /storage/emulated/0/Download/Google_Play_services_a3c7270a.apk Binary XML file line #63
06-21 14:23:20.505 32539  4621 W PackageParser: Unknown element under <manifest>: attribution at /storage/emulated/0/Download/Google_Play_services_a3c7270a.apk Binary XML file line #66
06-21 14:23:20.505 32539  4621 W PackageParser: Unknown element under <manifest>: attribution at /storage/emulated/0/Download/Google_Play_services_a3c7270a.apk Binary XML file line #69
06-21 14:23:20.505 32539  4621 W PackageParser: Unknown element under <manifest>: attribution at /storage/emulated/0/Download/Google_Play_services_a3c7270a.apk Binary XML file line #72
06-21 14:23:20.505 32539  4621 W PackageParser: Unknown element under <manifest>: attribution at /storage/emulated/0/Download/Google_Play_services_a3c7270a.apk Binary XML file line #75
06-21 14:23:20.505 32539  4621 W PackageParser: Unknown element under <manifest>: attribution at /storage/emulated/0/Download/Google_Play_services_a3c7270a.apk Binary XML file line #78
06-21 14:23:20.505 32539  4621 W PackageParser: Unknown element under <manifest>: attribution at /storage/emulated/0/Download/Google_Play_services_a3c7270a.apk Binary XML file line #81
06-21 14:23:20.506 32539  4621 W PackageParser: Unknown element under <manifest>: attribution at /storage/emulated/0/Download/Google_Play_services_a3c7270a.apk Binary XML file line #84
06-21 14:23:20.506 32539  4621 W PackageParser: Unknown element under <manifest>: attribution at /storage/emulated/0/Download/Google_Play_services_a3c7270a.apk Binary XML file line #87
06-21 14:23:20.506 32539  4621 W PackageParser: Unknown element under <manifest>: attribution at /storage/emulated/0/Download/Google_Play_services_a3c7270a.apk Binary XML file line #90
06-21 14:23:20.506 32539  4621 W PackageParser: Unknown element under <manifest>: attribution at /storage/emulated/0/Download/Google_Play_services_a3c7270a.apk Binary XML file line #93
06-21 14:23:20.506 32539  4621 W PackageParser: Unknown element under <manifest>: attribution at /storage/emulated/0/Download/Google_Play_services_a3c7270a.apk Binary XML file line #96
06-21 14:23:20.506 32539  4621 W PackageParser: Unknown element under <manifest>: attribution at /storage/emulated/0/Download/Google_Play_services_a3c7270a.apk Binary XML file line #99
06-21 14:23:20.506 32539  4621 W PackageParser: Unknown element under <manifest>: attribution at /storage/emulated/0/Download/Google_Play_services_a3c7270a.apk Binary XML file line #102
06-21 14:23:20.506 32539  4621 W PackageParser: Unknown element under <manifest>: attribution at /storage/emulated/0/Download/Google_Play_services_a3c7270a.apk Binary XML file line #105
06-21 14:23:20.506 32539  4621 W PackageParser: Unknown element under <manifest>: attribution at /storage/emulated/0/Download/Google_Play_services_a3c7270a.apk Binary XML file line #108
06-21 14:23:20.506 32539  4621 W PackageParser: Unknown element under <manifest>: attribution at /storage/emulated/0/Download/Google_Play_services_a3c7270a.apk Binary XML file line #111
06-21 14:23:20.506 32539  4621 W PackageParser: Unknown element under <manifest>: attribution at /storage/emulated/0/Download/Google_Play_services_a3c7270a.apk Binary XML file line #114
06-21 14:23:20.506 32539  4621 W PackageParser: Unknown element under <manifest>: attribution at /storage/emulated/0/Download/Google_Play_services_a3c7270a.apk Binary XML file line #117
06-21 14:23:20.506 32539  4621 W PackageParser: Unknown element under <manifest>: attribution at /storage/emulated/0/Download/Google_Play_services_a3c7270a.apk Binary XML file line #120
06-21 14:23:20.506 32539  4621 W PackageParser: Unknown element under <manifest>: attribution at /storage/emulated/0/Download/Google_Play_services_a3c7270a.apk Binary XML file line #123
06-21 14:23:20.506 32539  4621 W PackageParser: Unknown element under <manifest>: attribution at /storage/emulated/0/Download/Google_Play_services_a3c7270a.apk Binary XML file line #126
06-21 14:23:20.506 32539  4621 W PackageParser: Unknown element under <manifest>: attribution at /storage/emulated/0/Download/Google_Play_services_a3c7270a.apk Binary XML file line #129
06-21 14:23:20.506 32539  4621 W PackageParser: Unknown element under <manifest>: attribution at /storage/emulated/0/Download/Google_Play_services_a3c7270a.apk Binary XML file line #132
06-21 14:23:20.506 32539  4621 W PackageParser: Unknown element under <manifest>: attribution at /storage/emulated/0/Download/Google_Play_services_a3c7270a.apk Binary XML file line #135
06-21 14:23:20.506 32539  4621 W PackageParser: Unknown element under <manifest>: attribution at /storage/emulated/0/Download/Google_Play_services_a3c7270a.apk Binary XML file line #138
06-21 14:23:20.506 32539  4621 W PackageParser: Unknown element under <manifest>: attribution at /storage/emulated/0/Download/Google_Play_services_a3c7270a.apk Binary XML file line #141
06-21 14:23:20.506 32539  4621 W PackageParser: Unknown element under <manifest>: attribution at /storage/emulated/0/Download/Google_Play_services_a3c7270a.apk Binary XML file line #144
06-21 14:23:20.506 32539  4621 W PackageParser: Unknown element under <manifest>: attribution at /storage/emulated/0/Download/Google_Play_services_a3c7270a.apk Binary XML file line #147
06-21 14:23:20.506 32539  4621 W PackageParser: Unknown element under <manifest>: attribution at /storage/emulated/0/Download/Google_Play_services_a3c7270a.apk Binary XML file line #150
06-21 14:23:20.506 32539  4621 W PackageParser: Unknown element under <manifest>: attribution at /storage/emulated/0/Download/Google_Play_services_a3c7270a.apk Binary XML file line #153
06-21 14:23:20.506 32539  4621 W PackageParser: Unknown element under <manifest>: attribution at /storage/emulated/0/Download/Google_Play_services_a3c7270a.apk Binary XML file line #156
06-21 14:23:20.506 32539  4621 W PackageParser: Unknown element under <manifest>: attribution at /storage/emulated/0/Download/Google_Play_services_a3c7270a.apk Binary XML file line #159
06-21 14:23:20.506 32539  4621 W PackageParser: Unknown element under <manifest>: attribution at /storage/emulated/0/Download/Google_Play_services_a3c7270a.apk Binary XML file line #162
06-21 14:23:20.506 32539  4621 W PackageParser: Unknown element under <manifest>: attribution at /storage/emulated/0/Download/Google_Play_services_a3c7270a.apk Binary XML file line #165
06-21 14:23:20.506 32539  4621 W PackageParser: Unknown element under <manifest>: attribution at /storage/emulated/0/Download/Google_Play_services_a3c7270a.apk Binary XML file line #168
06-21 14:23:20.506 32539  4621 W PackageParser: Unknown element under <manifest>: attribution at /storage/emulated/0/Download/Google_Play_services_a3c7270a.apk Binary XML file line #171
06-21 14:23:20.506 32539  4621 W PackageParser: Unknown element under <manifest>: attribution at /storage/emulated/0/Download/Google_Play_services_a3c7270a.apk Binary XML file line #174
06-21 14:23:20.506 32539  4621 W PackageParser: Unknown element under <manifest>: attribution at /storage/emulated/0/Download/Google_Play_services_a3c7270a.apk Binary XML file line #177
06-21 14:23:20.506 32539  4621 W PackageParser: Unknown element under <manifest>: attribution at /storage/emulated/0/Download/Google_Play_services_a3c7270a.apk Binary XML file line #180
06-21 14:23:20.506 32539  4621 W PackageParser: Unknown element under <manifest>: attribution at /storage/emulated/0/Download/Google_Play_services_a3c7270a.apk Binary XML file line #183
06-21 14:23:20.506 32539  4621 W PackageParser: Unknown element under <manifest>: attribution at /storage/emulated/0/Download/Google_Play_services_a3c7270a.apk Binary XML file line #186
06-21 14:23:20.506 32539  4621 W PackageParser: Unknown element under <manifest>: attribution at /storage/emulated/0/Download/Google_Play_services_a3c7270a.apk Binary XML file line #189
06-21 14:23:20.506 32539  4621 W PackageParser: Unknown element under <manifest>: attribution at /storage/emulated/0/Download/Google_Play_services_a3c7270a.apk Binary XML file line #192
06-21 14:23:20.506 32539  4621 W PackageParser: Unknown element under <manifest>: attribution at /storage/emulated/0/Download/Google_Play_services_a3c7270a.apk Binary XML file line #195
06-21 14:23:20.506 32539  4621 W PackageParser: Unknown element under <manifest>: attribution at /storage/emulated/0/Download/Google_Play_services_a3c7270a.apk Binary XML file line #198
06-21 14:23:20.506 32539  4621 W PackageParser: Unknown element under <manifest>: attribution at /storage/emulated/0/Download/Google_Play_services_a3c7270a.apk Binary XML file line #201
06-21 14:23:20.506 32539  4621 W PackageParser: Unknown element under <manifest>: attribution at /storage/emulated/0/Download/Google_Play_services_a3c7270a.apk Binary XML file line #204
06-21 14:23:20.506 32539  4621 W PackageParser: Unknown element under <manifest>: attribution at /storage/emulated/0/Download/Google_Play_services_a3c7270a.apk Binary XML file line #207
06-21 14:23:20.506 32539  4621 W PackageParser: Unknown element under <manifest>: attribution at /storage/emulated/0/Download/Google_Play_services_a3c7270a.apk Binary XML file line #210
06-21 14:23:20.506 32539  4621 W PackageParser: Unknown element under <manifest>: attribution at /storage/emulated/0/Download/Google_Play_services_a3c7270a.apk Binary XML file line #213
06-21 14:23:20.506 32539  4621 W PackageParser: Unknown element under <manifest>: attribution at /storage/emulated/0/Download/Google_Play_services_a3c7270a.apk Binary XML file line #216
06-21 14:23:20.506 32539  4621 W PackageParser: Unknown element under <manifest>: attribution at /storage/emulated/0/Download/Google_Play_services_a3c7270a.apk Binary XML file line #219
06-21 14:23:20.506 32539  4621 W PackageParser: Unknown element under <manifest>: attribution at /storage/emulated/0/Download/Google_Play_services_a3c7270a.apk Binary XML file line #222
06-21 14:23:20.506 32539  4621 W PackageParser: Unknown element under <manifest>: attribution at /storage/emulated/0/Download/Google_Play_services_a3c7270a.apk Binary XML file line #225
06-21 14:23:20.506 32539  4621 W PackageParser: Unknown element under <manifest>: attribution at /storage/emulated/0/Download/Google_Play_services_a3c7270a.apk Binary XML file line #228
06-21 14:23:20.506 32539  4621 W PackageParser: Unknown element under <manifest>: attribution at /storage/emulated/0/Download/Google_Play_services_a3c7270a.apk Binary XML file line #231
06-21 14:23:20.506 32539  4621 W PackageParser: Unknown element under <manifest>: attribution at /storage/emulated/0/Download/Google_Play_services_a3c7270a.apk Binary XML file line #234
06-21 14:23:20.506 32539  4621 W PackageParser: Unknown element under <manifest>: attribution at /storage/emulated/0/Download/Google_Play_services_a3c7270a.apk Binary XML file line #237
06-21 14:23:20.506 32539  4621 W PackageParser: Unknown element under <manifest>: attribution at /storage/emulated/0/Download/Google_Play_services_a3c7270a.apk Binary XML file line #240
06-21 14:23:20.506 32539  4621 W PackageParser: Unknown element under <manifest>: attribution at /storage/emulated/0/Download/Google_Play_services_a3c7270a.apk Binary XML file line #243
06-21 14:23:20.506 32539  4621 W PackageParser: Unknown element under <manifest>: attribution at /storage/emulated/0/Download/Google_Play_services_a3c7270a.apk Binary XML file line #246
06-21 14:23:20.506 32539  4621 W PackageParser: Unknown element under <manifest>: attribution at /storage/emulated/0/Download/Google_Play_services_a3c7270a.apk Binary XML file line #249
06-21 14:23:20.506 32539  4621 W PackageParser: Unknown element under <manifest>: attribution at /storage/emulated/0/Download/Google_Play_services_a3c7270a.apk Binary XML file line #252
06-21 14:23:20.506 32539  4621 W PackageParser: Unknown element under <manifest>: attribution at /storage/emulated/0/Download/Google_Play_services_a3c7270a.apk Binary XML file line #255
06-21 14:23:20.506 32539  4621 W PackageParser: Unknown element under <manifest>: attribution at /storage/emulated/0/Download/Google_Play_services_a3c7270a.apk Binary XML file line #258
06-21 14:23:20.506 32539  4621 W PackageParser: Unknown element under <manifest>: attribution at /storage/emulated/0/Download/Google_Play_services_a3c7270a.apk Binary XML file line #261
06-21 14:23:20.506 32539  4621 W PackageParser: Unknown element under <manifest>: attribution at /storage/emulated/0/Download/Google_Play_services_a3c7270a.apk Binary XML file line #264
06-21 14:23:20.506 32539  4621 W PackageParser: Unknown element under <manifest>: attribution at /storage/emulated/0/Download/Google_Play_services_a3c7270a.apk Binary XML file line #267
06-21 14:23:20.506 32539  4621 W PackageParser: Unknown element under <manifest>: attribution at /storage/emulated/0/Download/Google_Play_services_a3c7270a.apk Binary XML file line #270
06-21 14:23:20.506 32539  4621 W PackageParser: Unknown element under <manifest>: attribution at /storage/emulated/0/Download/Google_Play_services_a3c7270a.apk Binary XML file line #273
06-21 14:23:20.506 32539  4621 W PackageParser: Unknown element under <manifest>: attribution at /storage/emulated/0/Download/Google_Play_services_a3c7270a.apk Binary XML file line #276
06-21 14:23:20.506 32539  4621 W PackageParser: Unknown element under <manifest>: attribution at /storage/emulated/0/Download/Google_Play_services_a3c7270a.apk Binary XML file line #279
06-21 14:23:20.506 32539  4621 W PackageParser: Unknown element under <manifest>: attribution at /storage/emulated/0/Download/Google_Play_services_a3c7270a.apk Binary XML file line #282
06-21 14:23:20.506 32539  4621 W PackageParser: Unknown element under <manifest>: attribution at /storage/emulated/0/Download/Google_Play_services_a3c7270a.apk Binary XML file line #285
06-21 14:23:20.506 32539  4621 W PackageParser: Unknown element under <manifest>: attribution at /storage/emulated/0/Download/Google_Play_services_a3c7270a.apk Binary XML file line #288
06-21 14:23:20.506 32539  4621 W PackageParser: Unknown element under <manifest>: attribution at /storage/emulated/0/Download/Google_Play_services_a3c7270a.apk Binary XML file line #291
06-21 14:23:20.506 32539  4621 W PackageParser: Unknown element under <manifest>: attribution at /storage/emulated/0/Download/Google_Play_services_a3c7270a.apk Binary XML file line #294
06-21 14:23:20.506 32539  4621 W PackageParser: Unknown element under <manifest>: attribution at /storage/emulated/0/Download/Google_Play_services_a3c7270a.apk Binary XML file line #297
06-21 14:23:20.506 32539  4621 W PackageParser: Unknown element under <manifest>: attribution at /storage/emulated/0/Download/Google_Play_services_a3c7270a.apk Binary XML file line #300
06-21 14:23:20.506 32539  4621 W PackageParser: Unknown element under <manifest>: attribution at /storage/emulated/0/Download/Google_Play_services_a3c7270a.apk Binary XML file line #303
06-21 14:23:20.506 32539  4621 W PackageParser: Unknown element under <manifest>: attribution at /storage/emulated/0/Download/Google_Play_services_a3c7270a.apk Binary XML file line #306
06-21 14:23:20.506 32539  4621 W PackageParser: Unknown element under <manifest>: attribution at /storage/emulated/0/Download/Google_Play_services_a3c7270a.apk Binary XML file line #309
06-21 14:23:20.506 32539  4621 W PackageParser: Unknown element under <manifest>: attribution at /storage/emulated/0/Download/Google_Play_services_a3c7270a.apk Binary XML file line #312
06-21 14:23:20.506 32539  4621 W PackageParser: Unknown element under <manifest>: attribution at /storage/emulated/0/Download/Google_Play_services_a3c7270a.apk Binary XML file line #315
06-21 14:23:20.506 32539  4621 W PackageParser: Unknown element under <manifest>: attribution at /storage/emulated/0/Download/Google_Play_services_a3c7270a.apk Binary XML file line #318
06-21 14:23:20.506 32539  4621 W PackageParser: Unknown element under <manifest>: attribution at /storage/emulated/0/Download/Google_Play_services_a3c7270a.apk Binary XML file line #321
06-21 14:23:20.506 32539  4621 W PackageParser: Unknown element under <manifest>: attribution at /storage/emulated/0/Download/Google_Play_services_a3c7270a.apk Binary XML file line #324
06-21 14:23:20.506 32539  4621 W PackageParser: Unknown element under <manifest>: attribution at /storage/emulated/0/Download/Google_Play_services_a3c7270a.apk Binary XML file line #327
06-21 14:23:20.507 32539  4621 W PackageParser: Unknown element under <manifest>: attribution at /storage/emulated/0/Download/Google_Play_services_a3c7270a.apk Binary XML file line #330
06-21 14:23:20.507 32539  4621 W PackageParser: Unknown element under <manifest>: attribution at /storage/emulated/0/Download/Google_Play_services_a3c7270a.apk Binary XML file line #333
06-21 14:23:20.507 32539  4621 W PackageParser: Unknown element under <manifest>: attribution at /storage/emulated/0/Download/Google_Play_services_a3c7270a.apk Binary XML file line #336
06-21 14:23:20.507 32539  4621 W PackageParser: Unknown element under <manifest>: attribution at /storage/emulated/0/Download/Google_Play_services_a3c7270a.apk Binary XML file line #339
06-21 14:23:20.507 32539  4621 W PackageParser: Unknown element under <manifest>: attribution at /storage/emulated/0/Download/Google_Play_services_a3c7270a.apk Binary XML file line #342
06-21 14:23:20.507 32539  4621 W PackageParser: Unknown element under <manifest>: attribution at /storage/emulated/0/Download/Google_Play_services_a3c7270a.apk Binary XML file line #345
06-21 14:23:20.507 32539  4621 W PackageParser: Unknown element under <manifest>: attribution at /storage/emulated/0/Download/Google_Play_services_a3c7270a.apk Binary XML file line #348
06-21 14:23:20.507 32539  4621 W PackageParser: Unknown element under <manifest>: attribution at /storage/emulated/0/Download/Google_Play_services_a3c7270a.apk Binary XML file line #351
06-21 14:23:20.507 32539  4621 W PackageParser: Unknown element under <manifest>: attribution at /storage/emulated/0/Download/Google_Play_services_a3c7270a.apk Binary XML file line #354
06-21 14:23:20.507 32539  4621 W PackageParser: Unknown element under <manifest>: attribution at /storage/emulated/0/Download/Google_Play_services_a3c7270a.apk Binary XML file line #357
06-21 14:23:20.507 32539  4621 W PackageParser: Unknown element under <manifest>: attribution at /storage/emulated/0/Download/Google_Play_services_a3c7270a.apk Binary XML file line #360
06-21 14:23:20.507 32539  4621 W PackageParser: Unknown element under <manifest>: attribution at /storage/emulated/0/Download/Google_Play_services_a3c7270a.apk Binary XML file line #363
06-21 14:23:20.507 32539  4621 W PackageParser: Unknown element under <manifest>: attribution at /storage/emulated/0/Download/Google_Play_services_a3c7270a.apk Binary XML file line #366
06-21 14:23:20.507 32539  4621 W PackageParser: Unknown element under <manifest>: attribution at /storage/emulated/0/Download/Google_Play_services_a3c7270a.apk Binary XML file line #369
06-21 14:23:20.507 32539  4621 W PackageParser: Unknown element under <manifest>: attribution at /storage/emulated/0/Download/Google_Play_services_a3c7270a.apk Binary XML file line #372
06-21 14:23:20.507 32539  4621 W PackageParser: Unknown element under <manifest>: attribution at /storage/emulated/0/Download/Google_Play_services_a3c7270a.apk Binary XML file line #375
06-21 14:23:20.507 32539  4621 W PackageParser: Unknown element under <manifest>: attribution at /storage/emulated/0/Download/Google_Play_services_a3c7270a.apk Binary XML file line #378
06-21 14:23:20.507 32539  4621 W PackageParser: Unknown element under <manifest>: attribution at /storage/emulated/0/Download/Google_Play_services_a3c7270a.apk Binary XML file line #381
06-21 14:23:20.507 32539  4621 W PackageParser: Unknown element under <manifest>: attribution at /storage/emulated/0/Download/Google_Play_services_a3c7270a.apk Binary XML file line #384
06-21 14:23:20.507 32539  4621 W PackageParser: Unknown element under <manifest>: attribution at /storage/emulated/0/Download/Google_Play_services_a3c7270a.apk Binary XML file line #387
06-21 14:23:20.507 32539  4621 W PackageParser: Unknown element under <manifest>: attribution at /storage/emulated/0/Download/Google_Play_services_a3c7270a.apk Binary XML file line #390
06-21 14:23:20.507 32539  4621 W PackageParser: Unknown element under <manifest>: attribution at /storage/emulated/0/Download/Google_Play_services_a3c7270a.apk Binary XML file line #393
06-21 14:23:20.507 32539  4621 W PackageParser: Unknown element under <manifest>: attribution at /storage/emulated/0/Download/Google_Play_services_a3c7270a.apk Binary XML file line #396
06-21 14:23:20.507 32539  4621 W PackageParser: Unknown element under <manifest>: attribution at /storage/emulated/0/Download/Google_Play_services_a3c7270a.apk Binary XML file line #399
06-21 14:23:20.507 32539  4621 W PackageParser: Unknown element under <manifest>: attribution at /storage/emulated/0/Download/Google_Play_services_a3c7270a.apk Binary XML file line #402
06-21 14:23:20.507 32539  4621 W PackageParser: Unknown element under <manifest>: attribution at /storage/emulated/0/Download/Google_Play_services_a3c7270a.apk Binary XML file line #405
06-21 14:23:20.507 32539  4621 W PackageParser: Unknown element under <manifest>: attribution at /storage/emulated/0/Download/Google_Play_services_a3c7270a.apk Binary XML file line #408
06-21 14:23:20.507 32539  4621 W PackageParser: Unknown element under <manifest>: attribution at /storage/emulated/0/Download/Google_Play_services_a3c7270a.apk Binary XML file line #411
06-21 14:23:20.507 32539  4621 W PackageParser: Unknown element under <manifest>: attribution at /storage/emulated/0/Download/Google_Play_services_a3c7270a.apk Binary XML file line #414
06-21 14:23:20.507 32539  4621 W PackageParser: Unknown element under <manifest>: attribution at /storage/emulated/0/Download/Google_Play_services_a3c7270a.apk Binary XML file line #417
06-21 14:23:20.507 32539  4621 W PackageParser: Unknown element under <manifest>: attribution at /storage/emulated/0/Download/Google_Play_services_a3c7270a.apk Binary XML file line #420
06-21 14:23:20.507 32539  4621 W PackageParser: Unknown element under <manifest>: attribution at /storage/emulated/0/Download/Google_Play_services_a3c7270a.apk Binary XML file line #423
06-21 14:23:20.507 32539  4621 W PackageParser: Unknown element under <manifest>: attribution at /storage/emulated/0/Download/Google_Play_services_a3c7270a.apk Binary XML file line #426
06-21 14:23:20.507 32539  4621 W PackageParser: Unknown element under <manifest>: attribution at /storage/emulated/0/Download/Google_Play_services_a3c7270a.apk Binary XML file line #429
06-21 14:23:20.507 32539  4621 W PackageParser: Unknown element under <manifest>: attribution at /storage/emulated/0/Download/Google_Play_services_a3c7270a.apk Binary XML file line #432
06-21 14:23:20.507 32539  4621 W PackageParser: Unknown element under <manifest>: attribution at /storage/emulated/0/Download/Google_Play_services_a3c7270a.apk Binary XML file line #435
06-21 14:23:20.507 32539  4621 W PackageParser: Unknown element under <manifest>: attribution at /storage/emulated/0/Download/Google_Play_services_a3c7270a.apk Binary XML file line #438
06-21 14:23:20.507 32539  4621 W PackageParser: Unknown element under <manifest>: attribution at /storage/emulated/0/Download/Google_Play_services_a3c7270a.apk Binary XML file line #441
06-21 14:23:20.507 32539  4621 W PackageParser: Unknown element under <manifest>: attribution at /storage/emulated/0/Download/Google_Play_services_a3c7270a.apk Binary XML file line #444
06-21 14:23:20.507 32539  4621 W PackageParser: Unknown element under <manifest>: attribution at /storage/emulated/0/Download/Google_Play_services_a3c7270a.apk Binary XML file line #447
06-21 14:23:20.507 32539  4621 W PackageParser: Unknown element under <manifest>: attribution at /storage/emulated/0/Download/Google_Play_services_a3c7270a.apk Binary XML file line #450
06-21 14:23:20.507 32539  4621 W PackageParser: Unknown element under <manifest>: attribution at /storage/emulated/0/Download/Google_Play_services_a3c7270a.apk Binary XML file line #453
06-21 14:23:20.507 32539  4621 W PackageParser: Unknown element under <manifest>: attribution at /storage/emulated/0/Download/Google_Play_services_a3c7270a.apk Binary XML file line #456
06-21 14:23:20.507 32539  4621 W PackageParser: Unknown element under <manifest>: attribution at /storage/emulated/0/Download/Google_Play_services_a3c7270a.apk Binary XML file line #459
06-21 14:23:20.507 32539  4621 W PackageParser: Unknown element under <manifest>: attribution at /storage/emulated/0/Download/Google_Play_services_a3c7270a.apk Binary XML file line #462
06-21 14:23:20.507 32539  4621 W PackageParser: Unknown element under <manifest>: attribution at /storage/emulated/0/Download/Google_Play_services_a3c7270a.apk Binary XML file line #465
06-21 14:23:20.507 32539  4621 W PackageParser: Unknown element under <manifest>: attribution at /storage/emulated/0/Download/Google_Play_services_a3c7270a.apk Binary XML file line #468
06-21 14:23:20.507 32539  4621 W PackageParser: Unknown element under <manifest>: attribution at /storage/emulated/0/Download/Google_Play_services_a3c7270a.apk Binary XML file line #471
06-21 14:23:20.507 32539  4621 W PackageParser: Unknown element under <manifest>: attribution at /storage/emulated/0/Download/Google_Play_services_a3c7270a.apk Binary XML file line #474
